Archive member included to satisfy reference by file (symbol)

c:/st/stm32cubeide_1.8.0/stm32cubeide/plugins/com.st.stm32cube.ide.mcu.externaltools.gnu-tools-for-stm32.9-2020-q2-update.win32_2.0.0.202105311346/tools/bin/../lib/gcc/arm-none-eabi/9.3.1/../../../../arm-none-eabi/lib/thumb/v7-m/nofp\libc_nano.a(lib_a-errno.o)
                              ./Src/syscalls.o (__errno)
c:/st/stm32cubeide_1.8.0/stm32cubeide/plugins/com.st.stm32cube.ide.mcu.externaltools.gnu-tools-for-stm32.9-2020-q2-update.win32_2.0.0.202105311346/tools/bin/../lib/gcc/arm-none-eabi/9.3.1/../../../../arm-none-eabi/lib/thumb/v7-m/nofp\libc_nano.a(lib_a-exit.o)
                              c:/st/stm32cubeide_1.8.0/stm32cubeide/plugins/com.st.stm32cube.ide.mcu.externaltools.gnu-tools-for-stm32.9-2020-q2-update.win32_2.0.0.202105311346/tools/bin/../lib/gcc/arm-none-eabi/9.3.1/../../../../arm-none-eabi/lib/thumb/v7-m/nofp/crt0.o (exit)
c:/st/stm32cubeide_1.8.0/stm32cubeide/plugins/com.st.stm32cube.ide.mcu.externaltools.gnu-tools-for-stm32.9-2020-q2-update.win32_2.0.0.202105311346/tools/bin/../lib/gcc/arm-none-eabi/9.3.1/../../../../arm-none-eabi/lib/thumb/v7-m/nofp\libc_nano.a(lib_a-impure.o)
                              c:/st/stm32cubeide_1.8.0/stm32cubeide/plugins/com.st.stm32cube.ide.mcu.externaltools.gnu-tools-for-stm32.9-2020-q2-update.win32_2.0.0.202105311346/tools/bin/../lib/gcc/arm-none-eabi/9.3.1/../../../../arm-none-eabi/lib/thumb/v7-m/nofp\libc_nano.a(lib_a-exit.o) (_global_impure_ptr)
c:/st/stm32cubeide_1.8.0/stm32cubeide/plugins/com.st.stm32cube.ide.mcu.externaltools.gnu-tools-for-stm32.9-2020-q2-update.win32_2.0.0.202105311346/tools/bin/../lib/gcc/arm-none-eabi/9.3.1/../../../../arm-none-eabi/lib/thumb/v7-m/nofp\libc_nano.a(lib_a-init.o)
                              c:/st/stm32cubeide_1.8.0/stm32cubeide/plugins/com.st.stm32cube.ide.mcu.externaltools.gnu-tools-for-stm32.9-2020-q2-update.win32_2.0.0.202105311346/tools/bin/../lib/gcc/arm-none-eabi/9.3.1/../../../../arm-none-eabi/lib/thumb/v7-m/nofp/crt0.o (__libc_init_array)
c:/st/stm32cubeide_1.8.0/stm32cubeide/plugins/com.st.stm32cube.ide.mcu.externaltools.gnu-tools-for-stm32.9-2020-q2-update.win32_2.0.0.202105311346/tools/bin/../lib/gcc/arm-none-eabi/9.3.1/../../../../arm-none-eabi/lib/thumb/v7-m/nofp\libc_nano.a(lib_a-memset.o)
                              c:/st/stm32cubeide_1.8.0/stm32cubeide/plugins/com.st.stm32cube.ide.mcu.externaltools.gnu-tools-for-stm32.9-2020-q2-update.win32_2.0.0.202105311346/tools/bin/../lib/gcc/arm-none-eabi/9.3.1/../../../../arm-none-eabi/lib/thumb/v7-m/nofp/crt0.o (memset)

Allocating common symbols
Common symbol       size              file

dma                 0xc               ./Src/main.o
mosi2               0x8               ./Src/main.o
nss1                0x8               ./Src/main.o
spi2                0x10              ./Src/main.o
DMA1_1_CallbackFnPtr
                    0x4               ./Src/Drivers/DMA/DMA.o
miso2               0x8               ./Src/main.o
sck1                0x8               ./Src/main.o
receiveArray        0x2               ./Src/main.o
DMA1_3_CallbackFnPtr
                    0x4               ./Src/Drivers/DMA/DMA.o
mosi1               0x8               ./Src/main.o
DMA1_5_CallbackFnPtr
                    0x4               ./Src/Drivers/DMA/DMA.o
SYSTICK_OverflowCounter
                    0x4               ./Src/CortexM3/SYSTICK_M3.o
miso1               0x8               ./Src/main.o
SYSTICK_CallBackFunction
                    0x4               ./Src/CortexM3/SYSTICK_M3.o
DMA1_2_CallbackFnPtr
                    0x4               ./Src/Drivers/DMA/DMA.o
sck2                0x8               ./Src/main.o
DMA1_7_CallbackFnPtr
                    0x4               ./Src/Drivers/DMA/DMA.o
DMA1_4_CallbackFnPtr
                    0x4               ./Src/Drivers/DMA/DMA.o
SYSTICK_NumOfOverflows
                    0x4               ./Src/CortexM3/SYSTICK_M3.o
nss2                0x8               ./Src/main.o
spi1                0x10              ./Src/main.o
DMA1_6_CallbackFnPtr
                    0x4               ./Src/Drivers/DMA/DMA.o

Discarded input sections

 .text          0x0000000000000000        0x0 c:/st/stm32cubeide_1.8.0/stm32cubeide/plugins/com.st.stm32cube.ide.mcu.externaltools.gnu-tools-for-stm32.9-2020-q2-update.win32_2.0.0.202105311346/tools/bin/../lib/gcc/arm-none-eabi/9.3.1/thumb/v7-m/nofp/crti.o
 .data          0x0000000000000000        0x0 c:/st/stm32cubeide_1.8.0/stm32cubeide/plugins/com.st.stm32cube.ide.mcu.externaltools.gnu-tools-for-stm32.9-2020-q2-update.win32_2.0.0.202105311346/tools/bin/../lib/gcc/arm-none-eabi/9.3.1/thumb/v7-m/nofp/crti.o
 .bss           0x0000000000000000        0x0 c:/st/stm32cubeide_1.8.0/stm32cubeide/plugins/com.st.stm32cube.ide.mcu.externaltools.gnu-tools-for-stm32.9-2020-q2-update.win32_2.0.0.202105311346/tools/bin/../lib/gcc/arm-none-eabi/9.3.1/thumb/v7-m/nofp/crti.o
 .data          0x0000000000000000        0x4 c:/st/stm32cubeide_1.8.0/stm32cubeide/plugins/com.st.stm32cube.ide.mcu.externaltools.gnu-tools-for-stm32.9-2020-q2-update.win32_2.0.0.202105311346/tools/bin/../lib/gcc/arm-none-eabi/9.3.1/thumb/v7-m/nofp/crtbegin.o
 .text          0x0000000000000000       0x7c c:/st/stm32cubeide_1.8.0/stm32cubeide/plugins/com.st.stm32cube.ide.mcu.externaltools.gnu-tools-for-stm32.9-2020-q2-update.win32_2.0.0.202105311346/tools/bin/../lib/gcc/arm-none-eabi/9.3.1/../../../../arm-none-eabi/lib/thumb/v7-m/nofp/crt0.o
 .data          0x0000000000000000        0x0 c:/st/stm32cubeide_1.8.0/stm32cubeide/plugins/com.st.stm32cube.ide.mcu.externaltools.gnu-tools-for-stm32.9-2020-q2-update.win32_2.0.0.202105311346/tools/bin/../lib/gcc/arm-none-eabi/9.3.1/../../../../arm-none-eabi/lib/thumb/v7-m/nofp/crt0.o
 .bss           0x0000000000000000        0x0 c:/st/stm32cubeide_1.8.0/stm32cubeide/plugins/com.st.stm32cube.ide.mcu.externaltools.gnu-tools-for-stm32.9-2020-q2-update.win32_2.0.0.202105311346/tools/bin/../lib/gcc/arm-none-eabi/9.3.1/../../../../arm-none-eabi/lib/thumb/v7-m/nofp/crt0.o
 .ARM.extab     0x0000000000000000        0x0 c:/st/stm32cubeide_1.8.0/stm32cubeide/plugins/com.st.stm32cube.ide.mcu.externaltools.gnu-tools-for-stm32.9-2020-q2-update.win32_2.0.0.202105311346/tools/bin/../lib/gcc/arm-none-eabi/9.3.1/../../../../arm-none-eabi/lib/thumb/v7-m/nofp/crt0.o
 .ARM.exidx     0x0000000000000000       0x10 c:/st/stm32cubeide_1.8.0/stm32cubeide/plugins/com.st.stm32cube.ide.mcu.externaltools.gnu-tools-for-stm32.9-2020-q2-update.win32_2.0.0.202105311346/tools/bin/../lib/gcc/arm-none-eabi/9.3.1/../../../../arm-none-eabi/lib/thumb/v7-m/nofp/crt0.o
 .ARM.attributes
                0x0000000000000000       0x1b c:/st/stm32cubeide_1.8.0/stm32cubeide/plugins/com.st.stm32cube.ide.mcu.externaltools.gnu-tools-for-stm32.9-2020-q2-update.win32_2.0.0.202105311346/tools/bin/../lib/gcc/arm-none-eabi/9.3.1/../../../../arm-none-eabi/lib/thumb/v7-m/nofp/crt0.o
 .group         0x0000000000000000        0xc ./Src/CortexM3/Cortex_M3_Core.o
 .group         0x0000000000000000        0xc ./Src/CortexM3/Cortex_M3_Core.o
 .group         0x0000000000000000        0xc ./Src/CortexM3/Cortex_M3_Core.o
 .text          0x0000000000000000        0x0 ./Src/CortexM3/Cortex_M3_Core.o
 .data          0x0000000000000000        0x0 ./Src/CortexM3/Cortex_M3_Core.o
 .bss           0x0000000000000000        0x0 ./Src/CortexM3/Cortex_M3_Core.o
 .text.NVIC_SetEnableInterrupt
                0x0000000000000000       0x44 ./Src/CortexM3/Cortex_M3_Core.o
 .text.NVIC_ClearEnableInterrupt
                0x0000000000000000       0x50 ./Src/CortexM3/Cortex_M3_Core.o
 .text.NVIC_SetPendingInterrupt
                0x0000000000000000       0x50 ./Src/CortexM3/Cortex_M3_Core.o
 .text.NVIC_ClearPendingInterrupt
                0x0000000000000000       0x50 ./Src/CortexM3/Cortex_M3_Core.o
 .text.NVIC_IsActiveInterrupt
                0x0000000000000000       0x34 ./Src/CortexM3/Cortex_M3_Core.o
 .text.NVIC_SetPriority
                0x0000000000000000       0x2c ./Src/CortexM3/Cortex_M3_Core.o
 .debug_info    0x0000000000000000      0x3f2 ./Src/CortexM3/Cortex_M3_Core.o
 .debug_abbrev  0x0000000000000000      0x10f ./Src/CortexM3/Cortex_M3_Core.o
 .debug_aranges
                0x0000000000000000       0x48 ./Src/CortexM3/Cortex_M3_Core.o
 .debug_ranges  0x0000000000000000       0x38 ./Src/CortexM3/Cortex_M3_Core.o
 .debug_macro   0x0000000000000000       0x29 ./Src/CortexM3/Cortex_M3_Core.o
 .debug_macro   0x0000000000000000      0xaa2 ./Src/CortexM3/Cortex_M3_Core.o
 .debug_macro   0x0000000000000000       0x3a ./Src/CortexM3/Cortex_M3_Core.o
 .debug_macro   0x0000000000000000       0x16 ./Src/CortexM3/Cortex_M3_Core.o
 .debug_line    0x0000000000000000      0x13f ./Src/CortexM3/Cortex_M3_Core.o
 .debug_str     0x0000000000000000     0x37e1 ./Src/CortexM3/Cortex_M3_Core.o
 .comment       0x0000000000000000       0x54 ./Src/CortexM3/Cortex_M3_Core.o
 .debug_frame   0x0000000000000000      0x100 ./Src/CortexM3/Cortex_M3_Core.o
 .ARM.attributes
                0x0000000000000000       0x2d ./Src/CortexM3/Cortex_M3_Core.o
 .group         0x0000000000000000        0xc ./Src/CortexM3/SYSTICK_M3.o
 .group         0x0000000000000000        0xc ./Src/CortexM3/SYSTICK_M3.o
 .group         0x0000000000000000        0xc ./Src/CortexM3/SYSTICK_M3.o
 .text          0x0000000000000000        0x0 ./Src/CortexM3/SYSTICK_M3.o
 .data          0x0000000000000000        0x0 ./Src/CortexM3/SYSTICK_M3.o
 .bss           0x0000000000000000        0x0 ./Src/CortexM3/SYSTICK_M3.o
 .text.SYSTICK_DeInit
                0x0000000000000000       0x30 ./Src/CortexM3/SYSTICK_M3.o
 .text.SYSTICK_DisableInterrupt
                0x0000000000000000       0x1c ./Src/CortexM3/SYSTICK_M3.o
 .text.SYSTICK_Start
                0x0000000000000000       0x34 ./Src/CortexM3/SYSTICK_M3.o
 .text.SYSTICK_StartTimer
                0x0000000000000000       0x48 ./Src/CortexM3/SYSTICK_M3.o
 .text.SYSTICK_Stop
                0x0000000000000000       0x1c ./Src/CortexM3/SYSTICK_M3.o
 .debug_macro   0x0000000000000000      0xaa2 ./Src/CortexM3/SYSTICK_M3.o
 .debug_macro   0x0000000000000000       0x3a ./Src/CortexM3/SYSTICK_M3.o
 .group         0x0000000000000000        0xc ./Src/Drivers/DMA/DMA.o
 .group         0x0000000000000000        0xc ./Src/Drivers/DMA/DMA.o
 .group         0x0000000000000000        0xc ./Src/Drivers/DMA/DMA.o
 .group         0x0000000000000000        0xc ./Src/Drivers/DMA/DMA.o
 .text          0x0000000000000000        0x0 ./Src/Drivers/DMA/DMA.o
 .data          0x0000000000000000        0x0 ./Src/Drivers/DMA/DMA.o
 .bss           0x0000000000000000        0x0 ./Src/Drivers/DMA/DMA.o
 .text.DMA_Init
                0x0000000000000000      0x160 ./Src/Drivers/DMA/DMA.o
 .text.DMA_SetPeriphAddress
                0x0000000000000000       0x34 ./Src/Drivers/DMA/DMA.o
 .text.DMA_SetMemoryAddress
                0x0000000000000000       0x34 ./Src/Drivers/DMA/DMA.o
 .text.DMA_Start
                0x0000000000000000       0x34 ./Src/Drivers/DMA/DMA.o
 .text.DMA_Stop
                0x0000000000000000       0x34 ./Src/Drivers/DMA/DMA.o
 .text.DMA_SetDataCounter
                0x0000000000000000       0x2e ./Src/Drivers/DMA/DMA.o
 .text.DMA_Transfer
                0x0000000000000000       0x46 ./Src/Drivers/DMA/DMA.o
 .text.DMA_SetCallBackFn
                0x0000000000000000       0x78 ./Src/Drivers/DMA/DMA.o
 .text.DMA2_Channel4_IRQHandler
                0x0000000000000000        0xc ./Src/Drivers/DMA/DMA.o
 .text.DMA2_Channel5_IRQHandler
                0x0000000000000000        0xc ./Src/Drivers/DMA/DMA.o
 .text.DMA2_Channel6_IRQHandler
                0x0000000000000000        0xc ./Src/Drivers/DMA/DMA.o
 .debug_macro   0x0000000000000000      0xaa2 ./Src/Drivers/DMA/DMA.o
 .debug_macro   0x0000000000000000       0x3a ./Src/Drivers/DMA/DMA.o
 .group         0x0000000000000000        0xc ./Src/Drivers/GPIO/GPIO.o
 .group         0x0000000000000000        0xc ./Src/Drivers/GPIO/GPIO.o
 .group         0x0000000000000000        0xc ./Src/Drivers/GPIO/GPIO.o
 .group         0x0000000000000000        0xc ./Src/Drivers/GPIO/GPIO.o
 .text          0x0000000000000000        0x0 ./Src/Drivers/GPIO/GPIO.o
 .data          0x0000000000000000        0x0 ./Src/Drivers/GPIO/GPIO.o
 .bss           0x0000000000000000        0x0 ./Src/Drivers/GPIO/GPIO.o
 .text.GPIO_WritePin
                0x0000000000000000       0x70 ./Src/Drivers/GPIO/GPIO.o
 .text.GPIO_ReadPin
                0x0000000000000000       0x3c ./Src/Drivers/GPIO/GPIO.o
 .text.GPIO_TogglePin
                0x0000000000000000       0x6e ./Src/Drivers/GPIO/GPIO.o
 .debug_macro   0x0000000000000000      0xaa2 ./Src/Drivers/GPIO/GPIO.o
 .debug_macro   0x0000000000000000       0x22 ./Src/Drivers/GPIO/GPIO.o
 .debug_macro   0x0000000000000000       0x3a ./Src/Drivers/GPIO/GPIO.o
 .group         0x0000000000000000        0xc ./Src/Drivers/RCC/RCC.o
 .group         0x0000000000000000        0xc ./Src/Drivers/RCC/RCC.o
 .group         0x0000000000000000        0xc ./Src/Drivers/RCC/RCC.o
 .group         0x0000000000000000        0xc ./Src/Drivers/RCC/RCC.o
 .text          0x0000000000000000        0x0 ./Src/Drivers/RCC/RCC.o
 .data          0x0000000000000000        0x0 ./Src/Drivers/RCC/RCC.o
 .bss           0x0000000000000000        0x0 ./Src/Drivers/RCC/RCC.o
 .text.RCC_Init
                0x0000000000000000       0xa8 ./Src/Drivers/RCC/RCC.o
 .debug_info    0x0000000000000000      0x1d0 ./Src/Drivers/RCC/RCC.o
 .debug_abbrev  0x0000000000000000       0xbf ./Src/Drivers/RCC/RCC.o
 .debug_aranges
                0x0000000000000000       0x20 ./Src/Drivers/RCC/RCC.o
 .debug_ranges  0x0000000000000000       0x10 ./Src/Drivers/RCC/RCC.o
 .debug_macro   0x0000000000000000       0x32 ./Src/Drivers/RCC/RCC.o
 .debug_macro   0x0000000000000000      0xaa2 ./Src/Drivers/RCC/RCC.o
 .debug_macro   0x0000000000000000       0x3a ./Src/Drivers/RCC/RCC.o
 .debug_macro   0x0000000000000000       0x22 ./Src/Drivers/RCC/RCC.o
 .debug_macro   0x0000000000000000      0x19c ./Src/Drivers/RCC/RCC.o
 .debug_line    0x0000000000000000       0xc8 ./Src/Drivers/RCC/RCC.o
 .debug_str     0x0000000000000000     0x39eb ./Src/Drivers/RCC/RCC.o
 .comment       0x0000000000000000       0x54 ./Src/Drivers/RCC/RCC.o
 .debug_frame   0x0000000000000000       0x38 ./Src/Drivers/RCC/RCC.o
 .ARM.attributes
                0x0000000000000000       0x2d ./Src/Drivers/RCC/RCC.o
 .group         0x0000000000000000        0xc ./Src/Drivers/SPI/SPI.o
 .group         0x0000000000000000        0xc ./Src/Drivers/SPI/SPI.o
 .group         0x0000000000000000        0xc ./Src/Drivers/SPI/SPI.o
 .group         0x0000000000000000        0xc ./Src/Drivers/SPI/SPI.o
 .text          0x0000000000000000        0x0 ./Src/Drivers/SPI/SPI.o
 .data          0x0000000000000000        0x0 ./Src/Drivers/SPI/SPI.o
 .bss           0x0000000000000000        0x0 ./Src/Drivers/SPI/SPI.o
 .text.SPI_Receive
                0x0000000000000000       0x9c ./Src/Drivers/SPI/SPI.o
 .debug_macro   0x0000000000000000      0xaa2 ./Src/Drivers/SPI/SPI.o
 .debug_macro   0x0000000000000000       0x22 ./Src/Drivers/SPI/SPI.o
 .debug_macro   0x0000000000000000       0x3a ./Src/Drivers/SPI/SPI.o
 .group         0x0000000000000000        0xc ./Src/main.o
 .group         0x0000000000000000        0xc ./Src/main.o
 .group         0x0000000000000000        0xc ./Src/main.o
 .group         0x0000000000000000        0xc ./Src/main.o
 .group         0x0000000000000000        0xc ./Src/main.o
 .group         0x0000000000000000        0xc ./Src/main.o
 .group         0x0000000000000000        0xc ./Src/main.o
 .group         0x0000000000000000        0xc ./Src/main.o
 .group         0x0000000000000000        0xc ./Src/main.o
 .group         0x0000000000000000        0xc ./Src/main.o
 .group         0x0000000000000000        0xc ./Src/main.o
 .group         0x0000000000000000        0xc ./Src/main.o
 .group         0x0000000000000000        0xc ./Src/main.o
 .group         0x0000000000000000        0xc ./Src/main.o
 .group         0x0000000000000000        0xc ./Src/main.o
 .text          0x0000000000000000        0x0 ./Src/main.o
 .data          0x0000000000000000        0x0 ./Src/main.o
 .bss           0x0000000000000000        0x0 ./Src/main.o
 .text.Clock_Config
                0x0000000000000000       0x64 ./Src/main.o
 .text.blinkLed
                0x0000000000000000       0x1c ./Src/main.o
 .text.DMA1_1_CallbackFn
                0x0000000000000000       0x30 ./Src/main.o
 .debug_macro   0x0000000000000000      0xaa2 ./Src/main.o
 .debug_macro   0x0000000000000000       0x3a ./Src/main.o
 .debug_macro   0x0000000000000000       0x16 ./Src/main.o
 .debug_macro   0x0000000000000000       0x22 ./Src/main.o
 .debug_macro   0x0000000000000000       0x40 ./Src/main.o
 .group         0x0000000000000000        0xc ./Src/syscalls.o
 .group         0x0000000000000000        0xc ./Src/syscalls.o
 .group         0x0000000000000000        0xc ./Src/syscalls.o
 .group         0x0000000000000000        0xc ./Src/syscalls.o
 .group         0x0000000000000000        0xc ./Src/syscalls.o
 .group         0x0000000000000000        0xc ./Src/syscalls.o
 .group         0x0000000000000000        0xc ./Src/syscalls.o
 .group         0x0000000000000000        0xc ./Src/syscalls.o
 .group         0x0000000000000000        0xc ./Src/syscalls.o
 .group         0x0000000000000000        0xc ./Src/syscalls.o
 .group         0x0000000000000000        0xc ./Src/syscalls.o
 .group         0x0000000000000000        0xc ./Src/syscalls.o
 .group         0x0000000000000000        0xc ./Src/syscalls.o
 .group         0x0000000000000000        0xc ./Src/syscalls.o
 .group         0x0000000000000000        0xc ./Src/syscalls.o
 .group         0x0000000000000000        0xc ./Src/syscalls.o
 .group         0x0000000000000000        0xc ./Src/syscalls.o
 .group         0x0000000000000000        0xc ./Src/syscalls.o
 .group         0x0000000000000000        0xc ./Src/syscalls.o
 .group         0x0000000000000000        0xc ./Src/syscalls.o
 .group         0x0000000000000000        0xc ./Src/syscalls.o
 .group         0x0000000000000000        0xc ./Src/syscalls.o
 .group         0x0000000000000000        0xc ./Src/syscalls.o
 .group         0x0000000000000000        0xc ./Src/syscalls.o
 .group         0x0000000000000000        0xc ./Src/syscalls.o
 .group         0x0000000000000000        0xc ./Src/syscalls.o
 .group         0x0000000000000000        0xc ./Src/syscalls.o
 .group         0x0000000000000000        0xc ./Src/syscalls.o
 .group         0x0000000000000000        0xc ./Src/syscalls.o
 .group         0x0000000000000000        0xc ./Src/syscalls.o
 .group         0x0000000000000000        0xc ./Src/syscalls.o
 .group         0x0000000000000000        0xc ./Src/syscalls.o
 .group         0x0000000000000000        0xc ./Src/syscalls.o
 .group         0x0000000000000000        0xc ./Src/syscalls.o
 .group         0x0000000000000000        0xc ./Src/syscalls.o
 .group         0x0000000000000000        0xc ./Src/syscalls.o
 .group         0x0000000000000000        0xc ./Src/syscalls.o
 .group         0x0000000000000000        0xc ./Src/syscalls.o
 .group         0x0000000000000000        0xc ./Src/syscalls.o
 .group         0x0000000000000000        0xc ./Src/syscalls.o
 .group         0x0000000000000000        0xc ./Src/syscalls.o
 .group         0x0000000000000000        0xc ./Src/syscalls.o
 .group         0x0000000000000000        0xc ./Src/syscalls.o
 .group         0x0000000000000000        0xc ./Src/syscalls.o
 .group         0x0000000000000000        0xc ./Src/syscalls.o
 .group         0x0000000000000000        0xc ./Src/syscalls.o
 .group         0x0000000000000000        0xc ./Src/syscalls.o
 .text          0x0000000000000000        0x0 ./Src/syscalls.o
 .data          0x0000000000000000        0x0 ./Src/syscalls.o
 .bss           0x0000000000000000        0x0 ./Src/syscalls.o
 .bss.__env     0x0000000000000000        0x4 ./Src/syscalls.o
 .data.environ  0x0000000000000000        0x4 ./Src/syscalls.o
 .text.initialise_monitor_handles
                0x0000000000000000        0xc ./Src/syscalls.o
 .text._getpid  0x0000000000000000        0xe ./Src/syscalls.o
 .text._kill    0x0000000000000000       0x20 ./Src/syscalls.o
 .text._exit    0x0000000000000000       0x14 ./Src/syscalls.o
 .text._read    0x0000000000000000       0x3a ./Src/syscalls.o
 .text._write   0x0000000000000000       0x38 ./Src/syscalls.o
 .text._close   0x0000000000000000       0x16 ./Src/syscalls.o
 .text._fstat   0x0000000000000000       0x1e ./Src/syscalls.o
 .text._isatty  0x0000000000000000       0x14 ./Src/syscalls.o
 .text._lseek   0x0000000000000000       0x18 ./Src/syscalls.o
 .text._open    0x0000000000000000       0x1a ./Src/syscalls.o
 .text._wait    0x0000000000000000       0x1e ./Src/syscalls.o
 .text._unlink  0x0000000000000000       0x1e ./Src/syscalls.o
 .text._times   0x0000000000000000       0x16 ./Src/syscalls.o
 .text._stat    0x0000000000000000       0x1e ./Src/syscalls.o
 .text._link    0x0000000000000000       0x20 ./Src/syscalls.o
 .text._fork    0x0000000000000000       0x16 ./Src/syscalls.o
 .text._execve  0x0000000000000000       0x22 ./Src/syscalls.o
 .debug_info    0x0000000000000000      0xfa8 ./Src/syscalls.o
 .debug_abbrev  0x0000000000000000      0x286 ./Src/syscalls.o
 .debug_aranges
                0x0000000000000000       0xa8 ./Src/syscalls.o
 .debug_ranges  0x0000000000000000       0x98 ./Src/syscalls.o
 .debug_macro   0x0000000000000000      0x24c ./Src/syscalls.o
 .debug_macro   0x0000000000000000      0xaa2 ./Src/syscalls.o
 .debug_macro   0x0000000000000000       0x22 ./Src/syscalls.o
 .debug_macro   0x0000000000000000       0x4c ./Src/syscalls.o
 .debug_macro   0x0000000000000000       0x18 ./Src/syscalls.o
 .debug_macro   0x0000000000000000       0x94 ./Src/syscalls.o
 .debug_macro   0x0000000000000000       0x3c ./Src/syscalls.o
 .debug_macro   0x0000000000000000       0x34 ./Src/syscalls.o
 .debug_macro   0x0000000000000000       0x57 ./Src/syscalls.o
 .debug_macro   0x0000000000000000      0x174 ./Src/syscalls.o
 .debug_macro   0x0000000000000000      0x339 ./Src/syscalls.o
 .debug_macro   0x0000000000000000       0x16 ./Src/syscalls.o
 .debug_macro   0x0000000000000000       0x43 ./Src/syscalls.o
 .debug_macro   0x0000000000000000       0x34 ./Src/syscalls.o
 .debug_macro   0x0000000000000000       0x10 ./Src/syscalls.o
 .debug_macro   0x0000000000000000       0x58 ./Src/syscalls.o
 .debug_macro   0x0000000000000000       0x71 ./Src/syscalls.o
 .debug_macro   0x0000000000000000       0x1c ./Src/syscalls.o
 .debug_macro   0x0000000000000000      0x12a ./Src/syscalls.o
 .debug_macro   0x0000000000000000       0x10 ./Src/syscalls.o
 .debug_macro   0x0000000000000000       0x35 ./Src/syscalls.o
 .debug_macro   0x0000000000000000       0x10 ./Src/syscalls.o
 .debug_macro   0x0000000000000000       0x10 ./Src/syscalls.o
 .debug_macro   0x0000000000000000       0x10 ./Src/syscalls.o
 .debug_macro   0x0000000000000000       0x6a ./Src/syscalls.o
 .debug_macro   0x0000000000000000       0x1c ./Src/syscalls.o
 .debug_macro   0x0000000000000000       0x52 ./Src/syscalls.o
 .debug_macro   0x0000000000000000       0x22 ./Src/syscalls.o
 .debug_macro   0x0000000000000000       0x10 ./Src/syscalls.o
 .debug_macro   0x0000000000000000       0x40 ./Src/syscalls.o
 .debug_macro   0x0000000000000000       0xd5 ./Src/syscalls.o
 .debug_macro   0x0000000000000000       0x1c ./Src/syscalls.o
 .debug_macro   0x0000000000000000       0x3d ./Src/syscalls.o
 .debug_macro   0x0000000000000000       0x35 ./Src/syscalls.o
 .debug_macro   0x0000000000000000      0x12c ./Src/syscalls.o
 .debug_macro   0x0000000000000000       0x16 ./Src/syscalls.o
 .debug_macro   0x0000000000000000       0x16 ./Src/syscalls.o
 .debug_macro   0x0000000000000000       0x29 ./Src/syscalls.o
 .debug_macro   0x0000000000000000       0x10 ./Src/syscalls.o
 .debug_macro   0x0000000000000000      0x241 ./Src/syscalls.o
 .debug_macro   0x0000000000000000       0x1c ./Src/syscalls.o
 .debug_macro   0x0000000000000000       0x10 ./Src/syscalls.o
 .debug_macro   0x0000000000000000       0x10 ./Src/syscalls.o
 .debug_macro   0x0000000000000000       0x16 ./Src/syscalls.o
 .debug_macro   0x0000000000000000      0x145 ./Src/syscalls.o
 .debug_macro   0x0000000000000000      0x189 ./Src/syscalls.o
 .debug_macro   0x0000000000000000       0x16 ./Src/syscalls.o
 .debug_macro   0x0000000000000000       0xce ./Src/syscalls.o
 .debug_line    0x0000000000000000      0x7fd ./Src/syscalls.o
 .debug_str     0x0000000000000000     0x8e81 ./Src/syscalls.o
 .comment       0x0000000000000000       0x54 ./Src/syscalls.o
 .debug_frame   0x0000000000000000      0x2ac ./Src/syscalls.o
 .ARM.attributes
                0x0000000000000000       0x2d ./Src/syscalls.o
 .group         0x0000000000000000        0xc ./Src/sysmem.o
 .group         0x0000000000000000        0xc ./Src/sysmem.o
 .group         0x0000000000000000        0xc ./Src/sysmem.o
 .group         0x0000000000000000        0xc ./Src/sysmem.o
 .group         0x0000000000000000        0xc ./Src/sysmem.o
 .group         0x0000000000000000        0xc ./Src/sysmem.o
 .group         0x0000000000000000        0xc ./Src/sysmem.o
 .group         0x0000000000000000        0xc ./Src/sysmem.o
 .group         0x0000000000000000        0xc ./Src/sysmem.o
 .group         0x0000000000000000        0xc ./Src/sysmem.o
 .group         0x0000000000000000        0xc ./Src/sysmem.o
 .group         0x0000000000000000        0xc ./Src/sysmem.o
 .group         0x0000000000000000        0xc ./Src/sysmem.o
 .group         0x0000000000000000        0xc ./Src/sysmem.o
 .group         0x0000000000000000        0xc ./Src/sysmem.o
 .group         0x0000000000000000        0xc ./Src/sysmem.o
 .group         0x0000000000000000        0xc ./Src/sysmem.o
 .group         0x0000000000000000        0xc ./Src/sysmem.o
 .group         0x0000000000000000        0xc ./Src/sysmem.o
 .group         0x0000000000000000        0xc ./Src/sysmem.o
 .group         0x0000000000000000        0xc ./Src/sysmem.o
 .group         0x0000000000000000        0xc ./Src/sysmem.o
 .text          0x0000000000000000        0x0 ./Src/sysmem.o
 .data          0x0000000000000000        0x0 ./Src/sysmem.o
 .bss           0x0000000000000000        0x0 ./Src/sysmem.o
 .bss.__sbrk_heap_end
                0x0000000000000000        0x4 ./Src/sysmem.o
 .text._sbrk    0x0000000000000000       0x6c ./Src/sysmem.o
 .debug_info    0x0000000000000000      0xa25 ./Src/sysmem.o
 .debug_abbrev  0x0000000000000000      0x1bf ./Src/sysmem.o
 .debug_aranges
                0x0000000000000000       0x20 ./Src/sysmem.o
 .debug_ranges  0x0000000000000000       0x10 ./Src/sysmem.o
 .debug_macro   0x0000000000000000       0xff ./Src/sysmem.o
 .debug_macro   0x0000000000000000      0xaa2 ./Src/sysmem.o
 .debug_macro   0x0000000000000000       0x10 ./Src/sysmem.o
 .debug_macro   0x0000000000000000       0x22 ./Src/sysmem.o
 .debug_macro   0x0000000000000000       0x4c ./Src/sysmem.o
 .debug_macro   0x0000000000000000       0x18 ./Src/sysmem.o
 .debug_macro   0x0000000000000000       0x94 ./Src/sysmem.o
 .debug_macro   0x0000000000000000       0x3c ./Src/sysmem.o
 .debug_macro   0x0000000000000000       0x34 ./Src/sysmem.o
 .debug_macro   0x0000000000000000      0x174 ./Src/sysmem.o
 .debug_macro   0x0000000000000000       0x16 ./Src/sysmem.o
 .debug_macro   0x0000000000000000       0x43 ./Src/sysmem.o
 .debug_macro   0x0000000000000000       0x57 ./Src/sysmem.o
 .debug_macro   0x0000000000000000       0x34 ./Src/sysmem.o
 .debug_macro   0x0000000000000000       0x10 ./Src/sysmem.o
 .debug_macro   0x0000000000000000       0x58 ./Src/sysmem.o
 .debug_macro   0x0000000000000000       0x71 ./Src/sysmem.o
 .debug_macro   0x0000000000000000       0x1c ./Src/sysmem.o
 .debug_macro   0x0000000000000000      0x12a ./Src/sysmem.o
 .debug_macro   0x0000000000000000      0x23b ./Src/sysmem.o
 .debug_macro   0x0000000000000000      0x103 ./Src/sysmem.o
 .debug_macro   0x0000000000000000       0x6a ./Src/sysmem.o
 .debug_macro   0x0000000000000000      0x1df ./Src/sysmem.o
 .debug_line    0x0000000000000000      0x4f3 ./Src/sysmem.o
 .debug_str     0x0000000000000000     0x6254 ./Src/sysmem.o
 .comment       0x0000000000000000       0x54 ./Src/sysmem.o
 .debug_frame   0x0000000000000000       0x34 ./Src/sysmem.o
 .ARM.attributes
                0x0000000000000000       0x2d ./Src/sysmem.o
 .text          0x0000000000000000       0x14 ./Startup/startup_stm32f103c6tx.o
 .data          0x0000000000000000        0x0 ./Startup/startup_stm32f103c6tx.o
 .bss           0x0000000000000000        0x0 ./Startup/startup_stm32f103c6tx.o
 .text          0x0000000000000000        0x0 c:/st/stm32cubeide_1.8.0/stm32cubeide/plugins/com.st.stm32cube.ide.mcu.externaltools.gnu-tools-for-stm32.9-2020-q2-update.win32_2.0.0.202105311346/tools/bin/../lib/gcc/arm-none-eabi/9.3.1/../../../../arm-none-eabi/lib/thumb/v7-m/nofp\libc_nano.a(lib_a-errno.o)
 .data          0x0000000000000000        0x0 c:/st/stm32cubeide_1.8.0/stm32cubeide/plugins/com.st.stm32cube.ide.mcu.externaltools.gnu-tools-for-stm32.9-2020-q2-update.win32_2.0.0.202105311346/tools/bin/../lib/gcc/arm-none-eabi/9.3.1/../../../../arm-none-eabi/lib/thumb/v7-m/nofp\libc_nano.a(lib_a-errno.o)
 .bss           0x0000000000000000        0x0 c:/st/stm32cubeide_1.8.0/stm32cubeide/plugins/com.st.stm32cube.ide.mcu.externaltools.gnu-tools-for-stm32.9-2020-q2-update.win32_2.0.0.202105311346/tools/bin/../lib/gcc/arm-none-eabi/9.3.1/../../../../arm-none-eabi/lib/thumb/v7-m/nofp\libc_nano.a(lib_a-errno.o)
 .text.__errno  0x0000000000000000        0xc c:/st/stm32cubeide_1.8.0/stm32cubeide/plugins/com.st.stm32cube.ide.mcu.externaltools.gnu-tools-for-stm32.9-2020-q2-update.win32_2.0.0.202105311346/tools/bin/../lib/gcc/arm-none-eabi/9.3.1/../../../../arm-none-eabi/lib/thumb/v7-m/nofp\libc_nano.a(lib_a-errno.o)
 .debug_frame   0x0000000000000000       0x20 c:/st/stm32cubeide_1.8.0/stm32cubeide/plugins/com.st.stm32cube.ide.mcu.externaltools.gnu-tools-for-stm32.9-2020-q2-update.win32_2.0.0.202105311346/tools/bin/../lib/gcc/arm-none-eabi/9.3.1/../../../../arm-none-eabi/lib/thumb/v7-m/nofp\libc_nano.a(lib_a-errno.o)
 .ARM.attributes
                0x0000000000000000       0x2d c:/st/stm32cubeide_1.8.0/stm32cubeide/plugins/com.st.stm32cube.ide.mcu.externaltools.gnu-tools-for-stm32.9-2020-q2-update.win32_2.0.0.202105311346/tools/bin/../lib/gcc/arm-none-eabi/9.3.1/../../../../arm-none-eabi/lib/thumb/v7-m/nofp\libc_nano.a(lib_a-errno.o)
 .text          0x0000000000000000        0x0 c:/st/stm32cubeide_1.8.0/stm32cubeide/plugins/com.st.stm32cube.ide.mcu.externaltools.gnu-tools-for-stm32.9-2020-q2-update.win32_2.0.0.202105311346/tools/bin/../lib/gcc/arm-none-eabi/9.3.1/../../../../arm-none-eabi/lib/thumb/v7-m/nofp\libc_nano.a(lib_a-exit.o)
 .data          0x0000000000000000        0x0 c:/st/stm32cubeide_1.8.0/stm32cubeide/plugins/com.st.stm32cube.ide.mcu.externaltools.gnu-tools-for-stm32.9-2020-q2-update.win32_2.0.0.202105311346/tools/bin/../lib/gcc/arm-none-eabi/9.3.1/../../../../arm-none-eabi/lib/thumb/v7-m/nofp\libc_nano.a(lib_a-exit.o)
 .bss           0x0000000000000000        0x0 c:/st/stm32cubeide_1.8.0/stm32cubeide/plugins/com.st.stm32cube.ide.mcu.externaltools.gnu-tools-for-stm32.9-2020-q2-update.win32_2.0.0.202105311346/tools/bin/../lib/gcc/arm-none-eabi/9.3.1/../../../../arm-none-eabi/lib/thumb/v7-m/nofp\libc_nano.a(lib_a-exit.o)
 .text.exit     0x0000000000000000       0x28 c:/st/stm32cubeide_1.8.0/stm32cubeide/plugins/com.st.stm32cube.ide.mcu.externaltools.gnu-tools-for-stm32.9-2020-q2-update.win32_2.0.0.202105311346/tools/bin/../lib/gcc/arm-none-eabi/9.3.1/../../../../arm-none-eabi/lib/thumb/v7-m/nofp\libc_nano.a(lib_a-exit.o)
 .debug_frame   0x0000000000000000       0x28 c:/st/stm32cubeide_1.8.0/stm32cubeide/plugins/com.st.stm32cube.ide.mcu.externaltools.gnu-tools-for-stm32.9-2020-q2-update.win32_2.0.0.202105311346/tools/bin/../lib/gcc/arm-none-eabi/9.3.1/../../../../arm-none-eabi/lib/thumb/v7-m/nofp\libc_nano.a(lib_a-exit.o)
 .ARM.attributes
                0x0000000000000000       0x2d c:/st/stm32cubeide_1.8.0/stm32cubeide/plugins/com.st.stm32cube.ide.mcu.externaltools.gnu-tools-for-stm32.9-2020-q2-update.win32_2.0.0.202105311346/tools/bin/../lib/gcc/arm-none-eabi/9.3.1/../../../../arm-none-eabi/lib/thumb/v7-m/nofp\libc_nano.a(lib_a-exit.o)
 .text          0x0000000000000000        0x0 c:/st/stm32cubeide_1.8.0/stm32cubeide/plugins/com.st.stm32cube.ide.mcu.externaltools.gnu-tools-for-stm32.9-2020-q2-update.win32_2.0.0.202105311346/tools/bin/../lib/gcc/arm-none-eabi/9.3.1/../../../../arm-none-eabi/lib/thumb/v7-m/nofp\libc_nano.a(lib_a-impure.o)
 .data          0x0000000000000000        0x0 c:/st/stm32cubeide_1.8.0/stm32cubeide/plugins/com.st.stm32cube.ide.mcu.externaltools.gnu-tools-for-stm32.9-2020-q2-update.win32_2.0.0.202105311346/tools/bin/../lib/gcc/arm-none-eabi/9.3.1/../../../../arm-none-eabi/lib/thumb/v7-m/nofp\libc_nano.a(lib_a-impure.o)
 .bss           0x0000000000000000        0x0 c:/st/stm32cubeide_1.8.0/stm32cubeide/plugins/com.st.stm32cube.ide.mcu.externaltools.gnu-tools-for-stm32.9-2020-q2-update.win32_2.0.0.202105311346/tools/bin/../lib/gcc/arm-none-eabi/9.3.1/../../../../arm-none-eabi/lib/thumb/v7-m/nofp\libc_nano.a(lib_a-impure.o)
 .data._impure_ptr
                0x0000000000000000        0x4 c:/st/stm32cubeide_1.8.0/stm32cubeide/plugins/com.st.stm32cube.ide.mcu.externaltools.gnu-tools-for-stm32.9-2020-q2-update.win32_2.0.0.202105311346/tools/bin/../lib/gcc/arm-none-eabi/9.3.1/../../../../arm-none-eabi/lib/thumb/v7-m/nofp\libc_nano.a(lib_a-impure.o)
 .data.impure_data
                0x0000000000000000       0x60 c:/st/stm32cubeide_1.8.0/stm32cubeide/plugins/com.st.stm32cube.ide.mcu.externaltools.gnu-tools-for-stm32.9-2020-q2-update.win32_2.0.0.202105311346/tools/bin/../lib/gcc/arm-none-eabi/9.3.1/../../../../arm-none-eabi/lib/thumb/v7-m/nofp\libc_nano.a(lib_a-impure.o)
 .rodata._global_impure_ptr
                0x0000000000000000        0x4 c:/st/stm32cubeide_1.8.0/stm32cubeide/plugins/com.st.stm32cube.ide.mcu.externaltools.gnu-tools-for-stm32.9-2020-q2-update.win32_2.0.0.202105311346/tools/bin/../lib/gcc/arm-none-eabi/9.3.1/../../../../arm-none-eabi/lib/thumb/v7-m/nofp\libc_nano.a(lib_a-impure.o)
 .ARM.attributes
                0x0000000000000000       0x2d c:/st/stm32cubeide_1.8.0/stm32cubeide/plugins/com.st.stm32cube.ide.mcu.externaltools.gnu-tools-for-stm32.9-2020-q2-update.win32_2.0.0.202105311346/tools/bin/../lib/gcc/arm-none-eabi/9.3.1/../../../../arm-none-eabi/lib/thumb/v7-m/nofp\libc_nano.a(lib_a-impure.o)
 .text          0x0000000000000000        0x0 c:/st/stm32cubeide_1.8.0/stm32cubeide/plugins/com.st.stm32cube.ide.mcu.externaltools.gnu-tools-for-stm32.9-2020-q2-update.win32_2.0.0.202105311346/tools/bin/../lib/gcc/arm-none-eabi/9.3.1/../../../../arm-none-eabi/lib/thumb/v7-m/nofp\libc_nano.a(lib_a-init.o)
 .data          0x0000000000000000        0x0 c:/st/stm32cubeide_1.8.0/stm32cubeide/plugins/com.st.stm32cube.ide.mcu.externaltools.gnu-tools-for-stm32.9-2020-q2-update.win32_2.0.0.202105311346/tools/bin/../lib/gcc/arm-none-eabi/9.3.1/../../../../arm-none-eabi/lib/thumb/v7-m/nofp\libc_nano.a(lib_a-init.o)
 .bss           0x0000000000000000        0x0 c:/st/stm32cubeide_1.8.0/stm32cubeide/plugins/com.st.stm32cube.ide.mcu.externaltools.gnu-tools-for-stm32.9-2020-q2-update.win32_2.0.0.202105311346/tools/bin/../lib/gcc/arm-none-eabi/9.3.1/../../../../arm-none-eabi/lib/thumb/v7-m/nofp\libc_nano.a(lib_a-init.o)
 .text          0x0000000000000000        0x0 c:/st/stm32cubeide_1.8.0/stm32cubeide/plugins/com.st.stm32cube.ide.mcu.externaltools.gnu-tools-for-stm32.9-2020-q2-update.win32_2.0.0.202105311346/tools/bin/../lib/gcc/arm-none-eabi/9.3.1/../../../../arm-none-eabi/lib/thumb/v7-m/nofp\libc_nano.a(lib_a-memset.o)
 .data          0x0000000000000000        0x0 c:/st/stm32cubeide_1.8.0/stm32cubeide/plugins/com.st.stm32cube.ide.mcu.externaltools.gnu-tools-for-stm32.9-2020-q2-update.win32_2.0.0.202105311346/tools/bin/../lib/gcc/arm-none-eabi/9.3.1/../../../../arm-none-eabi/lib/thumb/v7-m/nofp\libc_nano.a(lib_a-memset.o)
 .bss           0x0000000000000000        0x0 c:/st/stm32cubeide_1.8.0/stm32cubeide/plugins/com.st.stm32cube.ide.mcu.externaltools.gnu-tools-for-stm32.9-2020-q2-update.win32_2.0.0.202105311346/tools/bin/../lib/gcc/arm-none-eabi/9.3.1/../../../../arm-none-eabi/lib/thumb/v7-m/nofp\libc_nano.a(lib_a-memset.o)
 .text.memset   0x0000000000000000       0x10 c:/st/stm32cubeide_1.8.0/stm32cubeide/plugins/com.st.stm32cube.ide.mcu.externaltools.gnu-tools-for-stm32.9-2020-q2-update.win32_2.0.0.202105311346/tools/bin/../lib/gcc/arm-none-eabi/9.3.1/../../../../arm-none-eabi/lib/thumb/v7-m/nofp\libc_nano.a(lib_a-memset.o)
 .debug_frame   0x0000000000000000       0x20 c:/st/stm32cubeide_1.8.0/stm32cubeide/plugins/com.st.stm32cube.ide.mcu.externaltools.gnu-tools-for-stm32.9-2020-q2-update.win32_2.0.0.202105311346/tools/bin/../lib/gcc/arm-none-eabi/9.3.1/../../../../arm-none-eabi/lib/thumb/v7-m/nofp\libc_nano.a(lib_a-memset.o)
 .ARM.attributes
                0x0000000000000000       0x2d c:/st/stm32cubeide_1.8.0/stm32cubeide/plugins/com.st.stm32cube.ide.mcu.externaltools.gnu-tools-for-stm32.9-2020-q2-update.win32_2.0.0.202105311346/tools/bin/../lib/gcc/arm-none-eabi/9.3.1/../../../../arm-none-eabi/lib/thumb/v7-m/nofp\libc_nano.a(lib_a-memset.o)
 .text          0x0000000000000000        0x0 c:/st/stm32cubeide_1.8.0/stm32cubeide/plugins/com.st.stm32cube.ide.mcu.externaltools.gnu-tools-for-stm32.9-2020-q2-update.win32_2.0.0.202105311346/tools/bin/../lib/gcc/arm-none-eabi/9.3.1/thumb/v7-m/nofp/crtend.o
 .data          0x0000000000000000        0x0 c:/st/stm32cubeide_1.8.0/stm32cubeide/plugins/com.st.stm32cube.ide.mcu.externaltools.gnu-tools-for-stm32.9-2020-q2-update.win32_2.0.0.202105311346/tools/bin/../lib/gcc/arm-none-eabi/9.3.1/thumb/v7-m/nofp/crtend.o
 .bss           0x0000000000000000        0x0 c:/st/stm32cubeide_1.8.0/stm32cubeide/plugins/com.st.stm32cube.ide.mcu.externaltools.gnu-tools-for-stm32.9-2020-q2-update.win32_2.0.0.202105311346/tools/bin/../lib/gcc/arm-none-eabi/9.3.1/thumb/v7-m/nofp/crtend.o
 .eh_frame      0x0000000000000000        0x4 c:/st/stm32cubeide_1.8.0/stm32cubeide/plugins/com.st.stm32cube.ide.mcu.externaltools.gnu-tools-for-stm32.9-2020-q2-update.win32_2.0.0.202105311346/tools/bin/../lib/gcc/arm-none-eabi/9.3.1/thumb/v7-m/nofp/crtend.o
 .ARM.attributes
                0x0000000000000000       0x2d c:/st/stm32cubeide_1.8.0/stm32cubeide/plugins/com.st.stm32cube.ide.mcu.externaltools.gnu-tools-for-stm32.9-2020-q2-update.win32_2.0.0.202105311346/tools/bin/../lib/gcc/arm-none-eabi/9.3.1/thumb/v7-m/nofp/crtend.o
 .text          0x0000000000000000        0x0 c:/st/stm32cubeide_1.8.0/stm32cubeide/plugins/com.st.stm32cube.ide.mcu.externaltools.gnu-tools-for-stm32.9-2020-q2-update.win32_2.0.0.202105311346/tools/bin/../lib/gcc/arm-none-eabi/9.3.1/thumb/v7-m/nofp/crtn.o
 .data          0x0000000000000000        0x0 c:/st/stm32cubeide_1.8.0/stm32cubeide/plugins/com.st.stm32cube.ide.mcu.externaltools.gnu-tools-for-stm32.9-2020-q2-update.win32_2.0.0.202105311346/tools/bin/../lib/gcc/arm-none-eabi/9.3.1/thumb/v7-m/nofp/crtn.o
 .bss           0x0000000000000000        0x0 c:/st/stm32cubeide_1.8.0/stm32cubeide/plugins/com.st.stm32cube.ide.mcu.externaltools.gnu-tools-for-stm32.9-2020-q2-update.win32_2.0.0.202105311346/tools/bin/../lib/gcc/arm-none-eabi/9.3.1/thumb/v7-m/nofp/crtn.o

Memory Configuration

Name             Origin             Length             Attributes
RAM              0x0000000020000000 0x0000000000002800 xrw
FLASH            0x0000000008000000 0x0000000000008000 xr
*default*        0x0000000000000000 0xffffffffffffffff

Linker script and memory map

LOAD c:/st/stm32cubeide_1.8.0/stm32cubeide/plugins/com.st.stm32cube.ide.mcu.externaltools.gnu-tools-for-stm32.9-2020-q2-update.win32_2.0.0.202105311346/tools/bin/../lib/gcc/arm-none-eabi/9.3.1/thumb/v7-m/nofp/crti.o
LOAD c:/st/stm32cubeide_1.8.0/stm32cubeide/plugins/com.st.stm32cube.ide.mcu.externaltools.gnu-tools-for-stm32.9-2020-q2-update.win32_2.0.0.202105311346/tools/bin/../lib/gcc/arm-none-eabi/9.3.1/thumb/v7-m/nofp/crtbegin.o
LOAD c:/st/stm32cubeide_1.8.0/stm32cubeide/plugins/com.st.stm32cube.ide.mcu.externaltools.gnu-tools-for-stm32.9-2020-q2-update.win32_2.0.0.202105311346/tools/bin/../lib/gcc/arm-none-eabi/9.3.1/../../../../arm-none-eabi/lib/thumb/v7-m/nofp/crt0.o
LOAD ./Src/CortexM3/Cortex_M3_Core.o
LOAD ./Src/CortexM3/SYSTICK_M3.o
LOAD ./Src/Drivers/DMA/DMA.o
LOAD ./Src/Drivers/GPIO/GPIO.o
LOAD ./Src/Drivers/RCC/RCC.o
LOAD ./Src/Drivers/SPI/SPI.o
LOAD ./Src/main.o
LOAD ./Src/syscalls.o
LOAD ./Src/sysmem.o
LOAD ./Startup/startup_stm32f103c6tx.o
START GROUP
LOAD c:/st/stm32cubeide_1.8.0/stm32cubeide/plugins/com.st.stm32cube.ide.mcu.externaltools.gnu-tools-for-stm32.9-2020-q2-update.win32_2.0.0.202105311346/tools/bin/../lib/gcc/arm-none-eabi/9.3.1/../../../../arm-none-eabi/lib/thumb/v7-m/nofp\libc_nano.a
LOAD c:/st/stm32cubeide_1.8.0/stm32cubeide/plugins/com.st.stm32cube.ide.mcu.externaltools.gnu-tools-for-stm32.9-2020-q2-update.win32_2.0.0.202105311346/tools/bin/../lib/gcc/arm-none-eabi/9.3.1/../../../../arm-none-eabi/lib/thumb/v7-m/nofp\libm.a
END GROUP
START GROUP
LOAD c:/st/stm32cubeide_1.8.0/stm32cubeide/plugins/com.st.stm32cube.ide.mcu.externaltools.gnu-tools-for-stm32.9-2020-q2-update.win32_2.0.0.202105311346/tools/bin/../lib/gcc/arm-none-eabi/9.3.1/thumb/v7-m/nofp\libgcc.a
LOAD c:/st/stm32cubeide_1.8.0/stm32cubeide/plugins/com.st.stm32cube.ide.mcu.externaltools.gnu-tools-for-stm32.9-2020-q2-update.win32_2.0.0.202105311346/tools/bin/../lib/gcc/arm-none-eabi/9.3.1/../../../../arm-none-eabi/lib/thumb/v7-m/nofp\libc_nano.a
END GROUP
START GROUP
LOAD c:/st/stm32cubeide_1.8.0/stm32cubeide/plugins/com.st.stm32cube.ide.mcu.externaltools.gnu-tools-for-stm32.9-2020-q2-update.win32_2.0.0.202105311346/tools/bin/../lib/gcc/arm-none-eabi/9.3.1/thumb/v7-m/nofp\libgcc.a
LOAD c:/st/stm32cubeide_1.8.0/stm32cubeide/plugins/com.st.stm32cube.ide.mcu.externaltools.gnu-tools-for-stm32.9-2020-q2-update.win32_2.0.0.202105311346/tools/bin/../lib/gcc/arm-none-eabi/9.3.1/../../../../arm-none-eabi/lib/thumb/v7-m/nofp\libc_nano.a
LOAD c:/st/stm32cubeide_1.8.0/stm32cubeide/plugins/com.st.stm32cube.ide.mcu.externaltools.gnu-tools-for-stm32.9-2020-q2-update.win32_2.0.0.202105311346/tools/bin/../lib/gcc/arm-none-eabi/9.3.1/../../../../arm-none-eabi/lib/thumb/v7-m/nofp\libnosys.a
END GROUP
START GROUP
LOAD c:/st/stm32cubeide_1.8.0/stm32cubeide/plugins/com.st.stm32cube.ide.mcu.externaltools.gnu-tools-for-stm32.9-2020-q2-update.win32_2.0.0.202105311346/tools/bin/../lib/gcc/arm-none-eabi/9.3.1/thumb/v7-m/nofp\libgcc.a
LOAD c:/st/stm32cubeide_1.8.0/stm32cubeide/plugins/com.st.stm32cube.ide.mcu.externaltools.gnu-tools-for-stm32.9-2020-q2-update.win32_2.0.0.202105311346/tools/bin/../lib/gcc/arm-none-eabi/9.3.1/../../../../arm-none-eabi/lib/thumb/v7-m/nofp\libc_nano.a
LOAD c:/st/stm32cubeide_1.8.0/stm32cubeide/plugins/com.st.stm32cube.ide.mcu.externaltools.gnu-tools-for-stm32.9-2020-q2-update.win32_2.0.0.202105311346/tools/bin/../lib/gcc/arm-none-eabi/9.3.1/../../../../arm-none-eabi/lib/thumb/v7-m/nofp\libnosys.a
END GROUP
LOAD c:/st/stm32cubeide_1.8.0/stm32cubeide/plugins/com.st.stm32cube.ide.mcu.externaltools.gnu-tools-for-stm32.9-2020-q2-update.win32_2.0.0.202105311346/tools/bin/../lib/gcc/arm-none-eabi/9.3.1/thumb/v7-m/nofp/crtend.o
LOAD c:/st/stm32cubeide_1.8.0/stm32cubeide/plugins/com.st.stm32cube.ide.mcu.externaltools.gnu-tools-for-stm32.9-2020-q2-update.win32_2.0.0.202105311346/tools/bin/../lib/gcc/arm-none-eabi/9.3.1/thumb/v7-m/nofp/crtn.o
                0x0000000020002800                _estack = (ORIGIN (RAM) + LENGTH (RAM))
                0x0000000000000200                _Min_Heap_Size = 0x200
                0x0000000000000400                _Min_Stack_Size = 0x400

.isr_vector     0x0000000008000000      0x130
                0x0000000008000000                . = ALIGN (0x4)
 *(.isr_vector)
 .isr_vector    0x0000000008000000      0x130 ./Startup/startup_stm32f103c6tx.o
                0x0000000008000000                g_pfnVectors
                0x0000000008000130                . = ALIGN (0x4)

.text           0x0000000008000130      0xbec
                0x0000000008000130                . = ALIGN (0x4)
 *(.text)
 .text          0x0000000008000130       0x40 c:/st/stm32cubeide_1.8.0/stm32cubeide/plugins/com.st.stm32cube.ide.mcu.externaltools.gnu-tools-for-stm32.9-2020-q2-update.win32_2.0.0.202105311346/tools/bin/../lib/gcc/arm-none-eabi/9.3.1/thumb/v7-m/nofp/crtbegin.o
 *(.text*)
 .text.SYSTICK_Init
                0x0000000008000170       0x34 ./Src/CortexM3/SYSTICK_M3.o
                0x0000000008000170                SYSTICK_Init
 .text.SYSTICK_DelayMs
                0x00000000080001a4       0x78 ./Src/CortexM3/SYSTICK_M3.o
                0x00000000080001a4                SYSTICK_DelayMs
 .text.SYSTICK_SetNumOfTicks
                0x000000000800021c       0x30 ./Src/CortexM3/SYSTICK_M3.o
 .text.SysTick_Handler
                0x000000000800024c       0x38 ./Src/CortexM3/SYSTICK_M3.o
                0x000000000800024c                SysTick_Handler
 .text.DMA1_Channel1_IRQHandler
                0x0000000008000284       0x14 ./Src/Drivers/DMA/DMA.o
                0x0000000008000284                DMA1_Channel1_IRQHandler
 .text.DMA1_Channel2_IRQHandler
                0x0000000008000298       0x14 ./Src/Drivers/DMA/DMA.o
                0x0000000008000298                DMA1_Channel2_IRQHandler
 .text.DMA1_Channel3_IRQHandler
                0x00000000080002ac       0x14 ./Src/Drivers/DMA/DMA.o
                0x00000000080002ac                DMA1_Channel3_IRQHandler
 .text.DMA1_Channel4_IRQHandler
                0x00000000080002c0        0xc ./Src/Drivers/DMA/DMA.o
                0x00000000080002c0                DMA1_Channel4_IRQHandler
 .text.DMA1_Channel5_IRQHandler
                0x00000000080002cc        0xc ./Src/Drivers/DMA/DMA.o
                0x00000000080002cc                DMA1_Channel5_IRQHandler
 .text.DMA1_Channel6_IRQHandler
                0x00000000080002d8        0xc ./Src/Drivers/DMA/DMA.o
                0x00000000080002d8                DMA1_Channel6_IRQHandler
 .text.DMA1_Channel7_IRQHandler
                0x00000000080002e4        0xc ./Src/Drivers/DMA/DMA.o
                0x00000000080002e4                DMA1_Channel7_IRQHandler
 .text.DMA2_Channel1_IRQHandler
                0x00000000080002f0        0xc ./Src/Drivers/DMA/DMA.o
                0x00000000080002f0                DMA2_Channel1_IRQHandler
 .text.DMA2_Channel2_IRQHandler
                0x00000000080002fc        0xc ./Src/Drivers/DMA/DMA.o
                0x00000000080002fc                DMA2_Channel2_IRQHandler
 .text.DMA2_Channel3_IRQHandler
                0x0000000008000308        0xc ./Src/Drivers/DMA/DMA.o
                0x0000000008000308                DMA2_Channel3_IRQHandler
 .text.GPIO_Init
                0x0000000008000314      0x444 ./Src/Drivers/GPIO/GPIO.o
                0x0000000008000314                GPIO_Init
 .text.SPI_Init
                0x0000000008000758      0x22c ./Src/Drivers/SPI/SPI.o
                0x0000000008000758                SPI_Init
 .text.SPI_Transmit
                0x0000000008000984       0x9c ./Src/Drivers/SPI/SPI.o
                0x0000000008000984                SPI_Transmit
 .text.main     0x0000000008000a20       0x28 ./Src/main.o
                0x0000000008000a20                main
 .text.HAL_Init
                0x0000000008000a48      0x204 ./Src/main.o
                0x0000000008000a48                HAL_Init
 .text.WWDG_IRQHandler
                0x0000000008000c4c       0x1c ./Src/main.o
                0x0000000008000c4c                WWDG_IRQHandler
 .text.Reset_Handler
                0x0000000008000c68       0x50 ./Startup/startup_stm32f103c6tx.o
                0x0000000008000c68                Reset_Handler
 .text.Default_Handler
                0x0000000008000cb8        0x2 ./Startup/startup_stm32f103c6tx.o
                0x0000000008000cb8                EXTI2_IRQHandler
                0x0000000008000cb8                TIM8_TRG_COM_IRQHandler
                0x0000000008000cb8                TIM8_CC_IRQHandler
                0x0000000008000cb8                DebugMon_Handler
                0x0000000008000cb8                TIM1_CC_IRQHandler
                0x0000000008000cb8                HardFault_Handler
                0x0000000008000cb8                TIM6_IRQHandler
                0x0000000008000cb8                PVD_IRQHandler
                0x0000000008000cb8                SDIO_IRQHandler
                0x0000000008000cb8                PendSV_Handler
                0x0000000008000cb8                NMI_Handler
                0x0000000008000cb8                EXTI3_IRQHandler
                0x0000000008000cb8                USB_HP_CAN_TX_IRQHandler
                0x0000000008000cb8                EXTI0_IRQHandler
                0x0000000008000cb8                I2C2_EV_IRQHandler
                0x0000000008000cb8                UsageFault_Handler
                0x0000000008000cb8                ADC1_2_IRQHandler
                0x0000000008000cb8                SPI1_IRQHandler
                0x0000000008000cb8                CAN_SCE_IRQHandler
                0x0000000008000cb8                TAMPER_IRQHandler
                0x0000000008000cb8                TIM8_UP_IRQHandler
                0x0000000008000cb8                USART3_IRQHandler
                0x0000000008000cb8                RTC_IRQHandler
                0x0000000008000cb8                UART5_IRQHandler
                0x0000000008000cb8                ADC3_IRQHandler
                0x0000000008000cb8                TIM4_IRQHandler
                0x0000000008000cb8                CAN_RX1_IRQHandler
                0x0000000008000cb8                I2C1_EV_IRQHandler
                0x0000000008000cb8                UART4_IRQHandler
                0x0000000008000cb8                TIM3_IRQHandler
                0x0000000008000cb8                RCC_IRQHandler
                0x0000000008000cb8                TIM1_TRG_COM_IRQHandler
                0x0000000008000cb8                Default_Handler
                0x0000000008000cb8                EXTI15_10_IRQHandler
                0x0000000008000cb8                TIM7_IRQHandler
                0x0000000008000cb8                TIM5_IRQHandler
                0x0000000008000cb8                EXTI9_5_IRQHandler
                0x0000000008000cb8                SPI2_IRQHandler
                0x0000000008000cb8                USB_LP_CAN_RX0_IRQHandler
                0x0000000008000cb8                MemManage_Handler
                0x0000000008000cb8                SVC_Handler
                0x0000000008000cb8                EXTI4_IRQHandler
                0x0000000008000cb8                FSMC_IRQHandler
                0x0000000008000cb8                TIM1_UP_IRQHandler
                0x0000000008000cb8                TIM2_IRQHandler
                0x0000000008000cb8                TIM1_BRK_IRQHandler
                0x0000000008000cb8                EXTI1_IRQHandler
                0x0000000008000cb8                RTCAlarm_IRQHandler
                0x0000000008000cb8                DMA2_Channel4_5_IRQHandler
                0x0000000008000cb8                USART2_IRQHandler
                0x0000000008000cb8                I2C2_ER_IRQHandler
                0x0000000008000cb8                TIM8_BRK_IRQHandler
                0x0000000008000cb8                FLASH_IRQHandler
                0x0000000008000cb8                BusFault_Handler
                0x0000000008000cb8                USART1_IRQHandler
                0x0000000008000cb8                SPI3_IRQHandler
                0x0000000008000cb8                I2C1_ER_IRQHandler
 *fill*         0x0000000008000cba        0x2 
 .text.__libc_init_array
                0x0000000008000cbc       0x48 c:/st/stm32cubeide_1.8.0/stm32cubeide/plugins/com.st.stm32cube.ide.mcu.externaltools.gnu-tools-for-stm32.9-2020-q2-update.win32_2.0.0.202105311346/tools/bin/../lib/gcc/arm-none-eabi/9.3.1/../../../../arm-none-eabi/lib/thumb/v7-m/nofp\libc_nano.a(lib_a-init.o)
                0x0000000008000cbc                __libc_init_array
 *(.glue_7)
 .glue_7        0x0000000008000d04        0x0 linker stubs
 *(.glue_7t)
 .glue_7t       0x0000000008000d04        0x0 linker stubs
 *(.eh_frame)
 .eh_frame      0x0000000008000d04        0x0 c:/st/stm32cubeide_1.8.0/stm32cubeide/plugins/com.st.stm32cube.ide.mcu.externaltools.gnu-tools-for-stm32.9-2020-q2-update.win32_2.0.0.202105311346/tools/bin/../lib/gcc/arm-none-eabi/9.3.1/thumb/v7-m/nofp/crtbegin.o
 *(.init)
 .init          0x0000000008000d04        0x4 c:/st/stm32cubeide_1.8.0/stm32cubeide/plugins/com.st.stm32cube.ide.mcu.externaltools.gnu-tools-for-stm32.9-2020-q2-update.win32_2.0.0.202105311346/tools/bin/../lib/gcc/arm-none-eabi/9.3.1/thumb/v7-m/nofp/crti.o
                0x0000000008000d04                _init
 .init          0x0000000008000d08        0x8 c:/st/stm32cubeide_1.8.0/stm32cubeide/plugins/com.st.stm32cube.ide.mcu.externaltools.gnu-tools-for-stm32.9-2020-q2-update.win32_2.0.0.202105311346/tools/bin/../lib/gcc/arm-none-eabi/9.3.1/thumb/v7-m/nofp/crtn.o
 *(.fini)
 .fini          0x0000000008000d10        0x4 c:/st/stm32cubeide_1.8.0/stm32cubeide/plugins/com.st.stm32cube.ide.mcu.externaltools.gnu-tools-for-stm32.9-2020-q2-update.win32_2.0.0.202105311346/tools/bin/../lib/gcc/arm-none-eabi/9.3.1/thumb/v7-m/nofp/crti.o
                0x0000000008000d10                _fini
 .fini          0x0000000008000d14        0x8 c:/st/stm32cubeide_1.8.0/stm32cubeide/plugins/com.st.stm32cube.ide.mcu.externaltools.gnu-tools-for-stm32.9-2020-q2-update.win32_2.0.0.202105311346/tools/bin/../lib/gcc/arm-none-eabi/9.3.1/thumb/v7-m/nofp/crtn.o
                0x0000000008000d1c                . = ALIGN (0x4)
                0x0000000008000d1c                _etext = .

.vfp11_veneer   0x0000000008000d1c        0x0
 .vfp11_veneer  0x0000000008000d1c        0x0 linker stubs

.v4_bx          0x0000000008000d1c        0x0
 .v4_bx         0x0000000008000d1c        0x0 linker stubs

.iplt           0x0000000008000d1c        0x0
 .iplt          0x0000000008000d1c        0x0 c:/st/stm32cubeide_1.8.0/stm32cubeide/plugins/com.st.stm32cube.ide.mcu.externaltools.gnu-tools-for-stm32.9-2020-q2-update.win32_2.0.0.202105311346/tools/bin/../lib/gcc/arm-none-eabi/9.3.1/thumb/v7-m/nofp/crtbegin.o

.rel.dyn        0x0000000008000d1c        0x0
 .rel.iplt      0x0000000008000d1c        0x0 c:/st/stm32cubeide_1.8.0/stm32cubeide/plugins/com.st.stm32cube.ide.mcu.externaltools.gnu-tools-for-stm32.9-2020-q2-update.win32_2.0.0.202105311346/tools/bin/../lib/gcc/arm-none-eabi/9.3.1/thumb/v7-m/nofp/crtbegin.o

.rodata         0x0000000008000d1c        0x0
                0x0000000008000d1c                . = ALIGN (0x4)
 *(.rodata)
 *(.rodata*)
                0x0000000008000d1c                . = ALIGN (0x4)

.ARM.extab      0x0000000008000d1c        0x0
                0x0000000008000d1c                . = ALIGN (0x4)
 *(.ARM.extab* .gnu.linkonce.armextab.*)
                0x0000000008000d1c                . = ALIGN (0x4)

.ARM            0x0000000008000d1c        0x0
                0x0000000008000d1c                . = ALIGN (0x4)
                0x0000000008000d1c                __exidx_start = .
 *(.ARM.exidx*)
                0x0000000008000d1c                __exidx_end = .
                0x0000000008000d1c                . = ALIGN (0x4)

.preinit_array  0x0000000008000d1c        0x0
                0x0000000008000d1c                . = ALIGN (0x4)
                0x0000000008000d1c                PROVIDE (__preinit_array_start = .)
 *(.preinit_array*)
                0x0000000008000d1c                PROVIDE (__preinit_array_end = .)
                0x0000000008000d1c                . = ALIGN (0x4)

.init_array     0x0000000008000d1c        0x4
                0x0000000008000d1c                . = ALIGN (0x4)
                0x0000000008000d1c                PROVIDE (__init_array_start = .)
 *(SORT_BY_NAME(.init_array.*))
 *(.init_array*)
 .init_array    0x0000000008000d1c        0x4 c:/st/stm32cubeide_1.8.0/stm32cubeide/plugins/com.st.stm32cube.ide.mcu.externaltools.gnu-tools-for-stm32.9-2020-q2-update.win32_2.0.0.202105311346/tools/bin/../lib/gcc/arm-none-eabi/9.3.1/thumb/v7-m/nofp/crtbegin.o
                0x0000000008000d20                PROVIDE (__init_array_end = .)
                0x0000000008000d20                . = ALIGN (0x4)

.fini_array     0x0000000008000d20        0x4
                0x0000000008000d20                . = ALIGN (0x4)
                [!provide]                        PROVIDE (__fini_array_start = .)
 *(SORT_BY_NAME(.fini_array.*))
 *(.fini_array*)
 .fini_array    0x0000000008000d20        0x4 c:/st/stm32cubeide_1.8.0/stm32cubeide/plugins/com.st.stm32cube.ide.mcu.externaltools.gnu-tools-for-stm32.9-2020-q2-update.win32_2.0.0.202105311346/tools/bin/../lib/gcc/arm-none-eabi/9.3.1/thumb/v7-m/nofp/crtbegin.o
                [!provide]                        PROVIDE (__fini_array_end = .)
                0x0000000008000d24                . = ALIGN (0x4)
                0x0000000008000d24                _sidata = LOADADDR (.data)

.data           0x0000000020000000        0x4 load address 0x0000000008000d24
                0x0000000020000000                . = ALIGN (0x4)
                0x0000000020000000                _sdata = .
 *(.data)
 *(.data*)
 .data.sendArray
                0x0000000020000000        0x2 ./Src/main.o
                0x0000000020000000                sendArray
 *(.RamFunc)
 *(.RamFunc*)
                0x0000000020000004                . = ALIGN (0x4)
 *fill*         0x0000000020000002        0x2 
                0x0000000020000004                _edata = .

.igot.plt       0x0000000020000004        0x0 load address 0x0000000008000d28
 .igot.plt      0x0000000020000004        0x0 c:/st/stm32cubeide_1.8.0/stm32cubeide/plugins/com.st.stm32cube.ide.mcu.externaltools.gnu-tools-for-stm32.9-2020-q2-update.win32_2.0.0.202105311346/tools/bin/../lib/gcc/arm-none-eabi/9.3.1/thumb/v7-m/nofp/crtbegin.o
                0x0000000020000004                . = ALIGN (0x4)

.bss            0x0000000020000004       0xb4 load address 0x0000000008000d28
                0x0000000020000004                _sbss = .
                0x0000000020000004                __bss_start__ = _sbss
 *(.bss)
 .bss           0x0000000020000004       0x1c c:/st/stm32cubeide_1.8.0/stm32cubeide/plugins/com.st.stm32cube.ide.mcu.externaltools.gnu-tools-for-stm32.9-2020-q2-update.win32_2.0.0.202105311346/tools/bin/../lib/gcc/arm-none-eabi/9.3.1/thumb/v7-m/nofp/crtbegin.o
 *(.bss*)
 *(COMMON)
 COMMON         0x0000000020000020        0xc ./Src/CortexM3/SYSTICK_M3.o
                0x0000000020000020                SYSTICK_OverflowCounter
                0x0000000020000024                SYSTICK_CallBackFunction
                0x0000000020000028                SYSTICK_NumOfOverflows
 COMMON         0x000000002000002c       0x1c ./Src/Drivers/DMA/DMA.o
                0x000000002000002c                DMA1_1_CallbackFnPtr
                0x0000000020000030                DMA1_3_CallbackFnPtr
                0x0000000020000034                DMA1_5_CallbackFnPtr
                0x0000000020000038                DMA1_2_CallbackFnPtr
                0x000000002000003c                DMA1_7_CallbackFnPtr
                0x0000000020000040                DMA1_4_CallbackFnPtr
                0x0000000020000044                DMA1_6_CallbackFnPtr
 COMMON         0x0000000020000048       0x70 ./Src/main.o
                0x0000000020000048                dma
                0x0000000020000054                mosi2
                0x000000002000005c                nss1
                0x0000000020000064                spi2
                0x0000000020000074                miso2
                0x000000002000007c                sck1
                0x0000000020000084                receiveArray
                0x0000000020000088                mosi1
                0x0000000020000090                miso1
                0x0000000020000098                sck2
                0x00000000200000a0                nss2
                0x00000000200000a8                spi1
                0x00000000200000b8                . = ALIGN (0x4)
                0x00000000200000b8                _ebss = .
                0x00000000200000b8                __bss_end__ = _ebss

._user_heap_stack
                0x00000000200000b8      0x600 load address 0x0000000008000d28
                0x00000000200000b8                . = ALIGN (0x8)
                [!provide]                        PROVIDE (end = .)
                0x00000000200000b8                PROVIDE (_end = .)
                0x00000000200002b8                . = (. + _Min_Heap_Size)
 *fill*         0x00000000200000b8      0x200 
                0x00000000200006b8                . = (. + _Min_Stack_Size)
 *fill*         0x00000000200002b8      0x400 
                0x00000000200006b8                . = ALIGN (0x8)

/DISCARD/
 libc.a(*)
 libm.a(*)
 libgcc.a(*)

.ARM.attributes
                0x0000000000000000       0x29
 *(.ARM.attributes)
 .ARM.attributes
                0x0000000000000000       0x1d c:/st/stm32cubeide_1.8.0/stm32cubeide/plugins/com.st.stm32cube.ide.mcu.externaltools.gnu-tools-for-stm32.9-2020-q2-update.win32_2.0.0.202105311346/tools/bin/../lib/gcc/arm-none-eabi/9.3.1/thumb/v7-m/nofp/crti.o
 .ARM.attributes
                0x000000000000001d       0x2d c:/st/stm32cubeide_1.8.0/stm32cubeide/plugins/com.st.stm32cube.ide.mcu.externaltools.gnu-tools-for-stm32.9-2020-q2-update.win32_2.0.0.202105311346/tools/bin/../lib/gcc/arm-none-eabi/9.3.1/thumb/v7-m/nofp/crtbegin.o
 .ARM.attributes
                0x000000000000004a       0x2d ./Src/CortexM3/SYSTICK_M3.o
 .ARM.attributes
                0x0000000000000077       0x2d ./Src/Drivers/DMA/DMA.o
 .ARM.attributes
                0x00000000000000a4       0x2d ./Src/Drivers/GPIO/GPIO.o
 .ARM.attributes
                0x00000000000000d1       0x2d ./Src/Drivers/SPI/SPI.o
 .ARM.attributes
                0x00000000000000fe       0x2d ./Src/main.o
 .ARM.attributes
                0x000000000000012b       0x21 ./Startup/startup_stm32f103c6tx.o
 .ARM.attributes
                0x000000000000014c       0x2d c:/st/stm32cubeide_1.8.0/stm32cubeide/plugins/com.st.stm32cube.ide.mcu.externaltools.gnu-tools-for-stm32.9-2020-q2-update.win32_2.0.0.202105311346/tools/bin/../lib/gcc/arm-none-eabi/9.3.1/../../../../arm-none-eabi/lib/thumb/v7-m/nofp\libc_nano.a(lib_a-init.o)
 .ARM.attributes
                0x0000000000000179       0x1d c:/st/stm32cubeide_1.8.0/stm32cubeide/plugins/com.st.stm32cube.ide.mcu.externaltools.gnu-tools-for-stm32.9-2020-q2-update.win32_2.0.0.202105311346/tools/bin/../lib/gcc/arm-none-eabi/9.3.1/thumb/v7-m/nofp/crtn.o
OUTPUT(ARM-Drivers.elf elf32-littlearm)
LOAD linker stubs
LOAD c:/st/stm32cubeide_1.8.0/stm32cubeide/plugins/com.st.stm32cube.ide.mcu.externaltools.gnu-tools-for-stm32.9-2020-q2-update.win32_2.0.0.202105311346/tools/bin/../lib/gcc/arm-none-eabi/9.3.1/../../../../arm-none-eabi/lib/thumb/v7-m/nofp\libc.a
LOAD c:/st/stm32cubeide_1.8.0/stm32cubeide/plugins/com.st.stm32cube.ide.mcu.externaltools.gnu-tools-for-stm32.9-2020-q2-update.win32_2.0.0.202105311346/tools/bin/../lib/gcc/arm-none-eabi/9.3.1/../../../../arm-none-eabi/lib/thumb/v7-m/nofp\libm.a
LOAD c:/st/stm32cubeide_1.8.0/stm32cubeide/plugins/com.st.stm32cube.ide.mcu.externaltools.gnu-tools-for-stm32.9-2020-q2-update.win32_2.0.0.202105311346/tools/bin/../lib/gcc/arm-none-eabi/9.3.1/thumb/v7-m/nofp\libgcc.a

.debug_info     0x0000000000000000     0x1c6d
 .debug_info    0x0000000000000000      0x208 ./Src/CortexM3/SYSTICK_M3.o
 .debug_info    0x0000000000000208      0x682 ./Src/Drivers/DMA/DMA.o
 .debug_info    0x000000000000088a      0x350 ./Src/Drivers/GPIO/GPIO.o
 .debug_info    0x0000000000000bda      0x4eb ./Src/Drivers/SPI/SPI.o
 .debug_info    0x00000000000010c5      0xb86 ./Src/main.o
 .debug_info    0x0000000000001c4b       0x22 ./Startup/startup_stm32f103c6tx.o

.debug_abbrev   0x0000000000000000      0x5e3
 .debug_abbrev  0x0000000000000000      0x108 ./Src/CortexM3/SYSTICK_M3.o
 .debug_abbrev  0x0000000000000108      0x160 ./Src/Drivers/DMA/DMA.o
 .debug_abbrev  0x0000000000000268       0xf8 ./Src/Drivers/GPIO/GPIO.o
 .debug_abbrev  0x0000000000000360      0x101 ./Src/Drivers/SPI/SPI.o
 .debug_abbrev  0x0000000000000461      0x170 ./Src/main.o
 .debug_abbrev  0x00000000000005d1       0x12 ./Startup/startup_stm32f103c6tx.o

.debug_aranges  0x0000000000000000      0x1f8
 .debug_aranges
                0x0000000000000000       0x60 ./Src/CortexM3/SYSTICK_M3.o
 .debug_aranges
                0x0000000000000060       0xc0 ./Src/Drivers/DMA/DMA.o
 .debug_aranges
                0x0000000000000120       0x38 ./Src/Drivers/GPIO/GPIO.o
 .debug_aranges
                0x0000000000000158       0x30 ./Src/Drivers/SPI/SPI.o
 .debug_aranges
                0x0000000000000188       0x48 ./Src/main.o
 .debug_aranges
                0x00000000000001d0       0x28 ./Startup/startup_stm32f103c6tx.o

.debug_ranges   0x0000000000000000      0x1a0
 .debug_ranges  0x0000000000000000       0x50 ./Src/CortexM3/SYSTICK_M3.o
 .debug_ranges  0x0000000000000050       0xb0 ./Src/Drivers/DMA/DMA.o
 .debug_ranges  0x0000000000000100       0x28 ./Src/Drivers/GPIO/GPIO.o
 .debug_ranges  0x0000000000000128       0x20 ./Src/Drivers/SPI/SPI.o
 .debug_ranges  0x0000000000000148       0x38 ./Src/main.o
 .debug_ranges  0x0000000000000180       0x20 ./Startup/startup_stm32f103c6tx.o

.debug_macro    0x0000000000000000      0xb09
 .debug_macro   0x0000000000000000       0x29 ./Src/CortexM3/SYSTICK_M3.o
 .debug_macro   0x0000000000000029       0x40 ./Src/CortexM3/SYSTICK_M3.o
 .debug_macro   0x0000000000000069       0x32 ./Src/Drivers/DMA/DMA.o
 .debug_macro   0x000000000000009b       0x22 ./Src/Drivers/DMA/DMA.o
 .debug_macro   0x00000000000000bd       0x7c ./Src/Drivers/DMA/DMA.o
 .debug_macro   0x0000000000000139       0x32 ./Src/Drivers/GPIO/GPIO.o
 .debug_macro   0x000000000000016b       0x40 ./Src/Drivers/GPIO/GPIO.o
 .debug_macro   0x00000000000001ab       0x32 ./Src/Drivers/SPI/SPI.o
 .debug_macro   0x00000000000001dd       0xdc ./Src/Drivers/SPI/SPI.o
 .debug_macro   0x00000000000002b9       0xb7 ./Src/main.o
 .debug_macro   0x0000000000000370       0x22 ./Src/main.o
 .debug_macro   0x0000000000000392       0x8e ./Src/main.o
 .debug_macro   0x0000000000000420       0x51 ./Src/main.o
 .debug_macro   0x0000000000000471      0x103 ./Src/main.o
 .debug_macro   0x0000000000000574       0x6a ./Src/main.o
 .debug_macro   0x00000000000005de      0x1df ./Src/main.o
 .debug_macro   0x00000000000007bd      0x1a2 ./Src/main.o
 .debug_macro   0x000000000000095f       0x82 ./Src/main.o
 .debug_macro   0x00000000000009e1       0xe2 ./Src/main.o
 .debug_macro   0x0000000000000ac3       0x46 ./Src/main.o

.debug_line     0x0000000000000000     0x1240
 .debug_line    0x0000000000000000      0x1aa ./Src/CortexM3/SYSTICK_M3.o
 .debug_line    0x00000000000001aa      0x33f ./Src/Drivers/DMA/DMA.o
 .debug_line    0x00000000000004e9      0x4e1 ./Src/Drivers/GPIO/GPIO.o
 .debug_line    0x00000000000009ca      0x22a ./Src/Drivers/SPI/SPI.o
 .debug_line    0x0000000000000bf4      0x5c8 ./Src/main.o
 .debug_line    0x00000000000011bc       0x84 ./Startup/startup_stm32f103c6tx.o

.debug_str      0x0000000000000000     0x5db1
 .debug_str     0x0000000000000000     0x321a ./Src/CortexM3/SYSTICK_M3.o
                                       0x3256 (size before relaxing)
 .debug_str     0x000000000000321a      0x88e ./Src/Drivers/DMA/DMA.o
                                       0x3776 (size before relaxing)
 .debug_str     0x0000000000003aa8      0x39f ./Src/Drivers/GPIO/GPIO.o
                                       0x33a2 (size before relaxing)
 .debug_str     0x0000000000003e47      0x64a ./Src/Drivers/SPI/SPI.o
                                       0x362d (size before relaxing)
 .debug_str     0x0000000000004491     0x18ef ./Src/main.o
                                       0x5af7 (size before relaxing)
 .debug_str     0x0000000000005d80       0x31 ./Startup/startup_stm32f103c6tx.o
                                         0x65 (size before relaxing)

.comment        0x0000000000000000       0x53
 .comment       0x0000000000000000       0x53 ./Src/CortexM3/SYSTICK_M3.o
                                         0x54 (size before relaxing)
 .comment       0x0000000000000053       0x54 ./Src/Drivers/DMA/DMA.o
 .comment       0x0000000000000053       0x54 ./Src/Drivers/GPIO/GPIO.o
 .comment       0x0000000000000053       0x54 ./Src/Drivers/SPI/SPI.o
 .comment       0x0000000000000053       0x54 ./Src/main.o

.debug_frame    0x0000000000000000      0x650
 .debug_frame   0x0000000000000000      0x140 ./Src/CortexM3/SYSTICK_M3.o
 .debug_frame   0x0000000000000140      0x2e0 ./Src/Drivers/DMA/DMA.o
 .debug_frame   0x0000000000000420       0xb0 ./Src/Drivers/GPIO/GPIO.o
 .debug_frame   0x00000000000004d0       0x88 ./Src/Drivers/SPI/SPI.o
 .debug_frame   0x0000000000000558       0xcc ./Src/main.o
 .debug_frame   0x0000000000000624       0x2c c:/st/stm32cubeide_1.8.0/stm32cubeide/plugins/com.st.stm32cube.ide.mcu.externaltools.gnu-tools-for-stm32.9-2020-q2-update.win32_2.0.0.202105311346/tools/bin/../lib/gcc/arm-none-eabi/9.3.1/../../../../arm-none-eabi/lib/thumb/v7-m/nofp\libc_nano.a(lib_a-init.o)
