Archive member included to satisfy reference by file (symbol)

c:/st/stm32cubeide_1.8.0/stm32cubeide/plugins/com.st.stm32cube.ide.mcu.externaltools.gnu-tools-for-stm32.9-2020-q2-update.win32_2.0.0.202105311346/tools/bin/../lib/gcc/arm-none-eabi/9.3.1/../../../../arm-none-eabi/lib/thumb/v7-m/nofp\libc_nano.a(lib_a-errno.o)
                              ./Src/syscalls.o (__errno)
c:/st/stm32cubeide_1.8.0/stm32cubeide/plugins/com.st.stm32cube.ide.mcu.externaltools.gnu-tools-for-stm32.9-2020-q2-update.win32_2.0.0.202105311346/tools/bin/../lib/gcc/arm-none-eabi/9.3.1/../../../../arm-none-eabi/lib/thumb/v7-m/nofp\libc_nano.a(lib_a-exit.o)
                              c:/st/stm32cubeide_1.8.0/stm32cubeide/plugins/com.st.stm32cube.ide.mcu.externaltools.gnu-tools-for-stm32.9-2020-q2-update.win32_2.0.0.202105311346/tools/bin/../lib/gcc/arm-none-eabi/9.3.1/../../../../arm-none-eabi/lib/thumb/v7-m/nofp/crt0.o (exit)
c:/st/stm32cubeide_1.8.0/stm32cubeide/plugins/com.st.stm32cube.ide.mcu.externaltools.gnu-tools-for-stm32.9-2020-q2-update.win32_2.0.0.202105311346/tools/bin/../lib/gcc/arm-none-eabi/9.3.1/../../../../arm-none-eabi/lib/thumb/v7-m/nofp\libc_nano.a(lib_a-impure.o)
                              c:/st/stm32cubeide_1.8.0/stm32cubeide/plugins/com.st.stm32cube.ide.mcu.externaltools.gnu-tools-for-stm32.9-2020-q2-update.win32_2.0.0.202105311346/tools/bin/../lib/gcc/arm-none-eabi/9.3.1/../../../../arm-none-eabi/lib/thumb/v7-m/nofp\libc_nano.a(lib_a-exit.o) (_global_impure_ptr)
c:/st/stm32cubeide_1.8.0/stm32cubeide/plugins/com.st.stm32cube.ide.mcu.externaltools.gnu-tools-for-stm32.9-2020-q2-update.win32_2.0.0.202105311346/tools/bin/../lib/gcc/arm-none-eabi/9.3.1/../../../../arm-none-eabi/lib/thumb/v7-m/nofp\libc_nano.a(lib_a-init.o)
                              c:/st/stm32cubeide_1.8.0/stm32cubeide/plugins/com.st.stm32cube.ide.mcu.externaltools.gnu-tools-for-stm32.9-2020-q2-update.win32_2.0.0.202105311346/tools/bin/../lib/gcc/arm-none-eabi/9.3.1/../../../../arm-none-eabi/lib/thumb/v7-m/nofp/crt0.o (__libc_init_array)
c:/st/stm32cubeide_1.8.0/stm32cubeide/plugins/com.st.stm32cube.ide.mcu.externaltools.gnu-tools-for-stm32.9-2020-q2-update.win32_2.0.0.202105311346/tools/bin/../lib/gcc/arm-none-eabi/9.3.1/../../../../arm-none-eabi/lib/thumb/v7-m/nofp\libc_nano.a(lib_a-memset.o)
                              c:/st/stm32cubeide_1.8.0/stm32cubeide/plugins/com.st.stm32cube.ide.mcu.externaltools.gnu-tools-for-stm32.9-2020-q2-update.win32_2.0.0.202105311346/tools/bin/../lib/gcc/arm-none-eabi/9.3.1/../../../../arm-none-eabi/lib/thumb/v7-m/nofp/crt0.o (memset)
c:/st/stm32cubeide_1.8.0/stm32cubeide/plugins/com.st.stm32cube.ide.mcu.externaltools.gnu-tools-for-stm32.9-2020-q2-update.win32_2.0.0.202105311346/tools/bin/../lib/gcc/arm-none-eabi/9.3.1/../../../../arm-none-eabi/lib/thumb/v7-m/nofp\libc_nano.a(lib_a-strlen.o)
                              ./Src/Drivers/ECU/ILI9341_GFX.o (strlen)
c:/st/stm32cubeide_1.8.0/stm32cubeide/plugins/com.st.stm32cube.ide.mcu.externaltools.gnu-tools-for-stm32.9-2020-q2-update.win32_2.0.0.202105311346/tools/bin/../lib/gcc/arm-none-eabi/9.3.1/../../../../arm-none-eabi/lib/thumb/v7-m/nofp\libc_nano.a(lib_a-vsprintf.o)
                              ./Src/Drivers/ECU/ILI9341_GFX.o (vsprintf)
c:/st/stm32cubeide_1.8.0/stm32cubeide/plugins/com.st.stm32cube.ide.mcu.externaltools.gnu-tools-for-stm32.9-2020-q2-update.win32_2.0.0.202105311346/tools/bin/../lib/gcc/arm-none-eabi/9.3.1/../../../../arm-none-eabi/lib/thumb/v7-m/nofp\libc_nano.a(lib_a-nano-svfprintf.o)
                              c:/st/stm32cubeide_1.8.0/stm32cubeide/plugins/com.st.stm32cube.ide.mcu.externaltools.gnu-tools-for-stm32.9-2020-q2-update.win32_2.0.0.202105311346/tools/bin/../lib/gcc/arm-none-eabi/9.3.1/../../../../arm-none-eabi/lib/thumb/v7-m/nofp\libc_nano.a(lib_a-vsprintf.o) (_svfprintf_r)
c:/st/stm32cubeide_1.8.0/stm32cubeide/plugins/com.st.stm32cube.ide.mcu.externaltools.gnu-tools-for-stm32.9-2020-q2-update.win32_2.0.0.202105311346/tools/bin/../lib/gcc/arm-none-eabi/9.3.1/../../../../arm-none-eabi/lib/thumb/v7-m/nofp\libc_nano.a(lib_a-nano-vfprintf_i.o)
                              c:/st/stm32cubeide_1.8.0/stm32cubeide/plugins/com.st.stm32cube.ide.mcu.externaltools.gnu-tools-for-stm32.9-2020-q2-update.win32_2.0.0.202105311346/tools/bin/../lib/gcc/arm-none-eabi/9.3.1/../../../../arm-none-eabi/lib/thumb/v7-m/nofp\libc_nano.a(lib_a-nano-svfprintf.o) (_printf_i)
c:/st/stm32cubeide_1.8.0/stm32cubeide/plugins/com.st.stm32cube.ide.mcu.externaltools.gnu-tools-for-stm32.9-2020-q2-update.win32_2.0.0.202105311346/tools/bin/../lib/gcc/arm-none-eabi/9.3.1/../../../../arm-none-eabi/lib/thumb/v7-m/nofp\libc_nano.a(lib_a-memchr-stub.o)
                              c:/st/stm32cubeide_1.8.0/stm32cubeide/plugins/com.st.stm32cube.ide.mcu.externaltools.gnu-tools-for-stm32.9-2020-q2-update.win32_2.0.0.202105311346/tools/bin/../lib/gcc/arm-none-eabi/9.3.1/../../../../arm-none-eabi/lib/thumb/v7-m/nofp\libc_nano.a(lib_a-nano-svfprintf.o) (memchr)
[...]
Memory Configuration

Name             Origin             Length             Attributes
RAM              0x0000000020000000 0x0000000000002800 xrw
FLASH            0x0000000008000000 0x0000000000008000 xr
*default*        0x0000000000000000 0xffffffffffffffff

Linker script and memory map

LOAD c:/st/stm32cubeide_1.8.0/stm32cubeide/plugins/com.st.stm32cube.ide.mcu.externaltools.gnu-tools-for-stm32.9-2020-q2-update.win32_2.0.0.202105311346/tools/bin/../lib/gcc/arm-none-eabi/9.3.1/thumb/v7-m/nofp/crti.o
LOAD c:/st/stm32cubeide_1.8.0/stm32cubeide/plugins/com.st.stm32cube.ide.mcu.externaltools.gnu-tools-for-stm32.9-2020-q2-update.win32_2.0.0.202105311346/tools/bin/../lib/gcc/arm-none-eabi/9.3.1/thumb/v7-m/nofp/crtbegin.o
LOAD c:/st/stm32cubeide_1.8.0/stm32cubeide/plugins/com.st.stm32cube.ide.mcu.externaltools.gnu-tools-for-stm32.9-2020-q2-update.win32_2.0.0.202105311346/tools/bin/../lib/gcc/arm-none-eabi/9.3.1/../../../../arm-none-eabi/lib/thumb/v7-m/nofp/crt0.o
LOAD ./Src/CortexM3/Cortex_M3_Core.o
LOAD ./Src/CortexM3/SYSTICK_M3.o
LOAD ./Src/Drivers/DMA/DMA.o
LOAD ./Src/Drivers/ECU/ILI9341_GFX.o
LOAD ./Src/Drivers/ECU/ILI9341_STM32_Driver.o
LOAD ./Src/Drivers/GPIO/GPIO.o
LOAD ./Src/Drivers/RCC/RCC.o
LOAD ./Src/Drivers/SPI/SPI.o
LOAD ./Src/Drivers/TIM/TIM.o
LOAD ./Src/main.o
LOAD ./Src/syscalls.o
LOAD ./Src/sysmem.o
LOAD ./Startup/startup_stm32f103c6tx.o
START GROUP
LOAD c:/st/stm32cubeide_1.8.0/stm32cubeide/plugins/com.st.stm32cube.ide.mcu.externaltools.gnu-tools-for-stm32.9-2020-q2-update.win32_2.0.0.202105311346/tools/bin/../lib/gcc/arm-none-eabi/9.3.1/../../../../arm-none-eabi/lib/thumb/v7-m/nofp\libc_nano.a
LOAD c:/st/stm32cubeide_1.8.0/stm32cubeide/plugins/com.st.stm32cube.ide.mcu.externaltools.gnu-tools-for-stm32.9-2020-q2-update.win32_2.0.0.202105311346/tools/bin/../lib/gcc/arm-none-eabi/9.3.1/../../../../arm-none-eabi/lib/thumb/v7-m/nofp\libm.a
END GROUP
START GROUP
LOAD c:/st/stm32cubeide_1.8.0/stm32cubeide/plugins/com.st.stm32cube.ide.mcu.externaltools.gnu-tools-for-stm32.9-2020-q2-update.win32_2.0.0.202105311346/tools/bin/../lib/gcc/arm-none-eabi/9.3.1/thumb/v7-m/nofp\libgcc.a
LOAD c:/st/stm32cubeide_1.8.0/stm32cubeide/plugins/com.st.stm32cube.ide.mcu.externaltools.gnu-tools-for-stm32.9-2020-q2-update.win32_2.0.0.202105311346/tools/bin/../lib/gcc/arm-none-eabi/9.3.1/../../../../arm-none-eabi/lib/thumb/v7-m/nofp\libc_nano.a
END GROUP
START GROUP
LOAD c:/st/stm32cubeide_1.8.0/stm32cubeide/plugins/com.st.stm32cube.ide.mcu.externaltools.gnu-tools-for-stm32.9-2020-q2-update.win32_2.0.0.202105311346/tools/bin/../lib/gcc/arm-none-eabi/9.3.1/thumb/v7-m/nofp\libgcc.a
LOAD c:/st/stm32cubeide_1.8.0/stm32cubeide/plugins/com.st.stm32cube.ide.mcu.externaltools.gnu-tools-for-stm32.9-2020-q2-update.win32_2.0.0.202105311346/tools/bin/../lib/gcc/arm-none-eabi/9.3.1/../../../../arm-none-eabi/lib/thumb/v7-m/nofp\libc_nano.a
LOAD c:/st/stm32cubeide_1.8.0/stm32cubeide/plugins/com.st.stm32cube.ide.mcu.externaltools.gnu-tools-for-stm32.9-2020-q2-update.win32_2.0.0.202105311346/tools/bin/../lib/gcc/arm-none-eabi/9.3.1/../../../../arm-none-eabi/lib/thumb/v7-m/nofp\libnosys.a
END GROUP
START GROUP
LOAD c:/st/stm32cubeide_1.8.0/stm32cubeide/plugins/com.st.stm32cube.ide.mcu.externaltools.gnu-tools-for-stm32.9-2020-q2-update.win32_2.0.0.202105311346/tools/bin/../lib/gcc/arm-none-eabi/9.3.1/thumb/v7-m/nofp\libgcc.a
LOAD c:/st/stm32cubeide_1.8.0/stm32cubeide/plugins/com.st.stm32cube.ide.mcu.externaltools.gnu-tools-for-stm32.9-2020-q2-update.win32_2.0.0.202105311346/tools/bin/../lib/gcc/arm-none-eabi/9.3.1/../../../../arm-none-eabi/lib/thumb/v7-m/nofp\libc_nano.a
LOAD c:/st/stm32cubeide_1.8.0/stm32cubeide/plugins/com.st.stm32cube.ide.mcu.externaltools.gnu-tools-for-stm32.9-2020-q2-update.win32_2.0.0.202105311346/tools/bin/../lib/gcc/arm-none-eabi/9.3.1/../../../../arm-none-eabi/lib/thumb/v7-m/nofp\libnosys.a
END GROUP
LOAD c:/st/stm32cubeide_1.8.0/stm32cubeide/plugins/com.st.stm32cube.ide.mcu.externaltools.gnu-tools-for-stm32.9-2020-q2-update.win32_2.0.0.202105311346/tools/bin/../lib/gcc/arm-none-eabi/9.3.1/thumb/v7-m/nofp/crtend.o
LOAD c:/st/stm32cubeide_1.8.0/stm32cubeide/plugins/com.st.stm32cube.ide.mcu.externaltools.gnu-tools-for-stm32.9-2020-q2-update.win32_2.0.0.202105311346/tools/bin/../lib/gcc/arm-none-eabi/9.3.1/thumb/v7-m/nofp/crtn.o
                0x0000000020002800                _estack = (ORIGIN (RAM) + LENGTH (RAM))
                0x0000000000000200                _Min_Heap_Size = 0x200
                0x0000000000000400                _Min_Stack_Size = 0x400

.isr_vector     0x0000000008000000      0x130
                0x0000000008000000                . = ALIGN (0x4)
 *(.isr_vector)
 .isr_vector    0x0000000008000000      0x130 ./Startup/startup_stm32f103c6tx.o
                0x0000000008000000                g_pfnVectors
                0x0000000008000130                . = ALIGN (0x4)

.text           0x0000000008000130     0x31a0
                0x0000000008000130                . = ALIGN (0x4)
 *(.text)
 .text          0x0000000008000130       0x40 c:/st/stm32cubeide_1.8.0/stm32cubeide/plugins/com.st.stm32cube.ide.mcu.externaltools.gnu-tools-for-stm32.9-2020-q2-update.win32_2.0.0.202105311346/tools/bin/../lib/gcc/arm-none-eabi/9.3.1/thumb/v7-m/nofp/crtbegin.o
 .text          0x0000000008000170       0x10 c:/st/stm32cubeide_1.8.0/stm32cubeide/plugins/com.st.stm32cube.ide.mcu.externaltools.gnu-tools-for-stm32.9-2020-q2-update.win32_2.0.0.202105311346/tools/bin/../lib/gcc/arm-none-eabi/9.3.1/../../../../arm-none-eabi/lib/thumb/v7-m/nofp\libc_nano.a(lib_a-strlen.o)
                0x0000000008000170                strlen
 .text          0x0000000008000180      0x254 c:/st/stm32cubeide_1.8.0/stm32cubeide/plugins/com.st.stm32cube.ide.mcu.externaltools.gnu-tools-for-stm32.9-2020-q2-update.win32_2.0.0.202105311346/tools/bin/../lib/gcc/arm-none-eabi/9.3.1/thumb/v7-m/nofp\libgcc.a(_arm_muldf3.o)
                0x0000000008000180                __muldf3
                0x0000000008000180                __aeabi_dmul
 .text          0x00000000080003d4      0x378 c:/st/stm32cubeide_1.8.0/stm32cubeide/plugins/com.st.stm32cube.ide.mcu.externaltools.gnu-tools-for-stm32.9-2020-q2-update.win32_2.0.0.202105311346/tools/bin/../lib/gcc/arm-none-eabi/9.3.1/thumb/v7-m/nofp\libgcc.a(_arm_addsubdf3.o)
                0x00000000080003d4                __aeabi_drsub
                0x00000000080003dc                __aeabi_dsub
                0x00000000080003dc                __subdf3
                0x00000000080003e0                __aeabi_dadd
                0x00000000080003e0                __adddf3
                0x0000000008000658                __floatunsidf
                0x0000000008000658                __aeabi_ui2d
                0x0000000008000678                __floatsidf
                0x0000000008000678                __aeabi_i2d
                0x000000000800069c                __aeabi_f2d
                0x000000000800069c                __extendsfdf2
                0x00000000080006e0                __floatundidf
                0x00000000080006e0                __aeabi_ul2d
                0x00000000080006f0                __floatdidf
                0x00000000080006f0                __aeabi_l2d
 .text          0x000000000800074c       0xa0 c:/st/stm32cubeide_1.8.0/stm32cubeide/plugins/com.st.stm32cube.ide.mcu.externaltools.gnu-tools-for-stm32.9-2020-q2-update.win32_2.0.0.202105311346/tools/bin/../lib/gcc/arm-none-eabi/9.3.1/thumb/v7-m/nofp\libgcc.a(_arm_truncdfsf2.o)
                0x000000000800074c                __truncdfsf2
                0x000000000800074c                __aeabi_d2f
 .text          0x00000000080007ec      0x21c c:/st/stm32cubeide_1.8.0/stm32cubeide/plugins/com.st.stm32cube.ide.mcu.externaltools.gnu-tools-for-stm32.9-2020-q2-update.win32_2.0.0.202105311346/tools/bin/../lib/gcc/arm-none-eabi/9.3.1/thumb/v7-m/nofp\libgcc.a(_arm_addsubsf3.o)
                0x00000000080007ec                __aeabi_frsub
                0x00000000080007f4                __subsf3
                0x00000000080007f4                __aeabi_fsub
                0x00000000080007f8                __aeabi_fadd
                0x00000000080007f8                __addsf3
                0x0000000008000958                __aeabi_ui2f
                0x0000000008000958                __floatunsisf
                0x0000000008000960                __aeabi_i2f
                0x0000000008000960                __floatsisf
                0x000000000800097c                __aeabi_ul2f
                0x000000000800097c                __floatundisf
                0x000000000800098c                __aeabi_l2f
                0x000000000800098c                __floatdisf
 .text          0x0000000008000a08       0x4c c:/st/stm32cubeide_1.8.0/stm32cubeide/plugins/com.st.stm32cube.ide.mcu.externaltools.gnu-tools-for-stm32.9-2020-q2-update.win32_2.0.0.202105311346/tools/bin/../lib/gcc/arm-none-eabi/9.3.1/thumb/v7-m/nofp\libgcc.a(_arm_fixsfsi.o)
                0x0000000008000a08                __aeabi_f2iz
                0x0000000008000a08                __fixsfsi
 *(.text*)
 .text.NVIC_SetEnableInterrupt
                0x0000000008000a54       0x44 ./Src/CortexM3/Cortex_M3_Core.o
                0x0000000008000a54                NVIC_SetEnableInterrupt
 .text.SYSTICK_Init
                0x0000000008000a98       0x34 ./Src/CortexM3/SYSTICK_M3.o
                0x0000000008000a98                SYSTICK_Init
 .text.SYSTICK_DelayMs
                0x0000000008000acc       0x78 ./Src/CortexM3/SYSTICK_M3.o
                0x0000000008000acc                SYSTICK_DelayMs
 .text.SYSTICK_SetNumOfTicks
                0x0000000008000b44       0x30 ./Src/CortexM3/SYSTICK_M3.o
 .text.SysTick_Handler
                0x0000000008000b74       0x38 ./Src/CortexM3/SYSTICK_M3.o
                0x0000000008000b74                SysTick_Handler
 .text.DMA_Init
                0x0000000008000bac      0x160 ./Src/Drivers/DMA/DMA.o
                0x0000000008000bac                DMA_Init
 .text.DMA_SetPeriphAddress
                0x0000000008000d0c       0x34 ./Src/Drivers/DMA/DMA.o
                0x0000000008000d0c                DMA_SetPeriphAddress
 .text.DMA_SetMemoryAddress
                0x0000000008000d40       0x34 ./Src/Drivers/DMA/DMA.o
                0x0000000008000d40                DMA_SetMemoryAddress
 .text.DMA_Start
                0x0000000008000d74       0x34 ./Src/Drivers/DMA/DMA.o
                0x0000000008000d74                DMA_Start
 .text.DMA_Stop
                0x0000000008000da8       0x34 ./Src/Drivers/DMA/DMA.o
                0x0000000008000da8                DMA_Stop
 .text.DMA_SetDataCounter
                0x0000000008000ddc       0x2e ./Src/Drivers/DMA/DMA.o
                0x0000000008000ddc                DMA_SetDataCounter
 *fill*         0x0000000008000e0a        0x2 
 .text.DMA_SetCallBackFn
                0x0000000008000e0c       0x78 ./Src/Drivers/DMA/DMA.o
                0x0000000008000e0c                DMA_SetCallBackFn
 .text.DMA_ClearInterruptFlag
                0x0000000008000e84       0x88 ./Src/Drivers/DMA/DMA.o
                0x0000000008000e84                DMA_ClearInterruptFlag
 .text.DMA1_Channel1_IRQHandler
                0x0000000008000f0c       0x14 ./Src/Drivers/DMA/DMA.o
                0x0000000008000f0c                DMA1_Channel1_IRQHandler
 .text.DMA1_Channel2_IRQHandler
                0x0000000008000f20       0x14 ./Src/Drivers/DMA/DMA.o
                0x0000000008000f20                DMA1_Channel2_IRQHandler
 .text.DMA1_Channel3_IRQHandler
                0x0000000008000f34       0x14 ./Src/Drivers/DMA/DMA.o
                0x0000000008000f34                DMA1_Channel3_IRQHandler
 .text.DMA1_Channel4_IRQHandler
                0x0000000008000f48       0x14 ./Src/Drivers/DMA/DMA.o
                0x0000000008000f48                DMA1_Channel4_IRQHandler
 .text.DMA1_Channel5_IRQHandler
                0x0000000008000f5c        0xc ./Src/Drivers/DMA/DMA.o
                0x0000000008000f5c                DMA1_Channel5_IRQHandler
 .text.DMA1_Channel6_IRQHandler
                0x0000000008000f68        0xc ./Src/Drivers/DMA/DMA.o
                0x0000000008000f68                DMA1_Channel6_IRQHandler
 .text.DMA1_Channel7_IRQHandler
                0x0000000008000f74        0xc ./Src/Drivers/DMA/DMA.o
                0x0000000008000f74                DMA1_Channel7_IRQHandler
 .text.DMA2_Channel1_IRQHandler
                0x0000000008000f80        0xc ./Src/Drivers/DMA/DMA.o
                0x0000000008000f80                DMA2_Channel1_IRQHandler
 .text.DMA2_Channel2_IRQHandler
                0x0000000008000f8c        0xc ./Src/Drivers/DMA/DMA.o
                0x0000000008000f8c                DMA2_Channel2_IRQHandler
 .text.DMA2_Channel3_IRQHandler
                0x0000000008000f98        0xc ./Src/Drivers/DMA/DMA.o
                0x0000000008000f98                DMA2_Channel3_IRQHandler
 .text.ILI9341_Draw_Char
                0x0000000008000fa4      0x13c ./Src/Drivers/ECU/ILI9341_GFX.o
                0x0000000008000fa4                ILI9341_Draw_Char
 .text.ILI9341_Text_Format
                0x00000000080010e0       0x28 ./Src/Drivers/ECU/ILI9341_GFX.o
                0x00000000080010e0                ILI9341_Text_Format
 .text.ILI9341_Draw_Text
                0x0000000008001108       0x6e ./Src/Drivers/ECU/ILI9341_GFX.o
                0x0000000008001108                ILI9341_Draw_Text
 *fill*         0x0000000008001176        0x2 
 .text.ILI9341_SPI_Init
                0x0000000008001178      0x1b8 ./Src/Drivers/ECU/ILI9341_STM32_Driver.o
                0x0000000008001178                ILI9341_SPI_Init
 .text.ILI9341_StartBenchmark
                0x0000000008001330       0x24 ./Src/Drivers/ECU/ILI9341_STM32_Driver.o
                0x0000000008001330                ILI9341_StartBenchmark
 *fill*         0x0000000008001354        0x4 
 .text.ILI9341_StopBenchmark
                0x0000000008001358       0x74 ./Src/Drivers/ECU/ILI9341_STM32_Driver.o
                0x0000000008001358                ILI9341_StopBenchmark
 .text.ILI9341_TimerCallbackFn
                0x00000000080013cc       0x1c ./Src/Drivers/ECU/ILI9341_STM32_Driver.o
                0x00000000080013cc                ILI9341_TimerCallbackFn
 .text.ILI9341_SPI_DMACallbackFn
                0x00000000080013e8       0x6c ./Src/Drivers/ECU/ILI9341_STM32_Driver.o
                0x00000000080013e8                ILI9341_SPI_DMACallbackFn
 .text.ILI9341_Return_TimeElapsed
                0x0000000008001454       0x30 ./Src/Drivers/ECU/ILI9341_STM32_Driver.o
                0x0000000008001454                ILI9341_Return_TimeElapsed
 .text.ILI9341_SPI_Send
                0x0000000008001484       0x24 ./Src/Drivers/ECU/ILI9341_STM32_Driver.o
                0x0000000008001484                ILI9341_SPI_Send
 .text.ILI9341_Write_Command
                0x00000000080014a8       0x3c ./Src/Drivers/ECU/ILI9341_STM32_Driver.o
                0x00000000080014a8                ILI9341_Write_Command
 .text.ILI9341_Write_Data
                0x00000000080014e4       0x3c ./Src/Drivers/ECU/ILI9341_STM32_Driver.o
                0x00000000080014e4                ILI9341_Write_Data
 .text.ILI9341_Set_Address
                0x0000000008001520       0x98 ./Src/Drivers/ECU/ILI9341_STM32_Driver.o
                0x0000000008001520                ILI9341_Set_Address
 .text.ILI9341_Reset
                0x00000000080015b8       0x34 ./Src/Drivers/ECU/ILI9341_STM32_Driver.o
                0x00000000080015b8                ILI9341_Reset
 .text.ILI9341_Set_Rotation
                0x00000000080015ec       0xa4 ./Src/Drivers/ECU/ILI9341_STM32_Driver.o
                0x00000000080015ec                ILI9341_Set_Rotation
 .text.ILI9341_Enable
                0x0000000008001690       0x14 ./Src/Drivers/ECU/ILI9341_STM32_Driver.o
                0x0000000008001690                ILI9341_Enable
 .text.ILI9341_Init
                0x00000000080016a4      0x21a ./Src/Drivers/ECU/ILI9341_STM32_Driver.o
                0x00000000080016a4                ILI9341_Init
 *fill*         0x00000000080018be        0x2 
 .text.ILI9341_Draw_Colour_Burst
                0x00000000080018c0       0xec ./Src/Drivers/ECU/ILI9341_STM32_Driver.o
                0x00000000080018c0                ILI9341_Draw_Colour_Burst
 .text.ILI9341_Draw_Pixel
                0x00000000080019ac      0x170 ./Src/Drivers/ECU/ILI9341_STM32_Driver.o
                0x00000000080019ac                ILI9341_Draw_Pixel
 .text.ILI9341_Draw_Rectangle
                0x0000000008001b1c       0xb8 ./Src/Drivers/ECU/ILI9341_STM32_Driver.o
                0x0000000008001b1c                ILI9341_Draw_Rectangle
 .text.GPIO_Init
                0x0000000008001bd4      0x444 ./Src/Drivers/GPIO/GPIO.o
                0x0000000008001bd4                GPIO_Init
 .text.GPIO_WritePin
                0x0000000008002018       0x70 ./Src/Drivers/GPIO/GPIO.o
                0x0000000008002018                GPIO_WritePin
 .text.SPI_Init
                0x0000000008002088      0x2e0 ./Src/Drivers/SPI/SPI.o
                0x0000000008002088                SPI_Init
 .text.SPI_Transmit
                0x0000000008002368       0x9a ./Src/Drivers/SPI/SPI.o
                0x0000000008002368                SPI_Transmit
 .text.SPI_TransmitDMA
                0x0000000008002402       0x5a ./Src/Drivers/SPI/SPI.o
                0x0000000008002402                SPI_TransmitDMA
 .text.TIM_Init
                0x000000000800245c       0xb4 ./Src/Drivers/TIM/TIM.o
                0x000000000800245c                TIM_Init
 .text.TIM_Start
                0x0000000008002510       0x34 ./Src/Drivers/TIM/TIM.o
                0x0000000008002510                TIM_Start
 .text.TIM_Stop
                0x0000000008002544       0x34 ./Src/Drivers/TIM/TIM.o
                0x0000000008002544                TIM_Stop
 .text.TIM_SetCallBackFn
                0x0000000008002578       0x30 ./Src/Drivers/TIM/TIM.o
                0x0000000008002578                TIM_SetCallBackFn
 .text.TIM2_IRQHandler
                0x00000000080025a8       0x78 ./Src/Drivers/TIM/TIM.o
                0x00000000080025a8                TIM2_IRQHandler
 .text.main     0x0000000008002620      0x144 ./Src/main.o
                0x0000000008002620                main
 .text.HAL_Init
                0x0000000008002764      0x1b0 ./Src/main.o
                0x0000000008002764                HAL_Init
 .text.WWDG_IRQHandler
                0x0000000008002914       0x1c ./Src/main.o
                0x0000000008002914                WWDG_IRQHandler
 .text._sbrk    0x0000000008002930       0x6c ./Src/sysmem.o
                0x0000000008002930                _sbrk
 .text.Reset_Handler
                0x000000000800299c       0x50 ./Startup/startup_stm32f103c6tx.o
                0x000000000800299c                Reset_Handler
 .text.Default_Handler
                0x00000000080029ec        0x2 ./Startup/startup_stm32f103c6tx.o
                0x00000000080029ec                EXTI2_IRQHandler
                0x00000000080029ec                TIM8_TRG_COM_IRQHandler
                0x00000000080029ec                TIM8_CC_IRQHandler
                0x00000000080029ec                DebugMon_Handler
                0x00000000080029ec                TIM1_CC_IRQHandler
                0x00000000080029ec                HardFault_Handler
                0x00000000080029ec                TIM6_IRQHandler
                0x00000000080029ec                PVD_IRQHandler
                0x00000000080029ec                SDIO_IRQHandler
                0x00000000080029ec                PendSV_Handler
                0x00000000080029ec                NMI_Handler
                0x00000000080029ec                EXTI3_IRQHandler
                0x00000000080029ec                USB_HP_CAN_TX_IRQHandler
                0x00000000080029ec                EXTI0_IRQHandler
                0x00000000080029ec                I2C2_EV_IRQHandler
                0x00000000080029ec                UsageFault_Handler
                0x00000000080029ec                ADC1_2_IRQHandler
                0x00000000080029ec                SPI1_IRQHandler
                0x00000000080029ec                CAN_SCE_IRQHandler
                0x00000000080029ec                TAMPER_IRQHandler
                0x00000000080029ec                TIM8_UP_IRQHandler
                0x00000000080029ec                USART3_IRQHandler
                0x00000000080029ec                RTC_IRQHandler
                0x00000000080029ec                UART5_IRQHandler
                0x00000000080029ec                ADC3_IRQHandler
                0x00000000080029ec                TIM4_IRQHandler
                0x00000000080029ec                CAN_RX1_IRQHandler
                0x00000000080029ec                I2C1_EV_IRQHandler
                0x00000000080029ec                UART4_IRQHandler
                0x00000000080029ec                TIM3_IRQHandler
                0x00000000080029ec                RCC_IRQHandler
                0x00000000080029ec                TIM1_TRG_COM_IRQHandler
                0x00000000080029ec                Default_Handler
                0x00000000080029ec                EXTI15_10_IRQHandler
                0x00000000080029ec                TIM7_IRQHandler
                0x00000000080029ec                TIM5_IRQHandler
                0x00000000080029ec                EXTI9_5_IRQHandler
                0x00000000080029ec                SPI2_IRQHandler
                0x00000000080029ec                USB_LP_CAN_RX0_IRQHandler
                0x00000000080029ec                MemManage_Handler
                0x00000000080029ec                SVC_Handler
                0x00000000080029ec                EXTI4_IRQHandler
                0x00000000080029ec                FSMC_IRQHandler
                0x00000000080029ec                TIM1_UP_IRQHandler
                0x00000000080029ec                TIM1_BRK_IRQHandler
                0x00000000080029ec                EXTI1_IRQHandler
                0x00000000080029ec                RTCAlarm_IRQHandler
                0x00000000080029ec                DMA2_Channel4_5_IRQHandler
                0x00000000080029ec                USART2_IRQHandler
                0x00000000080029ec                I2C2_ER_IRQHandler
                0x00000000080029ec                TIM8_BRK_IRQHandler
                0x00000000080029ec                FLASH_IRQHandler
                0x00000000080029ec                BusFault_Handler
                0x00000000080029ec                USART1_IRQHandler
                0x00000000080029ec                SPI3_IRQHandler
                0x00000000080029ec                I2C1_ER_IRQHandler
 *fill*         0x00000000080029ee        0x2 
 .text.__errno  0x00000000080029f0        0xc c:/st/stm32cubeide_1.8.0/stm32cubeide/plugins/com.st.stm32cube.ide.mcu.externaltools.gnu-tools-for-stm32.9-2020-q2-update.win32_2.0.0.202105311346/tools/bin/../lib/gcc/arm-none-eabi/9.3.1/../../../../arm-none-eabi/lib/thumb/v7-m/nofp\libc_nano.a(lib_a-errno.o)
                0x00000000080029f0                __errno
 .text.__libc_init_array
                0x00000000080029fc       0x48 c:/st/stm32cubeide_1.8.0/stm32cubeide/plugins/com.st.stm32cube.ide.mcu.externaltools.gnu-tools-for-stm32.9-2020-q2-update.win32_2.0.0.202105311346/tools/bin/../lib/gcc/arm-none-eabi/9.3.1/../../../../arm-none-eabi/lib/thumb/v7-m/nofp\libc_nano.a(lib_a-init.o)
                0x00000000080029fc                __libc_init_array
 .text._vsprintf_r
                0x0000000008002a44       0x2c c:/st/stm32cubeide_1.8.0/stm32cubeide/plugins/com.st.stm32cube.ide.mcu.externaltools.gnu-tools-for-stm32.9-2020-q2-update.win32_2.0.0.202105311346/tools/bin/../lib/gcc/arm-none-eabi/9.3.1/../../../../arm-none-eabi/lib/thumb/v7-m/nofp\libc_nano.a(lib_a-vsprintf.o)
                0x0000000008002a44                _vsprintf_r
                0x0000000008002a44                _vsiprintf_r
 .text.vsprintf
                0x0000000008002a70       0x14 c:/st/stm32cubeide_1.8.0/stm32cubeide/plugins/com.st.stm32cube.ide.mcu.externaltools.gnu-tools-for-stm32.9-2020-q2-update.win32_2.0.0.202105311346/tools/bin/../lib/gcc/arm-none-eabi/9.3.1/../../../../arm-none-eabi/lib/thumb/v7-m/nofp\libc_nano.a(lib_a-vsprintf.o)
                0x0000000008002a70                vsiprintf
                0x0000000008002a70                vsprintf
 .text.__ssputs_r
                0x0000000008002a84       0xb6 c:/st/stm32cubeide_1.8.0/stm32cubeide/plugins/com.st.stm32cube.ide.mcu.externaltools.gnu-tools-for-stm32.9-2020-q2-update.win32_2.0.0.202105311346/tools/bin/../lib/gcc/arm-none-eabi/9.3.1/../../../../arm-none-eabi/lib/thumb/v7-m/nofp\libc_nano.a(lib_a-nano-svfprintf.o)
                0x0000000008002a84                __ssputs_r
 *fill*         0x0000000008002b3a        0x2 
 .text._svfprintf_r
                0x0000000008002b3c      0x200 c:/st/stm32cubeide_1.8.0/stm32cubeide/plugins/com.st.stm32cube.ide.mcu.externaltools.gnu-tools-for-stm32.9-2020-q2-update.win32_2.0.0.202105311346/tools/bin/../lib/gcc/arm-none-eabi/9.3.1/../../../../arm-none-eabi/lib/thumb/v7-m/nofp\libc_nano.a(lib_a-nano-svfprintf.o)
                0x0000000008002b3c                _svfiprintf_r
                0x0000000008002b3c                _svfprintf_r
 .text._printf_common
                0x0000000008002d3c       0xde c:/st/stm32cubeide_1.8.0/stm32cubeide/plugins/com.st.stm32cube.ide.mcu.externaltools.gnu-tools-for-stm32.9-2020-q2-update.win32_2.0.0.202105311346/tools/bin/../lib/gcc/arm-none-eabi/9.3.1/../../../../arm-none-eabi/lib/thumb/v7-m/nofp\libc_nano.a(lib_a-nano-vfprintf_i.o)
                0x0000000008002d3c                _printf_common
 *fill*         0x0000000008002e1a        0x2 
 .text._printf_i
                0x0000000008002e1c      0x24c c:/st/stm32cubeide_1.8.0/stm32cubeide/plugins/com.st.stm32cube.ide.mcu.externaltools.gnu-tools-for-stm32.9-2020-q2-update.win32_2.0.0.202105311346/tools/bin/../lib/gcc/arm-none-eabi/9.3.1/../../../../arm-none-eabi/lib/thumb/v7-m/nofp\libc_nano.a(lib_a-nano-vfprintf_i.o)
                0x0000000008002e1c                _printf_i
 .text.memchr   0x0000000008003068       0x1c c:/st/stm32cubeide_1.8.0/stm32cubeide/plugins/com.st.stm32cube.ide.mcu.externaltools.gnu-tools-for-stm32.9-2020-q2-update.win32_2.0.0.202105311346/tools/bin/../lib/gcc/arm-none-eabi/9.3.1/../../../../arm-none-eabi/lib/thumb/v7-m/nofp\libc_nano.a(lib_a-memchr-stub.o)
                0x0000000008003068                memchr
 .text.memcpy   0x0000000008003084       0x1c c:/st/stm32cubeide_1.8.0/stm32cubeide/plugins/com.st.stm32cube.ide.mcu.externaltools.gnu-tools-for-stm32.9-2020-q2-update.win32_2.0.0.202105311346/tools/bin/../lib/gcc/arm-none-eabi/9.3.1/../../../../arm-none-eabi/lib/thumb/v7-m/nofp\libc_nano.a(lib_a-memcpy-stub.o)
                0x0000000008003084                memcpy
 .text.memmove  0x00000000080030a0       0x34 c:/st/stm32cubeide_1.8.0/stm32cubeide/plugins/com.st.stm32cube.ide.mcu.externaltools.gnu-tools-for-stm32.9-2020-q2-update.win32_2.0.0.202105311346/tools/bin/../lib/gcc/arm-none-eabi/9.3.1/../../../../arm-none-eabi/lib/thumb/v7-m/nofp\libc_nano.a(lib_a-memmove.o)
                0x00000000080030a0                memmove
 .text._free_r  0x00000000080030d4       0x98 c:/st/stm32cubeide_1.8.0/stm32cubeide/plugins/com.st.stm32cube.ide.mcu.externaltools.gnu-tools-for-stm32.9-2020-q2-update.win32_2.0.0.202105311346/tools/bin/../lib/gcc/arm-none-eabi/9.3.1/../../../../arm-none-eabi/lib/thumb/v7-m/nofp\libc_nano.a(lib_a-nano-freer.o)
                0x00000000080030d4                _free_r
 .text._malloc_r
                0x000000000800316c       0xb4 c:/st/stm32cubeide_1.8.0/stm32cubeide/plugins/com.st.stm32cube.ide.mcu.externaltools.gnu-tools-for-stm32.9-2020-q2-update.win32_2.0.0.202105311346/tools/bin/../lib/gcc/arm-none-eabi/9.3.1/../../../../arm-none-eabi/lib/thumb/v7-m/nofp\libc_nano.a(lib_a-nano-mallocr.o)
                0x000000000800316c                _malloc_r
 .text._realloc_r
                0x0000000008003220       0x4c c:/st/stm32cubeide_1.8.0/stm32cubeide/plugins/com.st.stm32cube.ide.mcu.externaltools.gnu-tools-for-stm32.9-2020-q2-update.win32_2.0.0.202105311346/tools/bin/../lib/gcc/arm-none-eabi/9.3.1/../../../../arm-none-eabi/lib/thumb/v7-m/nofp\libc_nano.a(lib_a-nano-reallocr.o)
                0x0000000008003220                _realloc_r
 .text._sbrk_r  0x000000000800326c       0x20 c:/st/stm32cubeide_1.8.0/stm32cubeide/plugins/com.st.stm32cube.ide.mcu.externaltools.gnu-tools-for-stm32.9-2020-q2-update.win32_2.0.0.202105311346/tools/bin/../lib/gcc/arm-none-eabi/9.3.1/../../../../arm-none-eabi/lib/thumb/v7-m/nofp\libc_nano.a(lib_a-sbrkr.o)
                0x000000000800326c                _sbrk_r
 .text.__malloc_lock
                0x000000000800328c        0xc c:/st/stm32cubeide_1.8.0/stm32cubeide/plugins/com.st.stm32cube.ide.mcu.externaltools.gnu-tools-for-stm32.9-2020-q2-update.win32_2.0.0.202105311346/tools/bin/../lib/gcc/arm-none-eabi/9.3.1/../../../../arm-none-eabi/lib/thumb/v7-m/nofp\libc_nano.a(lib_a-mlock.o)
                0x000000000800328c                __malloc_lock
 .text.__malloc_unlock
                0x0000000008003298        0xc c:/st/stm32cubeide_1.8.0/stm32cubeide/plugins/com.st.stm32cube.ide.mcu.externaltools.gnu-tools-for-stm32.9-2020-q2-update.win32_2.0.0.202105311346/tools/bin/../lib/gcc/arm-none-eabi/9.3.1/../../../../arm-none-eabi/lib/thumb/v7-m/nofp\libc_nano.a(lib_a-mlock.o)
                0x0000000008003298                __malloc_unlock
 .text._malloc_usable_size_r
                0x00000000080032a4       0x10 c:/st/stm32cubeide_1.8.0/stm32cubeide/plugins/com.st.stm32cube.ide.mcu.externaltools.gnu-tools-for-stm32.9-2020-q2-update.win32_2.0.0.202105311346/tools/bin/../lib/gcc/arm-none-eabi/9.3.1/../../../../arm-none-eabi/lib/thumb/v7-m/nofp\libc_nano.a(lib_a-nano-msizer.o)
                0x00000000080032a4                _malloc_usable_size_r
 .text.__retarget_lock_acquire_recursive
                0x00000000080032b4        0x2 c:/st/stm32cubeide_1.8.0/stm32cubeide/plugins/com.st.stm32cube.ide.mcu.externaltools.gnu-tools-for-stm32.9-2020-q2-update.win32_2.0.0.202105311346/tools/bin/../lib/gcc/arm-none-eabi/9.3.1/../../../../arm-none-eabi/lib/thumb/v7-m/nofp\libc_nano.a(lib_a-lock.o)
                0x00000000080032b4                __retarget_lock_acquire_recursive
 .text.__retarget_lock_release_recursive
                0x00000000080032b6        0x2 c:/st/stm32cubeide_1.8.0/stm32cubeide/plugins/com.st.stm32cube.ide.mcu.externaltools.gnu-tools-for-stm32.9-2020-q2-update.win32_2.0.0.202105311346/tools/bin/../lib/gcc/arm-none-eabi/9.3.1/../../../../arm-none-eabi/lib/thumb/v7-m/nofp\libc_nano.a(lib_a-lock.o)
                0x00000000080032b6                __retarget_lock_release_recursive
 *(.glue_7)
 .glue_7        0x00000000080032b8        0x0 linker stubs
 *(.glue_7t)
 .glue_7t       0x00000000080032b8        0x0 linker stubs
 *(.eh_frame)
 .eh_frame      0x00000000080032b8        0x0 c:/st/stm32cubeide_1.8.0/stm32cubeide/plugins/com.st.stm32cube.ide.mcu.externaltools.gnu-tools-for-stm32.9-2020-q2-update.win32_2.0.0.202105311346/tools/bin/../lib/gcc/arm-none-eabi/9.3.1/thumb/v7-m/nofp/crtbegin.o
 *(.init)
 .init          0x00000000080032b8        0x4 c:/st/stm32cubeide_1.8.0/stm32cubeide/plugins/com.st.stm32cube.ide.mcu.externaltools.gnu-tools-for-stm32.9-2020-q2-update.win32_2.0.0.202105311346/tools/bin/../lib/gcc/arm-none-eabi/9.3.1/thumb/v7-m/nofp/crti.o
                0x00000000080032b8                _init
 .init          0x00000000080032bc        0x8 c:/st/stm32cubeide_1.8.0/stm32cubeide/plugins/com.st.stm32cube.ide.mcu.externaltools.gnu-tools-for-stm32.9-2020-q2-update.win32_2.0.0.202105311346/tools/bin/../lib/gcc/arm-none-eabi/9.3.1/thumb/v7-m/nofp/crtn.o
 *(.fini)
 .fini          0x00000000080032c4        0x4 c:/st/stm32cubeide_1.8.0/stm32cubeide/plugins/com.st.stm32cube.ide.mcu.externaltools.gnu-tools-for-stm32.9-2020-q2-update.win32_2.0.0.202105311346/tools/bin/../lib/gcc/arm-none-eabi/9.3.1/thumb/v7-m/nofp/crti.o
                0x00000000080032c4                _fini
 .fini          0x00000000080032c8        0x8 c:/st/stm32cubeide_1.8.0/stm32cubeide/plugins/com.st.stm32cube.ide.mcu.externaltools.gnu-tools-for-stm32.9-2020-q2-update.win32_2.0.0.202105311346/tools/bin/../lib/gcc/arm-none-eabi/9.3.1/thumb/v7-m/nofp/crtn.o
                0x00000000080032d0                . = ALIGN (0x4)
                0x00000000080032d0                _etext = .

.vfp11_veneer   0x00000000080032d0        0x0
 .vfp11_veneer  0x00000000080032d0        0x0 linker stubs

.v4_bx          0x00000000080032d0        0x0
 .v4_bx         0x00000000080032d0        0x0 linker stubs

.iplt           0x00000000080032d0        0x0
 .iplt          0x00000000080032d0        0x0 c:/st/stm32cubeide_1.8.0/stm32cubeide/plugins/com.st.stm32cube.ide.mcu.externaltools.gnu-tools-for-stm32.9-2020-q2-update.win32_2.0.0.202105311346/tools/bin/../lib/gcc/arm-none-eabi/9.3.1/thumb/v7-m/nofp/crtbegin.o

.rodata         0x00000000080032d0      0x28c
                0x00000000080032d0                . = ALIGN (0x4)
 *(.rodata)
 .rodata        0x00000000080032d0       0x16 ./Src/main.o
 *(.rodata*)
 *fill*         0x00000000080032e6        0x2 
 .rodata.font   0x00000000080032e8      0x240 ./Src/Drivers/ECU/ILI9341_GFX.o
 .rodata._svfprintf_r.str1.1
                0x0000000008003528       0x11 c:/st/stm32cubeide_1.8.0/stm32cubeide/plugins/com.st.stm32cube.ide.mcu.externaltools.gnu-tools-for-stm32.9-2020-q2-update.win32_2.0.0.202105311346/tools/bin/../lib/gcc/arm-none-eabi/9.3.1/../../../../arm-none-eabi/lib/thumb/v7-m/nofp\libc_nano.a(lib_a-nano-svfprintf.o)
 .rodata._printf_i.str1.1
                0x0000000008003539       0x22 c:/st/stm32cubeide_1.8.0/stm32cubeide/plugins/com.st.stm32cube.ide.mcu.externaltools.gnu-tools-for-stm32.9-2020-q2-update.win32_2.0.0.202105311346/tools/bin/../lib/gcc/arm-none-eabi/9.3.1/../../../../arm-none-eabi/lib/thumb/v7-m/nofp\libc_nano.a(lib_a-nano-vfprintf_i.o)
                0x000000000800355c                . = ALIGN (0x4)
 *fill*         0x000000000800355b        0x1 

.rel.dyn        0x000000000800355c        0x0
 .rel.iplt      0x000000000800355c        0x0 c:/st/stm32cubeide_1.8.0/stm32cubeide/plugins/com.st.stm32cube.ide.mcu.externaltools.gnu-tools-for-stm32.9-2020-q2-update.win32_2.0.0.202105311346/tools/bin/../lib/gcc/arm-none-eabi/9.3.1/thumb/v7-m/nofp/crtbegin.o

.ARM.extab      0x000000000800355c        0x0
                0x000000000800355c                . = ALIGN (0x4)
 *(.ARM.extab* .gnu.linkonce.armextab.*)
                0x000000000800355c                . = ALIGN (0x4)

.ARM            0x000000000800355c        0x0
                0x000000000800355c                . = ALIGN (0x4)
                0x000000000800355c                __exidx_start = .
 *(.ARM.exidx*)
                0x000000000800355c                __exidx_end = .
                0x000000000800355c                . = ALIGN (0x4)

.preinit_array  0x000000000800355c        0x0
                0x000000000800355c                . = ALIGN (0x4)
                0x000000000800355c                PROVIDE (__preinit_array_start = .)
 *(.preinit_array*)
                0x000000000800355c                PROVIDE (__preinit_array_end = .)
                0x000000000800355c                . = ALIGN (0x4)

.init_array     0x000000000800355c        0x4
                0x000000000800355c                . = ALIGN (0x4)
                0x000000000800355c                PROVIDE (__init_array_start = .)
 *(SORT_BY_NAME(.init_array.*))
 *(.init_array*)
 .init_array    0x000000000800355c        0x4 c:/st/stm32cubeide_1.8.0/stm32cubeide/plugins/com.st.stm32cube.ide.mcu.externaltools.gnu-tools-for-stm32.9-2020-q2-update.win32_2.0.0.202105311346/tools/bin/../lib/gcc/arm-none-eabi/9.3.1/thumb/v7-m/nofp/crtbegin.o
                0x0000000008003560                PROVIDE (__init_array_end = .)
                0x0000000008003560                . = ALIGN (0x4)

.fini_array     0x0000000008003560        0x4
                0x0000000008003560                . = ALIGN (0x4)
                [!provide]                        PROVIDE (__fini_array_start = .)
 *(SORT_BY_NAME(.fini_array.*))
 *(.fini_array*)
 .fini_array    0x0000000008003560        0x4 c:/st/stm32cubeide_1.8.0/stm32cubeide/plugins/com.st.stm32cube.ide.mcu.externaltools.gnu-tools-for-stm32.9-2020-q2-update.win32_2.0.0.202105311346/tools/bin/../lib/gcc/arm-none-eabi/9.3.1/thumb/v7-m/nofp/crtbegin.o
                [!provide]                        PROVIDE (__fini_array_end = .)
                0x0000000008003564                . = ALIGN (0x4)
                0x0000000008003564                _sidata = LOADADDR (.data)

.data           0x0000000020000000       0x68 load address 0x0000000008003564
                0x0000000020000000                . = ALIGN (0x4)
                0x0000000020000000                _sdata = .
 *(.data)
 *(.data*)
 .data.LCD_HEIGHT
                0x0000000020000000        0x2 ./Src/Drivers/ECU/ILI9341_STM32_Driver.o
                0x0000000020000000                LCD_HEIGHT
 .data.LCD_WIDTH
                0x0000000020000002        0x2 ./Src/Drivers/ECU/ILI9341_STM32_Driver.o
                0x0000000020000002                LCD_WIDTH
 .data._impure_ptr
                0x0000000020000004        0x4 c:/st/stm32cubeide_1.8.0/stm32cubeide/plugins/com.st.stm32cube.ide.mcu.externaltools.gnu-tools-for-stm32.9-2020-q2-update.win32_2.0.0.202105311346/tools/bin/../lib/gcc/arm-none-eabi/9.3.1/../../../../arm-none-eabi/lib/thumb/v7-m/nofp\libc_nano.a(lib_a-impure.o)
                0x0000000020000004                _impure_ptr
 .data.impure_data
                0x0000000020000008       0x60 c:/st/stm32cubeide_1.8.0/stm32cubeide/plugins/com.st.stm32cube.ide.mcu.externaltools.gnu-tools-for-stm32.9-2020-q2-update.win32_2.0.0.202105311346/tools/bin/../lib/gcc/arm-none-eabi/9.3.1/../../../../arm-none-eabi/lib/thumb/v7-m/nofp\libc_nano.a(lib_a-impure.o)
 *(.RamFunc)
 *(.RamFunc*)
                0x0000000020000068                . = ALIGN (0x4)
                0x0000000020000068                _edata = .

.igot.plt       0x0000000020000068        0x0 load address 0x00000000080035cc
 .igot.plt      0x0000000020000068        0x0 c:/st/stm32cubeide_1.8.0/stm32cubeide/plugins/com.st.stm32cube.ide.mcu.externaltools.gnu-tools-for-stm32.9-2020-q2-update.win32_2.0.0.202105311346/tools/bin/../lib/gcc/arm-none-eabi/9.3.1/thumb/v7-m/nofp/crtbegin.o
                0x0000000020000068                . = ALIGN (0x4)

.bss            0x0000000020000068      0x398 load address 0x00000000080035cc
                0x0000000020000068                _sbss = .
                0x0000000020000068                __bss_start__ = _sbss
 *(.bss)
 .bss           0x0000000020000068       0x1c c:/st/stm32cubeide_1.8.0/stm32cubeide/plugins/com.st.stm32cube.ide.mcu.externaltools.gnu-tools-for-stm32.9-2020-q2-update.win32_2.0.0.202105311346/tools/bin/../lib/gcc/arm-none-eabi/9.3.1/thumb/v7-m/nofp/crtbegin.o
 *(.bss*)
 .bss.Color_bufferSize
                0x0000000020000084        0x4 ./Src/Drivers/ECU/ILI9341_STM32_Driver.o
                0x0000000020000084                Color_bufferSize
 .bss.Color_burstCounter
                0x0000000020000088        0x4 ./Src/Drivers/ECU/ILI9341_STM32_Driver.o
                0x0000000020000088                Color_burstCounter
 .bss.Color_burstSize
                0x000000002000008c        0x4 ./Src/Drivers/ECU/ILI9341_STM32_Driver.o
                0x000000002000008c                Color_burstSize
 .bss.ILI9341_CurrentTimeElapsedMs
                0x0000000020000090        0x4 ./Src/Drivers/ECU/ILI9341_STM32_Driver.o
                0x0000000020000090                ILI9341_CurrentTimeElapsedMs
 .bss.ILI9341_OverallTimeElapsedMs
                0x0000000020000094        0x4 ./Src/Drivers/ECU/ILI9341_STM32_Driver.o
                0x0000000020000094                ILI9341_OverallTimeElapsedMs
 .bss.TIM2_OverFlowCounter
                0x0000000020000098        0x4 ./Src/Drivers/TIM/TIM.o
                0x0000000020000098                TIM2_OverFlowCounter
 .bss.__sbrk_heap_end
                0x000000002000009c        0x4 ./Src/sysmem.o
 .bss.__malloc_free_list
                0x00000000200000a0        0x4 c:/st/stm32cubeide_1.8.0/stm32cubeide/plugins/com.st.stm32cube.ide.mcu.externaltools.gnu-tools-for-stm32.9-2020-q2-update.win32_2.0.0.202105311346/tools/bin/../lib/gcc/arm-none-eabi/9.3.1/../../../../arm-none-eabi/lib/thumb/v7-m/nofp\libc_nano.a(lib_a-nano-mallocr.o)
                0x00000000200000a0                __malloc_free_list
 .bss.__malloc_sbrk_start
                0x00000000200000a4        0x4 c:/st/stm32cubeide_1.8.0/stm32cubeide/plugins/com.st.stm32cube.ide.mcu.externaltools.gnu-tools-for-stm32.9-2020-q2-update.win32_2.0.0.202105311346/tools/bin/../lib/gcc/arm-none-eabi/9.3.1/../../../../arm-none-eabi/lib/thumb/v7-m/nofp\libc_nano.a(lib_a-nano-mallocr.o)
                0x00000000200000a4                __malloc_sbrk_start
 *(COMMON)
 COMMON         0x00000000200000a8        0xc ./Src/CortexM3/SYSTICK_M3.o
                0x00000000200000a8                SYSTICK_OverflowCounter
                0x00000000200000ac                SYSTICK_CallBackFunction
                0x00000000200000b0                SYSTICK_NumOfOverflows
 COMMON         0x00000000200000b4       0x1c ./Src/Drivers/DMA/DMA.o
                0x00000000200000b4                DMA1_1_CallbackFnPtr
                0x00000000200000b8                DMA1_3_CallbackFnPtr
                0x00000000200000bc                DMA1_5_CallbackFnPtr
                0x00000000200000c0                DMA1_2_CallbackFnPtr
                0x00000000200000c4                DMA1_7_CallbackFnPtr
                0x00000000200000c8                DMA1_4_CallbackFnPtr
                0x00000000200000cc                DMA1_6_CallbackFnPtr
 COMMON         0x00000000200000d0       0x54 ./Src/Drivers/ECU/ILI9341_GFX.o
                0x00000000200000d0                spiTxdma
                0x00000000200000e0                RST
                0x00000000200000e8                DC
                0x00000000200000f0                SDA
                0x00000000200000f8                SCK
                0x0000000020000100                hspi1
                0x000000002000011c                CS
 COMMON         0x0000000020000124      0x20c ./Src/Drivers/ECU/ILI9341_STM32_Driver.o
                0x0000000020000124                TIM2_CallbackFn
                0x0000000020000128                Color_buffer
                0x000000002000031c                TIM2
                0x000000002000032c                TIM3_CallbackFn
 COMMON         0x0000000020000330        0x8 ./Src/Drivers/TIM/TIM.o
                0x0000000020000330                TIM3_NumOfOverFlows
                0x0000000020000334                TIM2_NumOfOverFlows
 COMMON         0x0000000020000338       0xb8 ./Src/main.o
                0x0000000020000338                dma
                0x0000000020000348                mosi2
                0x0000000020000350                nss1
                0x0000000020000358                spi2
                0x0000000020000374                miso2
                0x000000002000037c                sck1
                0x0000000020000384                receiveArray
                0x000000002000038c                tim2
                0x000000002000039c                mosi1
                0x00000000200003a4                led
                0x00000000200003ac                miso1
                0x00000000200003b4                sck2
                0x00000000200003bc                spiRxdma
                0x00000000200003cc                nss2
                0x00000000200003d4                spi1
 COMMON         0x00000000200003f0        0x4 c:/st/stm32cubeide_1.8.0/stm32cubeide/plugins/com.st.stm32cube.ide.mcu.externaltools.gnu-tools-for-stm32.9-2020-q2-update.win32_2.0.0.202105311346/tools/bin/../lib/gcc/arm-none-eabi/9.3.1/../../../../arm-none-eabi/lib/thumb/v7-m/nofp\libc_nano.a(lib_a-reent.o)
                0x00000000200003f0                errno
 COMMON         0x00000000200003f4        0x9 c:/st/stm32cubeide_1.8.0/stm32cubeide/plugins/com.st.stm32cube.ide.mcu.externaltools.gnu-tools-for-stm32.9-2020-q2-update.win32_2.0.0.202105311346/tools/bin/../lib/gcc/arm-none-eabi/9.3.1/../../../../arm-none-eabi/lib/thumb/v7-m/nofp\libc_nano.a(lib_a-lock.o)
                0x00000000200003f4                __lock___atexit_recursive_mutex
                0x00000000200003f5                __lock___arc4random_mutex
                0x00000000200003f6                __lock___env_recursive_mutex
                0x00000000200003f7                __lock___sinit_recursive_mutex
                0x00000000200003f8                __lock___malloc_recursive_mutex
                0x00000000200003f9                __lock___at_quick_exit_mutex
                0x00000000200003fa                __lock___dd_hash_mutex
                0x00000000200003fb                __lock___tz_mutex
                0x00000000200003fc                __lock___sfp_recursive_mutex
                0x0000000020000400                . = ALIGN (0x4)
 *fill*         0x00000000200003fd        0x3 
                0x0000000020000400                _ebss = .
                0x0000000020000400                __bss_end__ = _ebss

._user_heap_stack
                0x0000000020000400      0x600 load address 0x00000000080035cc
                0x0000000020000400                . = ALIGN (0x8)
                [!provide]                        PROVIDE (end = .)
                0x0000000020000400                PROVIDE (_end = .)
                0x0000000020000600                . = (. + _Min_Heap_Size)
 *fill*         0x0000000020000400      0x200 
                0x0000000020000a00                . = (. + _Min_Stack_Size)
 *fill*         0x0000000020000600      0x400 
                0x0000000020000a00                . = ALIGN (0x8)

/DISCARD/
 libc.a(*)
 libm.a(*)
 libgcc.a(*)

.ARM.attributes
                0x0000000000000000       0x29
 *(.ARM.attributes)
 .ARM.attributes
                0x0000000000000000       0x1d c:/st/stm32cubeide_1.8.0/stm32cubeide/plugins/com.st.stm32cube.ide.mcu.externaltools.gnu-tools-for-stm32.9-2020-q2-update.win32_2.0.0.202105311346/tools/bin/../lib/gcc/arm-none-eabi/9.3.1/thumb/v7-m/nofp/crti.o
 .ARM.attributes
                0x000000000000001d       0x2d c:/st/stm32cubeide_1.8.0/stm32cubeide/plugins/com.st.stm32cube.ide.mcu.externaltools.gnu-tools-for-stm32.9-2020-q2-update.win32_2.0.0.202105311346/tools/bin/../lib/gcc/arm-none-eabi/9.3.1/thumb/v7-m/nofp/crtbegin.o
 .ARM.attributes
                0x000000000000004a       0x2d ./Src/CortexM3/Cortex_M3_Core.o
 .ARM.attributes
                0x0000000000000077       0x2d ./Src/CortexM3/SYSTICK_M3.o
 .ARM.attributes
                0x00000000000000a4       0x2d ./Src/Drivers/DMA/DMA.o
 .ARM.attributes
                0x00000000000000d1       0x2d ./Src/Drivers/ECU/ILI9341_GFX.o
 .ARM.attributes
                0x00000000000000fe       0x2d ./Src/Drivers/ECU/ILI9341_STM32_Driver.o
 .ARM.attributes
                0x000000000000012b       0x2d ./Src/Drivers/GPIO/GPIO.o
 .ARM.attributes
                0x0000000000000158       0x2d ./Src/Drivers/SPI/SPI.o
 .ARM.attributes
                0x0000000000000185       0x2d ./Src/Drivers/TIM/TIM.o
 .ARM.attributes
                0x00000000000001b2       0x2d ./Src/main.o
 .ARM.attributes
                0x00000000000001df       0x2d ./Src/sysmem.o
 .ARM.attributes
                0x000000000000020c       0x21 ./Startup/startup_stm32f103c6tx.o
 .ARM.attributes
                0x000000000000022d       0x2d c:/st/stm32cubeide_1.8.0/stm32cubeide/plugins/com.st.stm32cube.ide.mcu.externaltools.gnu-tools-for-stm32.9-2020-q2-update.win32_2.0.0.202105311346/tools/bin/../lib/gcc/arm-none-eabi/9.3.1/../../../../arm-none-eabi/lib/thumb/v7-m/nofp\libc_nano.a(lib_a-errno.o)
 .ARM.attributes
                0x000000000000025a       0x2d c:/st/stm32cubeide_1.8.0/stm32cubeide/plugins/com.st.stm32cube.ide.mcu.externaltools.gnu-tools-for-stm32.9-2020-q2-update.win32_2.0.0.202105311346/tools/bin/../lib/gcc/arm-none-eabi/9.3.1/../../../../arm-none-eabi/lib/thumb/v7-m/nofp\libc_nano.a(lib_a-impure.o)
 .ARM.attributes
                0x0000000000000287       0x2d c:/st/stm32cubeide_1.8.0/stm32cubeide/plugins/com.st.stm32cube.ide.mcu.externaltools.gnu-tools-for-stm32.9-2020-q2-update.win32_2.0.0.202105311346/tools/bin/../lib/gcc/arm-none-eabi/9.3.1/../../../../arm-none-eabi/lib/thumb/v7-m/nofp\libc_nano.a(lib_a-init.o)
 .ARM.attributes
                0x00000000000002b4       0x17 c:/st/stm32cubeide_1.8.0/stm32cubeide/plugins/com.st.stm32cube.ide.mcu.externaltools.gnu-tools-for-stm32.9-2020-q2-update.win32_2.0.0.202105311346/tools/bin/../lib/gcc/arm-none-eabi/9.3.1/../../../../arm-none-eabi/lib/thumb/v7-m/nofp\libc_nano.a(lib_a-strlen.o)
 .ARM.attributes
                0x00000000000002cb       0x2d c:/st/stm32cubeide_1.8.0/stm32cubeide/plugins/com.st.stm32cube.ide.mcu.externaltools.gnu-tools-for-stm32.9-2020-q2-update.win32_2.0.0.202105311346/tools/bin/../lib/gcc/arm-none-eabi/9.3.1/../../../../arm-none-eabi/lib/thumb/v7-m/nofp\libc_nano.a(lib_a-vsprintf.o)
 .ARM.attributes
                0x00000000000002f8       0x2d c:/st/stm32cubeide_1.8.0/stm32cubeide/plugins/com.st.stm32cube.ide.mcu.externaltools.gnu-tools-for-stm32.9-2020-q2-update.win32_2.0.0.202105311346/tools/bin/../lib/gcc/arm-none-eabi/9.3.1/../../../../arm-none-eabi/lib/thumb/v7-m/nofp\libc_nano.a(lib_a-nano-svfprintf.o)
 .ARM.attributes
                0x0000000000000325       0x2d c:/st/stm32cubeide_1.8.0/stm32cubeide/plugins/com.st.stm32cube.ide.mcu.externaltools.gnu-tools-for-stm32.9-2020-q2-update.win32_2.0.0.202105311346/tools/bin/../lib/gcc/arm-none-eabi/9.3.1/../../../../arm-none-eabi/lib/thumb/v7-m/nofp\libc_nano.a(lib_a-nano-vfprintf_i.o)
 .ARM.attributes
                0x0000000000000352       0x2d c:/st/stm32cubeide_1.8.0/stm32cubeide/plugins/com.st.stm32cube.ide.mcu.externaltools.gnu-tools-for-stm32.9-2020-q2-update.win32_2.0.0.202105311346/tools/bin/../lib/gcc/arm-none-eabi/9.3.1/../../../../arm-none-eabi/lib/thumb/v7-m/nofp\libc_nano.a(lib_a-memchr-stub.o)
 .ARM.attributes
                0x000000000000037f       0x2d c:/st/stm32cubeide_1.8.0/stm32cubeide/plugins/com.st.stm32cube.ide.mcu.externaltools.gnu-tools-for-stm32.9-2020-q2-update.win32_2.0.0.202105311346/tools/bin/../lib/gcc/arm-none-eabi/9.3.1/../../../../arm-none-eabi/lib/thumb/v7-m/nofp\libc_nano.a(lib_a-memcpy-stub.o)
 .ARM.attributes
                0x00000000000003ac       0x2d c:/st/stm32cubeide_1.8.0/stm32cubeide/plugins/com.st.stm32cube.ide.mcu.externaltools.gnu-tools-for-stm32.9-2020-q2-update.win32_2.0.0.202105311346/tools/bin/../lib/gcc/arm-none-eabi/9.3.1/../../../../arm-none-eabi/lib/thumb/v7-m/nofp\libc_nano.a(lib_a-memmove.o)
 .ARM.attributes
                0x00000000000003d9       0x2d c:/st/stm32cubeide_1.8.0/stm32cubeide/plugins/com.st.stm32cube.ide.mcu.externaltools.gnu-tools-for-stm32.9-2020-q2-update.win32_2.0.0.202105311346/tools/bin/../lib/gcc/arm-none-eabi/9.3.1/../../../../arm-none-eabi/lib/thumb/v7-m/nofp\libc_nano.a(lib_a-nano-freer.o)
 .ARM.attributes
                0x0000000000000406       0x2d c:/st/stm32cubeide_1.8.0/stm32cubeide/plugins/com.st.stm32cube.ide.mcu.externaltools.gnu-tools-for-stm32.9-2020-q2-update.win32_2.0.0.202105311346/tools/bin/../lib/gcc/arm-none-eabi/9.3.1/../../../../arm-none-eabi/lib/thumb/v7-m/nofp\libc_nano.a(lib_a-nano-mallocr.o)
 .ARM.attributes
                0x0000000000000433       0x2d c:/st/stm32cubeide_1.8.0/stm32cubeide/plugins/com.st.stm32cube.ide.mcu.externaltools.gnu-tools-for-stm32.9-2020-q2-update.win32_2.0.0.202105311346/tools/bin/../lib/gcc/arm-none-eabi/9.3.1/../../../../arm-none-eabi/lib/thumb/v7-m/nofp\libc_nano.a(lib_a-nano-reallocr.o)
 .ARM.attributes
                0x0000000000000460       0x2d c:/st/stm32cubeide_1.8.0/stm32cubeide/plugins/com.st.stm32cube.ide.mcu.externaltools.gnu-tools-for-stm32.9-2020-q2-update.win32_2.0.0.202105311346/tools/bin/../lib/gcc/arm-none-eabi/9.3.1/../../../../arm-none-eabi/lib/thumb/v7-m/nofp\libc_nano.a(lib_a-sbrkr.o)
 .ARM.attributes
                0x000000000000048d       0x2d c:/st/stm32cubeide_1.8.0/stm32cubeide/plugins/com.st.stm32cube.ide.mcu.externaltools.gnu-tools-for-stm32.9-2020-q2-update.win32_2.0.0.202105311346/tools/bin/../lib/gcc/arm-none-eabi/9.3.1/../../../../arm-none-eabi/lib/thumb/v7-m/nofp\libc_nano.a(lib_a-mlock.o)
 .ARM.attributes
                0x00000000000004ba       0x2d c:/st/stm32cubeide_1.8.0/stm32cubeide/plugins/com.st.stm32cube.ide.mcu.externaltools.gnu-tools-for-stm32.9-2020-q2-update.win32_2.0.0.202105311346/tools/bin/../lib/gcc/arm-none-eabi/9.3.1/../../../../arm-none-eabi/lib/thumb/v7-m/nofp\libc_nano.a(lib_a-nano-msizer.o)
 .ARM.attributes
                0x00000000000004e7       0x2d c:/st/stm32cubeide_1.8.0/stm32cubeide/plugins/com.st.stm32cube.ide.mcu.externaltools.gnu-tools-for-stm32.9-2020-q2-update.win32_2.0.0.202105311346/tools/bin/../lib/gcc/arm-none-eabi/9.3.1/../../../../arm-none-eabi/lib/thumb/v7-m/nofp\libc_nano.a(lib_a-reent.o)
 .ARM.attributes
                0x0000000000000514       0x2d c:/st/stm32cubeide_1.8.0/stm32cubeide/plugins/com.st.stm32cube.ide.mcu.externaltools.gnu-tools-for-stm32.9-2020-q2-update.win32_2.0.0.202105311346/tools/bin/../lib/gcc/arm-none-eabi/9.3.1/../../../../arm-none-eabi/lib/thumb/v7-m/nofp\libc_nano.a(lib_a-lock.o)
 .ARM.attributes
                0x0000000000000541       0x1d c:/st/stm32cubeide_1.8.0/stm32cubeide/plugins/com.st.stm32cube.ide.mcu.externaltools.gnu-tools-for-stm32.9-2020-q2-update.win32_2.0.0.202105311346/tools/bin/../lib/gcc/arm-none-eabi/9.3.1/thumb/v7-m/nofp\libgcc.a(_arm_muldf3.o)
 .ARM.attributes
                0x000000000000055e       0x1d c:/st/stm32cubeide_1.8.0/stm32cubeide/plugins/com.st.stm32cube.ide.mcu.externaltools.gnu-tools-for-stm32.9-2020-q2-update.win32_2.0.0.202105311346/tools/bin/../lib/gcc/arm-none-eabi/9.3.1/thumb/v7-m/nofp\libgcc.a(_arm_addsubdf3.o)
 .ARM.attributes
                0x000000000000057b       0x1d c:/st/stm32cubeide_1.8.0/stm32cubeide/plugins/com.st.stm32cube.ide.mcu.externaltools.gnu-tools-for-stm32.9-2020-q2-update.win32_2.0.0.202105311346/tools/bin/../lib/gcc/arm-none-eabi/9.3.1/thumb/v7-m/nofp\libgcc.a(_arm_truncdfsf2.o)
 .ARM.attributes
                0x0000000000000598       0x1d c:/st/stm32cubeide_1.8.0/stm32cubeide/plugins/com.st.stm32cube.ide.mcu.externaltools.gnu-tools-for-stm32.9-2020-q2-update.win32_2.0.0.202105311346/tools/bin/../lib/gcc/arm-none-eabi/9.3.1/thumb/v7-m/nofp\libgcc.a(_arm_addsubsf3.o)
 .ARM.attributes
                0x00000000000005b5       0x1d c:/st/stm32cubeide_1.8.0/stm32cubeide/plugins/com.st.stm32cube.ide.mcu.externaltools.gnu-tools-for-stm32.9-2020-q2-update.win32_2.0.0.202105311346/tools/bin/../lib/gcc/arm-none-eabi/9.3.1/thumb/v7-m/nofp\libgcc.a(_arm_fixsfsi.o)
 .ARM.attributes
                0x00000000000005d2       0x1d c:/st/stm32cubeide_1.8.0/stm32cubeide/plugins/com.st.stm32cube.ide.mcu.externaltools.gnu-tools-for-stm32.9-2020-q2-update.win32_2.0.0.202105311346/tools/bin/../lib/gcc/arm-none-eabi/9.3.1/thumb/v7-m/nofp/crtn.o
OUTPUT(NVIC.elf elf32-littlearm)
LOAD linker stubs
LOAD c:/st/stm32cubeide_1.8.0/stm32cubeide/plugins/com.st.stm32cube.ide.mcu.externaltools.gnu-tools-for-stm32.9-2020-q2-update.win32_2.0.0.202105311346/tools/bin/../lib/gcc/arm-none-eabi/9.3.1/../../../../arm-none-eabi/lib/thumb/v7-m/nofp\libc.a
LOAD c:/st/stm32cubeide_1.8.0/stm32cubeide/plugins/com.st.stm32cube.ide.mcu.externaltools.gnu-tools-for-stm32.9-2020-q2-update.win32_2.0.0.202105311346/tools/bin/../lib/gcc/arm-none-eabi/9.3.1/../../../../arm-none-eabi/lib/thumb/v7-m/nofp\libm.a
LOAD c:/st/stm32cubeide_1.8.0/stm32cubeide/plugins/com.st.stm32cube.ide.mcu.externaltools.gnu-tools-for-stm32.9-2020-q2-update.win32_2.0.0.202105311346/tools/bin/../lib/gcc/arm-none-eabi/9.3.1/thumb/v7-m/nofp\libgcc.a

.debug_info     0x0000000000000000     0x6005
 .debug_info    0x0000000000000000      0x3f2 ./Src/CortexM3/Cortex_M3_Core.o
 .debug_info    0x00000000000003f2      0x208 ./Src/CortexM3/SYSTICK_M3.o
 .debug_info    0x00000000000005fa      0x759 ./Src/Drivers/DMA/DMA.o
 .debug_info    0x0000000000000d53     0x1710 ./Src/Drivers/ECU/ILI9341_GFX.o
 .debug_info    0x0000000000002463     0x100c ./Src/Drivers/ECU/ILI9341_STM32_Driver.o
 .debug_info    0x000000000000346f      0x35f ./Src/Drivers/GPIO/GPIO.o
 .debug_info    0x00000000000037ce      0x906 ./Src/Drivers/SPI/SPI.o
 .debug_info    0x00000000000040d4      0x480 ./Src/Drivers/TIM/TIM.o
 .debug_info    0x0000000000004554     0x106a ./Src/main.o
 .debug_info    0x00000000000055be      0xa25 ./Src/sysmem.o
 .debug_info    0x0000000000005fe3       0x22 ./Startup/startup_stm32f103c6tx.o

.debug_abbrev   0x0000000000000000      0xfd0
 .debug_abbrev  0x0000000000000000      0x10f ./Src/CortexM3/Cortex_M3_Core.o
 .debug_abbrev  0x000000000000010f      0x108 ./Src/CortexM3/SYSTICK_M3.o
 .debug_abbrev  0x0000000000000217      0x1a0 ./Src/Drivers/DMA/DMA.o
 .debug_abbrev  0x00000000000003b7      0x2b8 ./Src/Drivers/ECU/ILI9341_GFX.o
 .debug_abbrev  0x000000000000066f      0x214 ./Src/Drivers/ECU/ILI9341_STM32_Driver.o
 .debug_abbrev  0x0000000000000883       0xf8 ./Src/Drivers/GPIO/GPIO.o
 .debug_abbrev  0x000000000000097b      0x15b ./Src/Drivers/SPI/SPI.o
 .debug_abbrev  0x0000000000000ad6      0x14f ./Src/Drivers/TIM/TIM.o
 .debug_abbrev  0x0000000000000c25      0x1da ./Src/main.o
 .debug_abbrev  0x0000000000000dff      0x1bf ./Src/sysmem.o
 .debug_abbrev  0x0000000000000fbe       0x12 ./Startup/startup_stm32f103c6tx.o

.debug_aranges  0x0000000000000000      0x410
 .debug_aranges
                0x0000000000000000       0x48 ./Src/CortexM3/Cortex_M3_Core.o
 .debug_aranges
                0x0000000000000048       0x60 ./Src/CortexM3/SYSTICK_M3.o
 .debug_aranges
                0x00000000000000a8       0xd8 ./Src/Drivers/DMA/DMA.o
 .debug_aranges
                0x0000000000000180       0x50 ./Src/Drivers/ECU/ILI9341_GFX.o
 .debug_aranges
                0x00000000000001d0       0xc0 ./Src/Drivers/ECU/ILI9341_STM32_Driver.o
 .debug_aranges
                0x0000000000000290       0x38 ./Src/Drivers/GPIO/GPIO.o
 .debug_aranges
                0x00000000000002c8       0x40 ./Src/Drivers/SPI/SPI.o
 .debug_aranges
                0x0000000000000308       0x68 ./Src/Drivers/TIM/TIM.o
 .debug_aranges
                0x0000000000000370       0x58 ./Src/main.o
 .debug_aranges
                0x00000000000003c8       0x20 ./Src/sysmem.o
 .debug_aranges
                0x00000000000003e8       0x28 ./Startup/startup_stm32f103c6tx.o

.debug_ranges   0x0000000000000000      0x368
 .debug_ranges  0x0000000000000000       0x38 ./Src/CortexM3/Cortex_M3_Core.o
 .debug_ranges  0x0000000000000038       0x50 ./Src/CortexM3/SYSTICK_M3.o
 .debug_ranges  0x0000000000000088       0xc8 ./Src/Drivers/DMA/DMA.o
 .debug_ranges  0x0000000000000150       0x40 ./Src/Drivers/ECU/ILI9341_GFX.o
 .debug_ranges  0x0000000000000190       0xb0 ./Src/Drivers/ECU/ILI9341_STM32_Driver.o
 .debug_ranges  0x0000000000000240       0x28 ./Src/Drivers/GPIO/GPIO.o
 .debug_ranges  0x0000000000000268       0x30 ./Src/Drivers/SPI/SPI.o
 .debug_ranges  0x0000000000000298       0x58 ./Src/Drivers/TIM/TIM.o
 .debug_ranges  0x00000000000002f0       0x48 ./Src/main.o
 .debug_ranges  0x0000000000000338       0x10 ./Src/sysmem.o
 .debug_ranges  0x0000000000000348       0x20 ./Startup/startup_stm32f103c6tx.o

.debug_macro    0x0000000000000000     0x2b96
 .debug_macro   0x0000000000000000       0x29 ./Src/CortexM3/Cortex_M3_Core.o
 .debug_macro   0x0000000000000029      0xaa2 ./Src/CortexM3/Cortex_M3_Core.o
 .debug_macro   0x0000000000000acb       0x3a ./Src/CortexM3/Cortex_M3_Core.o
 .debug_macro   0x0000000000000b05       0x16 ./Src/CortexM3/Cortex_M3_Core.o
 .debug_macro   0x0000000000000b1b       0x29 ./Src/CortexM3/SYSTICK_M3.o
 .debug_macro   0x0000000000000b44       0x40 ./Src/CortexM3/SYSTICK_M3.o
 .debug_macro   0x0000000000000b84       0x32 ./Src/Drivers/DMA/DMA.o
 .debug_macro   0x0000000000000bb6       0x22 ./Src/Drivers/DMA/DMA.o
 .debug_macro   0x0000000000000bd8       0x82 ./Src/Drivers/DMA/DMA.o
 .debug_macro   0x0000000000000c5a      0x22c ./Src/Drivers/ECU/ILI9341_GFX.o
 .debug_macro   0x0000000000000e86       0xe8 ./Src/Drivers/ECU/ILI9341_GFX.o
 .debug_macro   0x0000000000000f6e       0x46 ./Src/Drivers/ECU/ILI9341_GFX.o
 .debug_macro   0x0000000000000fb4       0xcb ./Src/Drivers/ECU/ILI9341_GFX.o
 .debug_macro   0x000000000000107f       0x16 ./Src/Drivers/ECU/ILI9341_GFX.o
 .debug_macro   0x0000000000001095       0x16 ./Src/Drivers/ECU/ILI9341_GFX.o
 .debug_macro   0x00000000000010ab       0x22 ./Src/Drivers/ECU/ILI9341_GFX.o
 .debug_macro   0x00000000000010cd       0x4c ./Src/Drivers/ECU/ILI9341_GFX.o
 .debug_macro   0x0000000000001119       0x18 ./Src/Drivers/ECU/ILI9341_GFX.o
 .debug_macro   0x0000000000001131       0x94 ./Src/Drivers/ECU/ILI9341_GFX.o
 .debug_macro   0x00000000000011c5       0x3c ./Src/Drivers/ECU/ILI9341_GFX.o
 .debug_macro   0x0000000000001201       0x34 ./Src/Drivers/ECU/ILI9341_GFX.o
 .debug_macro   0x0000000000001235      0x174 ./Src/Drivers/ECU/ILI9341_GFX.o
 .debug_macro   0x00000000000013a9       0x16 ./Src/Drivers/ECU/ILI9341_GFX.o
 .debug_macro   0x00000000000013bf       0x43 ./Src/Drivers/ECU/ILI9341_GFX.o
 .debug_macro   0x0000000000001402       0x57 ./Src/Drivers/ECU/ILI9341_GFX.o
 .debug_macro   0x0000000000001459       0x34 ./Src/Drivers/ECU/ILI9341_GFX.o
 .debug_macro   0x000000000000148d       0x10 ./Src/Drivers/ECU/ILI9341_GFX.o
 .debug_macro   0x000000000000149d       0x58 ./Src/Drivers/ECU/ILI9341_GFX.o
 .debug_macro   0x00000000000014f5       0x71 ./Src/Drivers/ECU/ILI9341_GFX.o
 .debug_macro   0x0000000000001566       0x1c ./Src/Drivers/ECU/ILI9341_GFX.o
 .debug_macro   0x0000000000001582      0x12a ./Src/Drivers/ECU/ILI9341_GFX.o
 .debug_macro   0x00000000000016ac      0x339 ./Src/Drivers/ECU/ILI9341_GFX.o
 .debug_macro   0x00000000000019e5       0x10 ./Src/Drivers/ECU/ILI9341_GFX.o
 .debug_macro   0x00000000000019f5       0x35 ./Src/Drivers/ECU/ILI9341_GFX.o
 .debug_macro   0x0000000000001a2a       0x20 ./Src/Drivers/ECU/ILI9341_GFX.o
 .debug_macro   0x0000000000001a4a       0x1c ./Src/Drivers/ECU/ILI9341_GFX.o
 .debug_macro   0x0000000000001a66       0x10 ./Src/Drivers/ECU/ILI9341_GFX.o
 .debug_macro   0x0000000000001a76       0x10 ./Src/Drivers/ECU/ILI9341_GFX.o
 .debug_macro   0x0000000000001a86       0x6a ./Src/Drivers/ECU/ILI9341_GFX.o
 .debug_macro   0x0000000000001af0       0x1c ./Src/Drivers/ECU/ILI9341_GFX.o
 .debug_macro   0x0000000000001b0c       0x52 ./Src/Drivers/ECU/ILI9341_GFX.o
 .debug_macro   0x0000000000001b5e       0x22 ./Src/Drivers/ECU/ILI9341_GFX.o
 .debug_macro   0x0000000000001b80       0x10 ./Src/Drivers/ECU/ILI9341_GFX.o
 .debug_macro   0x0000000000001b90       0x40 ./Src/Drivers/ECU/ILI9341_GFX.o
 .debug_macro   0x0000000000001bd0       0xd5 ./Src/Drivers/ECU/ILI9341_GFX.o
 .debug_macro   0x0000000000001ca5       0x1c ./Src/Drivers/ECU/ILI9341_GFX.o
 .debug_macro   0x0000000000001cc1       0x3d ./Src/Drivers/ECU/ILI9341_GFX.o
 .debug_macro   0x0000000000001cfe       0x16 ./Src/Drivers/ECU/ILI9341_GFX.o
 .debug_macro   0x0000000000001d14      0x145 ./Src/Drivers/ECU/ILI9341_GFX.o
 .debug_macro   0x0000000000001e59       0x4c ./Src/Drivers/ECU/ILI9341_GFX.o
 .debug_macro   0x0000000000001ea5       0x65 ./Src/Drivers/ECU/ILI9341_STM32_Driver.o
 .debug_macro   0x0000000000001f0a       0x46 ./Src/Drivers/ECU/ILI9341_STM32_Driver.o
 .debug_macro   0x0000000000001f50       0x76 ./Src/Drivers/ECU/ILI9341_STM32_Driver.o
 .debug_macro   0x0000000000001fc6       0x32 ./Src/Drivers/GPIO/GPIO.o
 .debug_macro   0x0000000000001ff8       0x40 ./Src/Drivers/GPIO/GPIO.o
 .debug_macro   0x0000000000002038       0x41 ./Src/Drivers/SPI/SPI.o
 .debug_macro   0x0000000000002079       0x2c ./Src/Drivers/TIM/TIM.o
 .debug_macro   0x00000000000020a5       0xd2 ./Src/main.o
 .debug_macro   0x0000000000002177       0x8e ./Src/main.o
 .debug_macro   0x0000000000002205       0x51 ./Src/main.o
 .debug_macro   0x0000000000002256      0x103 ./Src/main.o
 .debug_macro   0x0000000000002359      0x1df ./Src/main.o
 .debug_macro   0x0000000000002538      0x1ae ./Src/main.o
 .debug_macro   0x00000000000026e6       0x88 ./Src/main.o
 .debug_macro   0x000000000000276e       0xee ./Src/main.o
 .debug_macro   0x000000000000285c       0xff ./Src/sysmem.o
 .debug_macro   0x000000000000295b      0x23b ./Src/sysmem.o

.debug_line     0x0000000000000000     0x2bec
 .debug_line    0x0000000000000000      0x13f ./Src/CortexM3/Cortex_M3_Core.o
 .debug_line    0x000000000000013f      0x1aa ./Src/CortexM3/SYSTICK_M3.o
 .debug_line    0x00000000000002e9      0x3b8 ./Src/Drivers/DMA/DMA.o
 .debug_line    0x00000000000006a1      0x917 ./Src/Drivers/ECU/ILI9341_GFX.o
 .debug_line    0x0000000000000fb8      0x61c ./Src/Drivers/ECU/ILI9341_STM32_Driver.o
 .debug_line    0x00000000000015d4      0x4dd ./Src/Drivers/GPIO/GPIO.o
 .debug_line    0x0000000000001ab1      0x2d9 ./Src/Drivers/SPI/SPI.o
 .debug_line    0x0000000000001d8a      0x23c ./Src/Drivers/TIM/TIM.o
 .debug_line    0x0000000000001fc6      0x6af ./Src/main.o
 .debug_line    0x0000000000002675      0x4f3 ./Src/sysmem.o
 .debug_line    0x0000000000002b68       0x84 ./Startup/startup_stm32f103c6tx.o

.debug_str      0x0000000000000000     0xbb1e
 .debug_str     0x0000000000000000     0x3775 ./Src/CortexM3/Cortex_M3_Core.o
                                       0x37d2 (size before relaxing)
 .debug_str     0x0000000000003775      0x366 ./Src/CortexM3/SYSTICK_M3.o
                                       0x3247 (size before relaxing)
 .debug_str     0x0000000000003adb      0x819 ./Src/Drivers/DMA/DMA.o
                                       0x37ec (size before relaxing)
 .debug_str     0x00000000000042f4     0x56a1 ./Src/Drivers/ECU/ILI9341_GFX.o
                                       0x8e59 (size before relaxing)
 .debug_str     0x0000000000009995      0x5d6 ./Src/Drivers/ECU/ILI9341_STM32_Driver.o
                                       0x49df (size before relaxing)
 .debug_str     0x0000000000009f6b       0x6c ./Src/Drivers/GPIO/GPIO.o
                                       0x3393 (size before relaxing)
 .debug_str     0x0000000000009fd7       0x64 ./Src/Drivers/SPI/SPI.o
                                       0x3cab (size before relaxing)
 .debug_str     0x000000000000a03b      0x120 ./Src/Drivers/TIM/TIM.o
                                       0x33e2 (size before relaxing)
 .debug_str     0x000000000000a15b     0x14ae ./Src/main.o
                                       0x68f5 (size before relaxing)
 .debug_str     0x000000000000b609      0x4e4 ./Src/sysmem.o
                                       0x6245 (size before relaxing)
 .debug_str     0x000000000000baed       0x31 ./Startup/startup_stm32f103c6tx.o
                                         0x56 (size before relaxing)

.comment        0x0000000000000000       0x53
 .comment       0x0000000000000000       0x53 ./Src/CortexM3/Cortex_M3_Core.o
                                         0x54 (size before relaxing)
 .comment       0x0000000000000053       0x54 ./Src/CortexM3/SYSTICK_M3.o
 .comment       0x0000000000000053       0x54 ./Src/Drivers/DMA/DMA.o
 .comment       0x0000000000000053       0x54 ./Src/Drivers/ECU/ILI9341_GFX.o
 .comment       0x0000000000000053       0x54 ./Src/Drivers/ECU/ILI9341_STM32_Driver.o
 .comment       0x0000000000000053       0x54 ./Src/Drivers/GPIO/GPIO.o
 .comment       0x0000000000000053       0x54 ./Src/Drivers/SPI/SPI.o
 .comment       0x0000000000000053       0x54 ./Src/Drivers/TIM/TIM.o
 .comment       0x0000000000000053       0x54 ./Src/main.o
 .comment       0x0000000000000053       0x54 ./Src/sysmem.o

.debug_frame    0x0000000000000000     0x1398
 .debug_frame   0x0000000000000000      0x100 ./Src/CortexM3/Cortex_M3_Core.o
 .debug_frame   0x0000000000000100      0x140 ./Src/CortexM3/SYSTICK_M3.o
 .debug_frame   0x0000000000000240      0x354 ./Src/Drivers/DMA/DMA.o
 .debug_frame   0x0000000000000594      0x138 ./Src/Drivers/ECU/ILI9341_GFX.o
 .debug_frame   0x00000000000006cc      0x2e0 ./Src/Drivers/ECU/ILI9341_STM32_Driver.o
 .debug_frame   0x00000000000009ac       0xb0 ./Src/Drivers/GPIO/GPIO.o
 .debug_frame   0x0000000000000a5c       0xd0 ./Src/Drivers/SPI/SPI.o
 .debug_frame   0x0000000000000b2c      0x19c ./Src/Drivers/TIM/TIM.o
 .debug_frame   0x0000000000000cc8      0x110 ./Src/main.o
 .debug_frame   0x0000000000000dd8       0x34 ./Src/sysmem.o
 .debug_frame   0x0000000000000e0c       0x20 c:/st/stm32cubeide_1.8.0/stm32cubeide/plugins/com.st.stm32cube.ide.mcu.externaltools.gnu-tools-for-stm32.9-2020-q2-update.win32_2.0.0.202105311346/tools/bin/../lib/gcc/arm-none-eabi/9.3.1/../../../../arm-none-eabi/lib/thumb/v7-m/nofp\libc_nano.a(lib_a-errno.o)
 .debug_frame   0x0000000000000e2c       0x2c c:/st/stm32cubeide_1.8.0/stm32cubeide/plugins/com.st.stm32cube.ide.mcu.externaltools.gnu-tools-for-stm32.9-2020-q2-update.win32_2.0.0.202105311346/tools/bin/../lib/gcc/arm-none-eabi/9.3.1/../../../../arm-none-eabi/lib/thumb/v7-m/nofp\libc_nano.a(lib_a-init.o)
 .debug_frame   0x0000000000000e58       0x3c c:/st/stm32cubeide_1.8.0/stm32cubeide/plugins/com.st.stm32cube.ide.mcu.externaltools.gnu-tools-for-stm32.9-2020-q2-update.win32_2.0.0.202105311346/tools/bin/../lib/gcc/arm-none-eabi/9.3.1/../../../../arm-none-eabi/lib/thumb/v7-m/nofp\libc_nano.a(lib_a-vsprintf.o)
 .debug_frame   0x0000000000000e94       0x90 c:/st/stm32cubeide_1.8.0/stm32cubeide/plugins/com.st.stm32cube.ide.mcu.externaltools.gnu-tools-for-stm32.9-2020-q2-update.win32_2.0.0.202105311346/tools/bin/../lib/gcc/arm-none-eabi/9.3.1/../../../../arm-none-eabi/lib/thumb/v7-m/nofp\libc_nano.a(lib_a-nano-svfprintf.o)
 .debug_frame   0x0000000000000f24       0x60 c:/st/stm32cubeide_1.8.0/stm32cubeide/plugins/com.st.stm32cube.ide.mcu.externaltools.gnu-tools-for-stm32.9-2020-q2-update.win32_2.0.0.202105311346/tools/bin/../lib/gcc/arm-none-eabi/9.3.1/../../../../arm-none-eabi/lib/thumb/v7-m/nofp\libc_nano.a(lib_a-nano-vfprintf_i.o)
 .debug_frame   0x0000000000000f84       0x28 c:/st/stm32cubeide_1.8.0/stm32cubeide/plugins/com.st.stm32cube.ide.mcu.externaltools.gnu-tools-for-stm32.9-2020-q2-update.win32_2.0.0.202105311346/tools/bin/../lib/gcc/arm-none-eabi/9.3.1/../../../../arm-none-eabi/lib/thumb/v7-m/nofp\libc_nano.a(lib_a-memchr-stub.o)
 .debug_frame   0x0000000000000fac       0x28 c:/st/stm32cubeide_1.8.0/stm32cubeide/plugins/com.st.stm32cube.ide.mcu.externaltools.gnu-tools-for-stm32.9-2020-q2-update.win32_2.0.0.202105311346/tools/bin/../lib/gcc/arm-none-eabi/9.3.1/../../../../arm-none-eabi/lib/thumb/v7-m/nofp\libc_nano.a(lib_a-memcpy-stub.o)
 .debug_frame   0x0000000000000fd4       0x28 c:/st/stm32cubeide_1.8.0/stm32cubeide/plugins/com.st.stm32cube.ide.mcu.externaltools.gnu-tools-for-stm32.9-2020-q2-update.win32_2.0.0.202105311346/tools/bin/../lib/gcc/arm-none-eabi/9.3.1/../../../../arm-none-eabi/lib/thumb/v7-m/nofp\libc_nano.a(lib_a-memmove.o)
 .debug_frame   0x0000000000000ffc       0x38 c:/st/stm32cubeide_1.8.0/stm32cubeide/plugins/com.st.stm32cube.ide.mcu.externaltools.gnu-tools-for-stm32.9-2020-q2-update.win32_2.0.0.202105311346/tools/bin/../lib/gcc/arm-none-eabi/9.3.1/../../../../arm-none-eabi/lib/thumb/v7-m/nofp\libc_nano.a(lib_a-nano-freer.o)
 .debug_frame   0x0000000000001034       0x30 c:/st/stm32cubeide_1.8.0/stm32cubeide/plugins/com.st.stm32cube.ide.mcu.externaltools.gnu-tools-for-stm32.9-2020-q2-update.win32_2.0.0.202105311346/tools/bin/../lib/gcc/arm-none-eabi/9.3.1/../../../../arm-none-eabi/lib/thumb/v7-m/nofp\libc_nano.a(lib_a-nano-mallocr.o)
 .debug_frame   0x0000000000001064       0x3c c:/st/stm32cubeide_1.8.0/stm32cubeide/plugins/com.st.stm32cube.ide.mcu.externaltools.gnu-tools-for-stm32.9-2020-q2-update.win32_2.0.0.202105311346/tools/bin/../lib/gcc/arm-none-eabi/9.3.1/../../../../arm-none-eabi/lib/thumb/v7-m/nofp\libc_nano.a(lib_a-nano-reallocr.o)
 .debug_frame   0x00000000000010a0       0x2c c:/st/stm32cubeide_1.8.0/stm32cubeide/plugins/com.st.stm32cube.ide.mcu.externaltools.gnu-tools-for-stm32.9-2020-q2-update.win32_2.0.0.202105311346/tools/bin/../lib/gcc/arm-none-eabi/9.3.1/../../../../arm-none-eabi/lib/thumb/v7-m/nofp\libc_nano.a(lib_a-sbrkr.o)
 .debug_frame   0x00000000000010cc       0x30 c:/st/stm32cubeide_1.8.0/stm32cubeide/plugins/com.st.stm32cube.ide.mcu.externaltools.gnu-tools-for-stm32.9-2020-q2-update.win32_2.0.0.202105311346/tools/bin/../lib/gcc/arm-none-eabi/9.3.1/../../../../arm-none-eabi/lib/thumb/v7-m/nofp\libc_nano.a(lib_a-mlock.o)
 .debug_frame   0x00000000000010fc       0x20 c:/st/stm32cubeide_1.8.0/stm32cubeide/plugins/com.st.stm32cube.ide.mcu.externaltools.gnu-tools-for-stm32.9-2020-q2-update.win32_2.0.0.202105311346/tools/bin/../lib/gcc/arm-none-eabi/9.3.1/../../../../arm-none-eabi/lib/thumb/v7-m/nofp\libc_nano.a(lib_a-nano-msizer.o)
 .debug_frame   0x000000000000111c       0x5c c:/st/stm32cubeide_1.8.0/stm32cubeide/plugins/com.st.stm32cube.ide.mcu.externaltools.gnu-tools-for-stm32.9-2020-q2-update.win32_2.0.0.202105311346/tools/bin/../lib/gcc/arm-none-eabi/9.3.1/../../../../arm-none-eabi/lib/thumb/v7-m/nofp\libc_nano.a(lib_a-reent.o)
 .debug_frame   0x0000000000001178       0xb0 c:/st/stm32cubeide_1.8.0/stm32cubeide/plugins/com.st.stm32cube.ide.mcu.externaltools.gnu-tools-for-stm32.9-2020-q2-update.win32_2.0.0.202105311346/tools/bin/../lib/gcc/arm-none-eabi/9.3.1/../../../../arm-none-eabi/lib/thumb/v7-m/nofp\libc_nano.a(lib_a-lock.o)
 .debug_frame   0x0000000000001228       0x30 c:/st/stm32cubeide_1.8.0/stm32cubeide/plugins/com.st.stm32cube.ide.mcu.externaltools.gnu-tools-for-stm32.9-2020-q2-update.win32_2.0.0.202105311346/tools/bin/../lib/gcc/arm-none-eabi/9.3.1/thumb/v7-m/nofp\libgcc.a(_arm_muldf3.o)
 .debug_frame   0x0000000000001258       0xac c:/st/stm32cubeide_1.8.0/stm32cubeide/plugins/com.st.stm32cube.ide.mcu.externaltools.gnu-tools-for-stm32.9-2020-q2-update.win32_2.0.0.202105311346/tools/bin/../lib/gcc/arm-none-eabi/9.3.1/thumb/v7-m/nofp\libgcc.a(_arm_addsubdf3.o)
 .debug_frame   0x0000000000001304       0x24 c:/st/stm32cubeide_1.8.0/stm32cubeide/plugins/com.st.stm32cube.ide.mcu.externaltools.gnu-tools-for-stm32.9-2020-q2-update.win32_2.0.0.202105311346/tools/bin/../lib/gcc/arm-none-eabi/9.3.1/thumb/v7-m/nofp\libgcc.a(_arm_truncdfsf2.o)
 .debug_frame   0x0000000000001328       0x4c c:/st/stm32cubeide_1.8.0/stm32cubeide/plugins/com.st.stm32cube.ide.mcu.externaltools.gnu-tools-for-stm32.9-2020-q2-update.win32_2.0.0.202105311346/tools/bin/../lib/gcc/arm-none-eabi/9.3.1/thumb/v7-m/nofp\libgcc.a(_arm_addsubsf3.o)
 .debug_frame   0x0000000000001374       0x24 c:/st/stm32cubeide_1.8.0/stm32cubeide/plugins/com.st.stm32cube.ide.mcu.externaltools.gnu-tools-for-stm32.9-2020-q2-update.win32_2.0.0.202105311346/tools/bin/../lib/gcc/arm-none-eabi/9.3.1/thumb/v7-m/nofp\libgcc.a(_arm_fixsfsi.o)
