Archive member included to satisfy reference by file (symbol)

c:/st/stm32cubeide_1.8.0/stm32cubeide/plugins/com.st.stm32cube.ide.mcu.externaltools.gnu-tools-for-stm32.9-2020-q2-update.win32_2.0.0.202105311346/tools/bin/../lib/gcc/arm-none-eabi/9.3.1/../../../../arm-none-eabi/lib/thumb/v7-m/nofp\libc_nano.a(lib_a-errno.o)
                              ./Src/syscalls.o (__errno)
c:/st/stm32cubeide_1.8.0/stm32cubeide/plugins/com.st.stm32cube.ide.mcu.externaltools.gnu-tools-for-stm32.9-2020-q2-update.win32_2.0.0.202105311346/tools/bin/../lib/gcc/arm-none-eabi/9.3.1/../../../../arm-none-eabi/lib/thumb/v7-m/nofp\libc_nano.a(lib_a-exit.o)
                              c:/st/stm32cubeide_1.8.0/stm32cubeide/plugins/com.st.stm32cube.ide.mcu.externaltools.gnu-tools-for-stm32.9-2020-q2-update.win32_2.0.0.202105311346/tools/bin/../lib/gcc/arm-none-eabi/9.3.1/../../../../arm-none-eabi/lib/thumb/v7-m/nofp/crt0.o (exit)
c:/st/stm32cubeide_1.8.0/stm32cubeide/plugins/com.st.stm32cube.ide.mcu.externaltools.gnu-tools-for-stm32.9-2020-q2-update.win32_2.0.0.202105311346/tools/bin/../lib/gcc/arm-none-eabi/9.3.1/../../../../arm-none-eabi/lib/thumb/v7-m/nofp\libc_nano.a(lib_a-impure.o)
                              c:/st/stm32cubeide_1.8.0/stm32cubeide/plugins/com.st.stm32cube.ide.mcu.externaltools.gnu-tools-for-stm32.9-2020-q2-update.win32_2.0.0.202105311346/tools/bin/../lib/gcc/arm-none-eabi/9.3.1/../../../../arm-none-eabi/lib/thumb/v7-m/nofp\libc_nano.a(lib_a-exit.o) (_global_impure_ptr)
c:/st/stm32cubeide_1.8.0/stm32cubeide/plugins/com.st.stm32cube.ide.mcu.externaltools.gnu-tools-for-stm32.9-2020-q2-update.win32_2.0.0.202105311346/tools/bin/../lib/gcc/arm-none-eabi/9.3.1/../../../../arm-none-eabi/lib/thumb/v7-m/nofp\libc_nano.a(lib_a-init.o)
                              c:/st/stm32cubeide_1.8.0/stm32cubeide/plugins/com.st.stm32cube.ide.mcu.externaltools.gnu-tools-for-stm32.9-2020-q2-update.win32_2.0.0.202105311346/tools/bin/../lib/gcc/arm-none-eabi/9.3.1/../../../../arm-none-eabi/lib/thumb/v7-m/nofp/crt0.o (__libc_init_array)
c:/st/stm32cubeide_1.8.0/stm32cubeide/plugins/com.st.stm32cube.ide.mcu.externaltools.gnu-tools-for-stm32.9-2020-q2-update.win32_2.0.0.202105311346/tools/bin/../lib/gcc/arm-none-eabi/9.3.1/../../../../arm-none-eabi/lib/thumb/v7-m/nofp\libc_nano.a(lib_a-memset.o)
                              c:/st/stm32cubeide_1.8.0/stm32cubeide/plugins/com.st.stm32cube.ide.mcu.externaltools.gnu-tools-for-stm32.9-2020-q2-update.win32_2.0.0.202105311346/tools/bin/../lib/gcc/arm-none-eabi/9.3.1/../../../../arm-none-eabi/lib/thumb/v7-m/nofp/crt0.o (memset)
c:/st/stm32cubeide_1.8.0/stm32cubeide/plugins/com.st.stm32cube.ide.mcu.externaltools.gnu-tools-for-stm32.9-2020-q2-update.win32_2.0.0.202105311346/tools/bin/../lib/gcc/arm-none-eabi/9.3.1/thumb/v7-m/nofp\libgcc.a(_arm_addsubsf3.o)
                              ./Src/Drivers/ECU/ILI9341_GFX.o (__aeabi_i2f)
c:/st/stm32cubeide_1.8.0/stm32cubeide/plugins/com.st.stm32cube.ide.mcu.externaltools.gnu-tools-for-stm32.9-2020-q2-update.win32_2.0.0.202105311346/tools/bin/../lib/gcc/arm-none-eabi/9.3.1/thumb/v7-m/nofp\libgcc.a(_arm_cmpsf2.o)
                              ./Src/Drivers/ECU/ILI9341_GFX.o (__aeabi_fcmplt)

Allocating common symbols
Common symbol       size              file

TIM2_CallbackFn     0x4               ./Src/Drivers/TIM/TIM.o
dma                 0x10              ./Src/main.o
mosi2               0x8               ./Src/main.o
nss1                0x8               ./Src/main.o
spi2                0x1c              ./Src/main.o
DMA1_1_CallbackFnPtr
                    0x4               ./Src/Drivers/DMA/DMA.o
spiTxdma            0x10              ./Src/Drivers/ECU/ILI9341_GFX.o
miso2               0x8               ./Src/main.o
Color_buffer        0x1f4             ./Src/Drivers/ECU/ILI9341_STM32_Driver.o
sck1                0x8               ./Src/main.o
receiveArray        0x5               ./Src/main.o
DMA1_3_CallbackFnPtr
                    0x4               ./Src/Drivers/DMA/DMA.o
RST                 0x8               ./Src/Drivers/ECU/ILI9341_GFX.o
tim2                0x10              ./Src/main.o
mosi1               0x8               ./Src/main.o
DC                  0x8               ./Src/Drivers/ECU/ILI9341_GFX.o
DMA1_5_CallbackFnPtr
                    0x4               ./Src/Drivers/DMA/DMA.o
led                 0x8               ./Src/main.o
SYSTICK_OverflowCounter
                    0x4               ./Src/CortexM3/SYSTICK_M3.o
miso1               0x8               ./Src/main.o
SYSTICK_CallBackFunction
                    0x4               ./Src/CortexM3/SYSTICK_M3.o
DMA1_2_CallbackFnPtr
                    0x4               ./Src/Drivers/DMA/DMA.o
sck2                0x8               ./Src/main.o
SDA                 0x8               ./Src/Drivers/ECU/ILI9341_GFX.o
DMA1_7_CallbackFnPtr
                    0x4               ./Src/Drivers/DMA/DMA.o
SCK                 0x8               ./Src/Drivers/ECU/ILI9341_GFX.o
DMA1_4_CallbackFnPtr
                    0x4               ./Src/Drivers/DMA/DMA.o
TIM3_NumOfOverFlows
                    0x4               ./Src/Drivers/TIM/TIM.o
SYSTICK_NumOfOverflows
                    0x4               ./Src/CortexM3/SYSTICK_M3.o
spiRxdma            0x10              ./Src/main.o
hspi1               0x1c              ./Src/Drivers/ECU/ILI9341_GFX.o
nss2                0x8               ./Src/main.o
TIM3_CallbackFn     0x4               ./Src/Drivers/TIM/TIM.o
spi1                0x1c              ./Src/main.o
TIM2_NumOfOverFlows
                    0x4               ./Src/Drivers/TIM/TIM.o
CS                  0x8               ./Src/Drivers/ECU/ILI9341_GFX.o
DMA1_6_CallbackFnPtr
                    0x4               ./Src/Drivers/DMA/DMA.o

Discarded input sections

 .text          0x0000000000000000        0x0 c:/st/stm32cubeide_1.8.0/stm32cubeide/plugins/com.st.stm32cube.ide.mcu.externaltools.gnu-tools-for-stm32.9-2020-q2-update.win32_2.0.0.202105311346/tools/bin/../lib/gcc/arm-none-eabi/9.3.1/thumb/v7-m/nofp/crti.o
 .data          0x0000000000000000        0x0 c:/st/stm32cubeide_1.8.0/stm32cubeide/plugins/com.st.stm32cube.ide.mcu.externaltools.gnu-tools-for-stm32.9-2020-q2-update.win32_2.0.0.202105311346/tools/bin/../lib/gcc/arm-none-eabi/9.3.1/thumb/v7-m/nofp/crti.o
 .bss           0x0000000000000000        0x0 c:/st/stm32cubeide_1.8.0/stm32cubeide/plugins/com.st.stm32cube.ide.mcu.externaltools.gnu-tools-for-stm32.9-2020-q2-update.win32_2.0.0.202105311346/tools/bin/../lib/gcc/arm-none-eabi/9.3.1/thumb/v7-m/nofp/crti.o
 .data          0x0000000000000000        0x4 c:/st/stm32cubeide_1.8.0/stm32cubeide/plugins/com.st.stm32cube.ide.mcu.externaltools.gnu-tools-for-stm32.9-2020-q2-update.win32_2.0.0.202105311346/tools/bin/../lib/gcc/arm-none-eabi/9.3.1/thumb/v7-m/nofp/crtbegin.o
 .text          0x0000000000000000       0x7c c:/st/stm32cubeide_1.8.0/stm32cubeide/plugins/com.st.stm32cube.ide.mcu.externaltools.gnu-tools-for-stm32.9-2020-q2-update.win32_2.0.0.202105311346/tools/bin/../lib/gcc/arm-none-eabi/9.3.1/../../../../arm-none-eabi/lib/thumb/v7-m/nofp/crt0.o
 .data          0x0000000000000000        0x0 c:/st/stm32cubeide_1.8.0/stm32cubeide/plugins/com.st.stm32cube.ide.mcu.externaltools.gnu-tools-for-stm32.9-2020-q2-update.win32_2.0.0.202105311346/tools/bin/../lib/gcc/arm-none-eabi/9.3.1/../../../../arm-none-eabi/lib/thumb/v7-m/nofp/crt0.o
 .bss           0x0000000000000000        0x0 c:/st/stm32cubeide_1.8.0/stm32cubeide/plugins/com.st.stm32cube.ide.mcu.externaltools.gnu-tools-for-stm32.9-2020-q2-update.win32_2.0.0.202105311346/tools/bin/../lib/gcc/arm-none-eabi/9.3.1/../../../../arm-none-eabi/lib/thumb/v7-m/nofp/crt0.o
 .ARM.extab     0x0000000000000000        0x0 c:/st/stm32cubeide_1.8.0/stm32cubeide/plugins/com.st.stm32cube.ide.mcu.externaltools.gnu-tools-for-stm32.9-2020-q2-update.win32_2.0.0.202105311346/tools/bin/../lib/gcc/arm-none-eabi/9.3.1/../../../../arm-none-eabi/lib/thumb/v7-m/nofp/crt0.o
 .ARM.exidx     0x0000000000000000       0x10 c:/st/stm32cubeide_1.8.0/stm32cubeide/plugins/com.st.stm32cube.ide.mcu.externaltools.gnu-tools-for-stm32.9-2020-q2-update.win32_2.0.0.202105311346/tools/bin/../lib/gcc/arm-none-eabi/9.3.1/../../../../arm-none-eabi/lib/thumb/v7-m/nofp/crt0.o
 .ARM.attributes
                0x0000000000000000       0x1b c:/st/stm32cubeide_1.8.0/stm32cubeide/plugins/com.st.stm32cube.ide.mcu.externaltools.gnu-tools-for-stm32.9-2020-q2-update.win32_2.0.0.202105311346/tools/bin/../lib/gcc/arm-none-eabi/9.3.1/../../../../arm-none-eabi/lib/thumb/v7-m/nofp/crt0.o
 .group         0x0000000000000000        0xc ./Src/CortexM3/Cortex_M3_Core.o
 .group         0x0000000000000000        0xc ./Src/CortexM3/Cortex_M3_Core.o
 .group         0x0000000000000000        0xc ./Src/CortexM3/Cortex_M3_Core.o
 .text          0x0000000000000000        0x0 ./Src/CortexM3/Cortex_M3_Core.o
 .data          0x0000000000000000        0x0 ./Src/CortexM3/Cortex_M3_Core.o
 .bss           0x0000000000000000        0x0 ./Src/CortexM3/Cortex_M3_Core.o
 .text.NVIC_ClearEnableInterrupt
                0x0000000000000000       0x50 ./Src/CortexM3/Cortex_M3_Core.o
 .text.NVIC_SetPendingInterrupt
                0x0000000000000000       0x50 ./Src/CortexM3/Cortex_M3_Core.o
 .text.NVIC_ClearPendingInterrupt
                0x0000000000000000       0x50 ./Src/CortexM3/Cortex_M3_Core.o
 .text.NVIC_IsActiveInterrupt
                0x0000000000000000       0x34 ./Src/CortexM3/Cortex_M3_Core.o
 .text.NVIC_SetPriority
                0x0000000000000000       0x2c ./Src/CortexM3/Cortex_M3_Core.o
 .group         0x0000000000000000        0xc ./Src/CortexM3/SYSTICK_M3.o
 .group         0x0000000000000000        0xc ./Src/CortexM3/SYSTICK_M3.o
 .group         0x0000000000000000        0xc ./Src/CortexM3/SYSTICK_M3.o
 .text          0x0000000000000000        0x0 ./Src/CortexM3/SYSTICK_M3.o
 .data          0x0000000000000000        0x0 ./Src/CortexM3/SYSTICK_M3.o
 .bss           0x0000000000000000        0x0 ./Src/CortexM3/SYSTICK_M3.o
 .text.SYSTICK_DeInit
                0x0000000000000000       0x30 ./Src/CortexM3/SYSTICK_M3.o
 .text.SYSTICK_DisableInterrupt
                0x0000000000000000       0x1c ./Src/CortexM3/SYSTICK_M3.o
 .text.SYSTICK_Start
                0x0000000000000000       0x34 ./Src/CortexM3/SYSTICK_M3.o
 .text.SYSTICK_StartTimer
                0x0000000000000000       0x48 ./Src/CortexM3/SYSTICK_M3.o
 .text.SYSTICK_Stop
                0x0000000000000000       0x1c ./Src/CortexM3/SYSTICK_M3.o
 .debug_macro   0x0000000000000000      0xaa2 ./Src/CortexM3/SYSTICK_M3.o
 .debug_macro   0x0000000000000000       0x3a ./Src/CortexM3/SYSTICK_M3.o
 .group         0x0000000000000000        0xc ./Src/Drivers/DMA/DMA.o
 .group         0x0000000000000000        0xc ./Src/Drivers/DMA/DMA.o
 .group         0x0000000000000000        0xc ./Src/Drivers/DMA/DMA.o
 .group         0x0000000000000000        0xc ./Src/Drivers/DMA/DMA.o
 .text          0x0000000000000000        0x0 ./Src/Drivers/DMA/DMA.o
 .data          0x0000000000000000        0x0 ./Src/Drivers/DMA/DMA.o
 .bss           0x0000000000000000        0x0 ./Src/Drivers/DMA/DMA.o
 .text.DMA_Transfer
                0x0000000000000000       0x46 ./Src/Drivers/DMA/DMA.o
 .text.DMA_InterruptEnable
                0x0000000000000000       0x34 ./Src/Drivers/DMA/DMA.o
 .text.DMA_InterruptDisable
                0x0000000000000000       0x34 ./Src/Drivers/DMA/DMA.o
 .text.DMA2_Channel4_IRQHandler
                0x0000000000000000        0xc ./Src/Drivers/DMA/DMA.o
 .text.DMA2_Channel5_IRQHandler
                0x0000000000000000        0xc ./Src/Drivers/DMA/DMA.o
 .text.DMA2_Channel6_IRQHandler
                0x0000000000000000        0xc ./Src/Drivers/DMA/DMA.o
 .debug_macro   0x0000000000000000      0xaa2 ./Src/Drivers/DMA/DMA.o
 .debug_macro   0x0000000000000000       0x3a ./Src/Drivers/DMA/DMA.o
 .group         0x0000000000000000        0xc ./Src/Drivers/ECU/ILI9341_GFX.o
 .group         0x0000000000000000        0xc ./Src/Drivers/ECU/ILI9341_GFX.o
 .group         0x0000000000000000        0xc ./Src/Drivers/ECU/ILI9341_GFX.o
 .group         0x0000000000000000        0xc ./Src/Drivers/ECU/ILI9341_GFX.o
 .group         0x0000000000000000        0xc ./Src/Drivers/ECU/ILI9341_GFX.o
 .group         0x0000000000000000        0xc ./Src/Drivers/ECU/ILI9341_GFX.o
 .group         0x0000000000000000        0xc ./Src/Drivers/ECU/ILI9341_GFX.o
 .group         0x0000000000000000        0xc ./Src/Drivers/ECU/ILI9341_GFX.o
 .group         0x0000000000000000        0xc ./Src/Drivers/ECU/ILI9341_GFX.o
 .text          0x0000000000000000        0x0 ./Src/Drivers/ECU/ILI9341_GFX.o
 .data          0x0000000000000000        0x0 ./Src/Drivers/ECU/ILI9341_GFX.o
 .bss           0x0000000000000000        0x0 ./Src/Drivers/ECU/ILI9341_GFX.o
 .text.ILI9341_Draw_Hollow_Circle
                0x0000000000000000      0x16c ./Src/Drivers/ECU/ILI9341_GFX.o
 .text.ILI9341_Draw_Filled_Circle
                0x0000000000000000      0x110 ./Src/Drivers/ECU/ILI9341_GFX.o
 .text.ILI9341_Draw_Hollow_Rectangle_Coord
                0x0000000000000000      0x102 ./Src/Drivers/ECU/ILI9341_GFX.o
 .text.ILI9341_Draw_Filled_Rectangle_Coord
                0x0000000000000000       0xbc ./Src/Drivers/ECU/ILI9341_GFX.o
 .debug_macro   0x0000000000000000      0xaa2 ./Src/Drivers/ECU/ILI9341_GFX.o
 .debug_macro   0x0000000000000000       0x22 ./Src/Drivers/ECU/ILI9341_GFX.o
 .debug_macro   0x0000000000000000       0x3a ./Src/Drivers/ECU/ILI9341_GFX.o
 .debug_macro   0x0000000000000000       0x82 ./Src/Drivers/ECU/ILI9341_GFX.o
 .group         0x0000000000000000        0xc ./Src/Drivers/ECU/ILI9341_STM32_Driver.o
 .group         0x0000000000000000        0xc ./Src/Drivers/ECU/ILI9341_STM32_Driver.o
 .group         0x0000000000000000        0xc ./Src/Drivers/ECU/ILI9341_STM32_Driver.o
 .group         0x0000000000000000        0xc ./Src/Drivers/ECU/ILI9341_STM32_Driver.o
 .group         0x0000000000000000        0xc ./Src/Drivers/ECU/ILI9341_STM32_Driver.o
 .group         0x0000000000000000        0xc ./Src/Drivers/ECU/ILI9341_STM32_Driver.o
 .group         0x0000000000000000        0xc ./Src/Drivers/ECU/ILI9341_STM32_Driver.o
 .group         0x0000000000000000        0xc ./Src/Drivers/ECU/ILI9341_STM32_Driver.o
 .text          0x0000000000000000        0x0 ./Src/Drivers/ECU/ILI9341_STM32_Driver.o
 .data          0x0000000000000000        0x0 ./Src/Drivers/ECU/ILI9341_STM32_Driver.o
 .bss           0x0000000000000000        0x0 ./Src/Drivers/ECU/ILI9341_STM32_Driver.o
 .text.ILI9341_Draw_Colour
                0x0000000000000000       0x54 ./Src/Drivers/ECU/ILI9341_STM32_Driver.o
 .text.ILI9341_Fill_Screen
                0x0000000000000000       0x54 ./Src/Drivers/ECU/ILI9341_STM32_Driver.o
 .text.ILI9341_Draw_Horizontal_Line
                0x0000000000000000       0x88 ./Src/Drivers/ECU/ILI9341_STM32_Driver.o
 .text.ILI9341_Draw_Vertical_Line
                0x0000000000000000       0x88 ./Src/Drivers/ECU/ILI9341_STM32_Driver.o
 .debug_macro   0x0000000000000000      0xaa2 ./Src/Drivers/ECU/ILI9341_STM32_Driver.o
 .debug_macro   0x0000000000000000       0x22 ./Src/Drivers/ECU/ILI9341_STM32_Driver.o
 .debug_macro   0x0000000000000000       0x3a ./Src/Drivers/ECU/ILI9341_STM32_Driver.o
 .debug_macro   0x0000000000000000       0x82 ./Src/Drivers/ECU/ILI9341_STM32_Driver.o
 .debug_macro   0x0000000000000000       0xe8 ./Src/Drivers/ECU/ILI9341_STM32_Driver.o
 .debug_macro   0x0000000000000000       0x46 ./Src/Drivers/ECU/ILI9341_STM32_Driver.o
 .debug_macro   0x0000000000000000       0xc5 ./Src/Drivers/ECU/ILI9341_STM32_Driver.o
 .group         0x0000000000000000        0xc ./Src/Drivers/GPIO/GPIO.o
 .group         0x0000000000000000        0xc ./Src/Drivers/GPIO/GPIO.o
 .group         0x0000000000000000        0xc ./Src/Drivers/GPIO/GPIO.o
 .group         0x0000000000000000        0xc ./Src/Drivers/GPIO/GPIO.o
 .text          0x0000000000000000        0x0 ./Src/Drivers/GPIO/GPIO.o
 .data          0x0000000000000000        0x0 ./Src/Drivers/GPIO/GPIO.o
 .bss           0x0000000000000000        0x0 ./Src/Drivers/GPIO/GPIO.o
 .text.GPIO_ReadPin
                0x0000000000000000       0x3c ./Src/Drivers/GPIO/GPIO.o
 .debug_macro   0x0000000000000000      0xaa2 ./Src/Drivers/GPIO/GPIO.o
 .debug_macro   0x0000000000000000       0x22 ./Src/Drivers/GPIO/GPIO.o
 .debug_macro   0x0000000000000000       0x3a ./Src/Drivers/GPIO/GPIO.o
 .group         0x0000000000000000        0xc ./Src/Drivers/RCC/RCC.o
 .group         0x0000000000000000        0xc ./Src/Drivers/RCC/RCC.o
 .group         0x0000000000000000        0xc ./Src/Drivers/RCC/RCC.o
 .group         0x0000000000000000        0xc ./Src/Drivers/RCC/RCC.o
 .text          0x0000000000000000        0x0 ./Src/Drivers/RCC/RCC.o
 .data          0x0000000000000000        0x0 ./Src/Drivers/RCC/RCC.o
 .bss           0x0000000000000000        0x0 ./Src/Drivers/RCC/RCC.o
 .text.RCC_Init
                0x0000000000000000       0xa8 ./Src/Drivers/RCC/RCC.o
 .debug_info    0x0000000000000000      0x1d0 ./Src/Drivers/RCC/RCC.o
 .debug_abbrev  0x0000000000000000       0xbf ./Src/Drivers/RCC/RCC.o
 .debug_aranges
                0x0000000000000000       0x20 ./Src/Drivers/RCC/RCC.o
 .debug_ranges  0x0000000000000000       0x10 ./Src/Drivers/RCC/RCC.o
 .debug_macro   0x0000000000000000       0x32 ./Src/Drivers/RCC/RCC.o
 .debug_macro   0x0000000000000000      0xaa2 ./Src/Drivers/RCC/RCC.o
 .debug_macro   0x0000000000000000       0x3a ./Src/Drivers/RCC/RCC.o
 .debug_macro   0x0000000000000000       0x22 ./Src/Drivers/RCC/RCC.o
 .debug_macro   0x0000000000000000      0x1a8 ./Src/Drivers/RCC/RCC.o
 .debug_line    0x0000000000000000       0xc8 ./Src/Drivers/RCC/RCC.o
 .debug_str     0x0000000000000000     0x3a44 ./Src/Drivers/RCC/RCC.o
 .comment       0x0000000000000000       0x54 ./Src/Drivers/RCC/RCC.o
 .debug_frame   0x0000000000000000       0x38 ./Src/Drivers/RCC/RCC.o
 .ARM.attributes
                0x0000000000000000       0x2d ./Src/Drivers/RCC/RCC.o
 .group         0x0000000000000000        0xc ./Src/Drivers/SPI/SPI.o
 .group         0x0000000000000000        0xc ./Src/Drivers/SPI/SPI.o
 .group         0x0000000000000000        0xc ./Src/Drivers/SPI/SPI.o
 .group         0x0000000000000000        0xc ./Src/Drivers/SPI/SPI.o
 .group         0x0000000000000000        0xc ./Src/Drivers/SPI/SPI.o
 .text          0x0000000000000000        0x0 ./Src/Drivers/SPI/SPI.o
 .data          0x0000000000000000        0x0 ./Src/Drivers/SPI/SPI.o
 .bss           0x0000000000000000        0x0 ./Src/Drivers/SPI/SPI.o
 .text.SPI_Receive
                0x0000000000000000       0x9a ./Src/Drivers/SPI/SPI.o
 .text.SPI_ReceiveDMA
                0x0000000000000000       0x5a ./Src/Drivers/SPI/SPI.o
 .debug_macro   0x0000000000000000      0xaa2 ./Src/Drivers/SPI/SPI.o
 .debug_macro   0x0000000000000000       0x22 ./Src/Drivers/SPI/SPI.o
 .debug_macro   0x0000000000000000       0x3a ./Src/Drivers/SPI/SPI.o
 .debug_macro   0x0000000000000000       0x82 ./Src/Drivers/SPI/SPI.o
 .debug_macro   0x0000000000000000       0xe8 ./Src/Drivers/SPI/SPI.o
 .group         0x0000000000000000        0xc ./Src/Drivers/TIM/TIM.o
 .group         0x0000000000000000        0xc ./Src/Drivers/TIM/TIM.o
 .group         0x0000000000000000        0xc ./Src/Drivers/TIM/TIM.o
 .group         0x0000000000000000        0xc ./Src/Drivers/TIM/TIM.o
 .text          0x0000000000000000        0x0 ./Src/Drivers/TIM/TIM.o
 .data          0x0000000000000000        0x0 ./Src/Drivers/TIM/TIM.o
 .bss           0x0000000000000000        0x0 ./Src/Drivers/TIM/TIM.o
 .bss.TIM3_OverFlowCounter
                0x0000000000000000        0x4 ./Src/Drivers/TIM/TIM.o
 .text.TIM_Stop
                0x0000000000000000       0x34 ./Src/Drivers/TIM/TIM.o
 .text.TIM_SetAutoReload
                0x0000000000000000       0x2e ./Src/Drivers/TIM/TIM.o
 .text.TIM_SetPrescaler
                0x0000000000000000       0x2e ./Src/Drivers/TIM/TIM.o
 .text.TIM_SetInterrupt
                0x0000000000000000       0x34 ./Src/Drivers/TIM/TIM.o
 .text.TIM_ClearInterrupt
                0x0000000000000000       0x34 ./Src/Drivers/TIM/TIM.o
 .debug_macro   0x0000000000000000      0xaa2 ./Src/Drivers/TIM/TIM.o
 .debug_macro   0x0000000000000000       0x22 ./Src/Drivers/TIM/TIM.o
 .debug_macro   0x0000000000000000       0x3a ./Src/Drivers/TIM/TIM.o
 .group         0x0000000000000000        0xc ./Src/main.o
 .group         0x0000000000000000        0xc ./Src/main.o
 .group         0x0000000000000000        0xc ./Src/main.o
 .group         0x0000000000000000        0xc ./Src/main.o
 .group         0x0000000000000000        0xc ./Src/main.o
 .group         0x0000000000000000        0xc ./Src/main.o
 .group         0x0000000000000000        0xc ./Src/main.o
 .group         0x0000000000000000        0xc ./Src/main.o
 .group         0x0000000000000000        0xc ./Src/main.o
 .group         0x0000000000000000        0xc ./Src/main.o
 .group         0x0000000000000000        0xc ./Src/main.o
 .group         0x0000000000000000        0xc ./Src/main.o
 .group         0x0000000000000000        0xc ./Src/main.o
 .group         0x0000000000000000        0xc ./Src/main.o
 .group         0x0000000000000000        0xc ./Src/main.o
 .group         0x0000000000000000        0xc ./Src/main.o
 .group         0x0000000000000000        0xc ./Src/main.o
 .group         0x0000000000000000        0xc ./Src/main.o
 .text          0x0000000000000000        0x0 ./Src/main.o
 .data          0x0000000000000000        0x0 ./Src/main.o
 .bss           0x0000000000000000        0x0 ./Src/main.o
 .data.sendArray
                0x0000000000000000        0x5 ./Src/main.o
 .text.Clock_Config
                0x0000000000000000       0x64 ./Src/main.o
 .text.blinkLed
                0x0000000000000000       0x1c ./Src/main.o
 .text.transmit
                0x0000000000000000       0x24 ./Src/main.o
 .text.DMA1_1_CallbackFn
                0x0000000000000000       0x30 ./Src/main.o
 .debug_macro   0x0000000000000000      0xaa2 ./Src/main.o
 .debug_macro   0x0000000000000000       0x3a ./Src/main.o
 .debug_macro   0x0000000000000000       0x16 ./Src/main.o
 .debug_macro   0x0000000000000000       0x22 ./Src/main.o
 .debug_macro   0x0000000000000000       0x40 ./Src/main.o
 .debug_macro   0x0000000000000000       0x46 ./Src/main.o
 .debug_macro   0x0000000000000000       0xc5 ./Src/main.o
 .debug_macro   0x0000000000000000       0x16 ./Src/main.o
 .debug_macro   0x0000000000000000       0x70 ./Src/main.o
 .group         0x0000000000000000        0xc ./Src/syscalls.o
 .group         0x0000000000000000        0xc ./Src/syscalls.o
 .group         0x0000000000000000        0xc ./Src/syscalls.o
 .group         0x0000000000000000        0xc ./Src/syscalls.o
 .group         0x0000000000000000        0xc ./Src/syscalls.o
 .group         0x0000000000000000        0xc ./Src/syscalls.o
 .group         0x0000000000000000        0xc ./Src/syscalls.o
 .group         0x0000000000000000        0xc ./Src/syscalls.o
 .group         0x0000000000000000        0xc ./Src/syscalls.o
 .group         0x0000000000000000        0xc ./Src/syscalls.o
 .group         0x0000000000000000        0xc ./Src/syscalls.o
 .group         0x0000000000000000        0xc ./Src/syscalls.o
 .group         0x0000000000000000        0xc ./Src/syscalls.o
 .group         0x0000000000000000        0xc ./Src/syscalls.o
 .group         0x0000000000000000        0xc ./Src/syscalls.o
 .group         0x0000000000000000        0xc ./Src/syscalls.o
 .group         0x0000000000000000        0xc ./Src/syscalls.o
 .group         0x0000000000000000        0xc ./Src/syscalls.o
 .group         0x0000000000000000        0xc ./Src/syscalls.o
 .group         0x0000000000000000        0xc ./Src/syscalls.o
 .group         0x0000000000000000        0xc ./Src/syscalls.o
 .group         0x0000000000000000        0xc ./Src/syscalls.o
 .group         0x0000000000000000        0xc ./Src/syscalls.o
 .group         0x0000000000000000        0xc ./Src/syscalls.o
 .group         0x0000000000000000        0xc ./Src/syscalls.o
 .group         0x0000000000000000        0xc ./Src/syscalls.o
 .group         0x0000000000000000        0xc ./Src/syscalls.o
 .group         0x0000000000000000        0xc ./Src/syscalls.o
 .group         0x0000000000000000        0xc ./Src/syscalls.o
 .group         0x0000000000000000        0xc ./Src/syscalls.o
 .group         0x0000000000000000        0xc ./Src/syscalls.o
 .group         0x0000000000000000        0xc ./Src/syscalls.o
 .group         0x0000000000000000        0xc ./Src/syscalls.o
 .group         0x0000000000000000        0xc ./Src/syscalls.o
 .group         0x0000000000000000        0xc ./Src/syscalls.o
 .group         0x0000000000000000        0xc ./Src/syscalls.o
 .group         0x0000000000000000        0xc ./Src/syscalls.o
 .group         0x0000000000000000        0xc ./Src/syscalls.o
 .group         0x0000000000000000        0xc ./Src/syscalls.o
 .group         0x0000000000000000        0xc ./Src/syscalls.o
 .group         0x0000000000000000        0xc ./Src/syscalls.o
 .group         0x0000000000000000        0xc ./Src/syscalls.o
 .group         0x0000000000000000        0xc ./Src/syscalls.o
 .group         0x0000000000000000        0xc ./Src/syscalls.o
 .group         0x0000000000000000        0xc ./Src/syscalls.o
 .group         0x0000000000000000        0xc ./Src/syscalls.o
 .group         0x0000000000000000        0xc ./Src/syscalls.o
 .text          0x0000000000000000        0x0 ./Src/syscalls.o
 .data          0x0000000000000000        0x0 ./Src/syscalls.o
 .bss           0x0000000000000000        0x0 ./Src/syscalls.o
 .bss.__env     0x0000000000000000        0x4 ./Src/syscalls.o
 .data.environ  0x0000000000000000        0x4 ./Src/syscalls.o
 .text.initialise_monitor_handles
                0x0000000000000000        0xc ./Src/syscalls.o
 .text._getpid  0x0000000000000000        0xe ./Src/syscalls.o
 .text._kill    0x0000000000000000       0x20 ./Src/syscalls.o
 .text._exit    0x0000000000000000       0x14 ./Src/syscalls.o
 .text._read    0x0000000000000000       0x3a ./Src/syscalls.o
 .text._write   0x0000000000000000       0x38 ./Src/syscalls.o
 .text._close   0x0000000000000000       0x16 ./Src/syscalls.o
 .text._fstat   0x0000000000000000       0x1e ./Src/syscalls.o
 .text._isatty  0x0000000000000000       0x14 ./Src/syscalls.o
 .text._lseek   0x0000000000000000       0x18 ./Src/syscalls.o
 .text._open    0x0000000000000000       0x1a ./Src/syscalls.o
 .text._wait    0x0000000000000000       0x1e ./Src/syscalls.o
 .text._unlink  0x0000000000000000       0x1e ./Src/syscalls.o
 .text._times   0x0000000000000000       0x16 ./Src/syscalls.o
 .text._stat    0x0000000000000000       0x1e ./Src/syscalls.o
 .text._link    0x0000000000000000       0x20 ./Src/syscalls.o
 .text._fork    0x0000000000000000       0x16 ./Src/syscalls.o
 .text._execve  0x0000000000000000       0x22 ./Src/syscalls.o
 .debug_info    0x0000000000000000      0xfa8 ./Src/syscalls.o
 .debug_abbrev  0x0000000000000000      0x286 ./Src/syscalls.o
 .debug_aranges
                0x0000000000000000       0xa8 ./Src/syscalls.o
 .debug_ranges  0x0000000000000000       0x98 ./Src/syscalls.o
 .debug_macro   0x0000000000000000      0x24c ./Src/syscalls.o
 .debug_macro   0x0000000000000000      0xaa2 ./Src/syscalls.o
 .debug_macro   0x0000000000000000       0x22 ./Src/syscalls.o
 .debug_macro   0x0000000000000000       0x4c ./Src/syscalls.o
 .debug_macro   0x0000000000000000       0x18 ./Src/syscalls.o
 .debug_macro   0x0000000000000000       0x94 ./Src/syscalls.o
 .debug_macro   0x0000000000000000       0x3c ./Src/syscalls.o
 .debug_macro   0x0000000000000000       0x34 ./Src/syscalls.o
 .debug_macro   0x0000000000000000       0x57 ./Src/syscalls.o
 .debug_macro   0x0000000000000000      0x174 ./Src/syscalls.o
 .debug_macro   0x0000000000000000      0x339 ./Src/syscalls.o
 .debug_macro   0x0000000000000000       0x16 ./Src/syscalls.o
 .debug_macro   0x0000000000000000       0x43 ./Src/syscalls.o
 .debug_macro   0x0000000000000000       0x34 ./Src/syscalls.o
 .debug_macro   0x0000000000000000       0x10 ./Src/syscalls.o
 .debug_macro   0x0000000000000000       0x58 ./Src/syscalls.o
 .debug_macro   0x0000000000000000       0x71 ./Src/syscalls.o
 .debug_macro   0x0000000000000000       0x1c ./Src/syscalls.o
 .debug_macro   0x0000000000000000      0x12a ./Src/syscalls.o
 .debug_macro   0x0000000000000000       0x10 ./Src/syscalls.o
 .debug_macro   0x0000000000000000       0x35 ./Src/syscalls.o
 .debug_macro   0x0000000000000000       0x10 ./Src/syscalls.o
 .debug_macro   0x0000000000000000       0x10 ./Src/syscalls.o
 .debug_macro   0x0000000000000000       0x10 ./Src/syscalls.o
 .debug_macro   0x0000000000000000       0x6a ./Src/syscalls.o
 .debug_macro   0x0000000000000000       0x1c ./Src/syscalls.o
 .debug_macro   0x0000000000000000       0x52 ./Src/syscalls.o
 .debug_macro   0x0000000000000000       0x22 ./Src/syscalls.o
 .debug_macro   0x0000000000000000       0x10 ./Src/syscalls.o
 .debug_macro   0x0000000000000000       0x40 ./Src/syscalls.o
 .debug_macro   0x0000000000000000       0xd5 ./Src/syscalls.o
 .debug_macro   0x0000000000000000       0x1c ./Src/syscalls.o
 .debug_macro   0x0000000000000000       0x3d ./Src/syscalls.o
 .debug_macro   0x0000000000000000       0x35 ./Src/syscalls.o
 .debug_macro   0x0000000000000000      0x12c ./Src/syscalls.o
 .debug_macro   0x0000000000000000       0x16 ./Src/syscalls.o
 .debug_macro   0x0000000000000000       0x16 ./Src/syscalls.o
 .debug_macro   0x0000000000000000       0x29 ./Src/syscalls.o
 .debug_macro   0x0000000000000000       0x10 ./Src/syscalls.o
 .debug_macro   0x0000000000000000      0x241 ./Src/syscalls.o
 .debug_macro   0x0000000000000000       0x1c ./Src/syscalls.o
 .debug_macro   0x0000000000000000       0x10 ./Src/syscalls.o
 .debug_macro   0x0000000000000000       0x10 ./Src/syscalls.o
 .debug_macro   0x0000000000000000       0x16 ./Src/syscalls.o
 .debug_macro   0x0000000000000000      0x145 ./Src/syscalls.o
 .debug_macro   0x0000000000000000      0x189 ./Src/syscalls.o
 .debug_macro   0x0000000000000000       0x16 ./Src/syscalls.o
 .debug_macro   0x0000000000000000       0xce ./Src/syscalls.o
 .debug_line    0x0000000000000000      0x7fd ./Src/syscalls.o
 .debug_str     0x0000000000000000     0x8e72 ./Src/syscalls.o
 .comment       0x0000000000000000       0x54 ./Src/syscalls.o
 .debug_frame   0x0000000000000000      0x2ac ./Src/syscalls.o
 .ARM.attributes
                0x0000000000000000       0x2d ./Src/syscalls.o
 .group         0x0000000000000000        0xc ./Src/sysmem.o
 .group         0x0000000000000000        0xc ./Src/sysmem.o
 .group         0x0000000000000000        0xc ./Src/sysmem.o
 .group         0x0000000000000000        0xc ./Src/sysmem.o
 .group         0x0000000000000000        0xc ./Src/sysmem.o
 .group         0x0000000000000000        0xc ./Src/sysmem.o
 .group         0x0000000000000000        0xc ./Src/sysmem.o
 .group         0x0000000000000000        0xc ./Src/sysmem.o
 .group         0x0000000000000000        0xc ./Src/sysmem.o
 .group         0x0000000000000000        0xc ./Src/sysmem.o
 .group         0x0000000000000000        0xc ./Src/sysmem.o
 .group         0x0000000000000000        0xc ./Src/sysmem.o
 .group         0x0000000000000000        0xc ./Src/sysmem.o
 .group         0x0000000000000000        0xc ./Src/sysmem.o
 .group         0x0000000000000000        0xc ./Src/sysmem.o
 .group         0x0000000000000000        0xc ./Src/sysmem.o
 .group         0x0000000000000000        0xc ./Src/sysmem.o
 .group         0x0000000000000000        0xc ./Src/sysmem.o
 .group         0x0000000000000000        0xc ./Src/sysmem.o
 .group         0x0000000000000000        0xc ./Src/sysmem.o
 .group         0x0000000000000000        0xc ./Src/sysmem.o
 .group         0x0000000000000000        0xc ./Src/sysmem.o
 .text          0x0000000000000000        0x0 ./Src/sysmem.o
 .data          0x0000000000000000        0x0 ./Src/sysmem.o
 .bss           0x0000000000000000        0x0 ./Src/sysmem.o
 .bss.__sbrk_heap_end
                0x0000000000000000        0x4 ./Src/sysmem.o
 .text._sbrk    0x0000000000000000       0x6c ./Src/sysmem.o
 .debug_info    0x0000000000000000      0xa25 ./Src/sysmem.o
 .debug_abbrev  0x0000000000000000      0x1bf ./Src/sysmem.o
 .debug_aranges
                0x0000000000000000       0x20 ./Src/sysmem.o
 .debug_ranges  0x0000000000000000       0x10 ./Src/sysmem.o
 .debug_macro   0x0000000000000000       0xff ./Src/sysmem.o
 .debug_macro   0x0000000000000000      0xaa2 ./Src/sysmem.o
 .debug_macro   0x0000000000000000       0x10 ./Src/sysmem.o
 .debug_macro   0x0000000000000000       0x22 ./Src/sysmem.o
 .debug_macro   0x0000000000000000       0x4c ./Src/sysmem.o
 .debug_macro   0x0000000000000000       0x18 ./Src/sysmem.o
 .debug_macro   0x0000000000000000       0x94 ./Src/sysmem.o
 .debug_macro   0x0000000000000000       0x3c ./Src/sysmem.o
 .debug_macro   0x0000000000000000       0x34 ./Src/sysmem.o
 .debug_macro   0x0000000000000000      0x174 ./Src/sysmem.o
 .debug_macro   0x0000000000000000       0x16 ./Src/sysmem.o
 .debug_macro   0x0000000000000000       0x43 ./Src/sysmem.o
 .debug_macro   0x0000000000000000       0x57 ./Src/sysmem.o
 .debug_macro   0x0000000000000000       0x34 ./Src/sysmem.o
 .debug_macro   0x0000000000000000       0x10 ./Src/sysmem.o
 .debug_macro   0x0000000000000000       0x58 ./Src/sysmem.o
 .debug_macro   0x0000000000000000       0x71 ./Src/sysmem.o
 .debug_macro   0x0000000000000000       0x1c ./Src/sysmem.o
 .debug_macro   0x0000000000000000      0x12a ./Src/sysmem.o
 .debug_macro   0x0000000000000000      0x23b ./Src/sysmem.o
 .debug_macro   0x0000000000000000      0x103 ./Src/sysmem.o
 .debug_macro   0x0000000000000000       0x6a ./Src/sysmem.o
 .debug_macro   0x0000000000000000      0x1df ./Src/sysmem.o
 .debug_line    0x0000000000000000      0x4f3 ./Src/sysmem.o
 .debug_str     0x0000000000000000     0x6245 ./Src/sysmem.o
 .comment       0x0000000000000000       0x54 ./Src/sysmem.o
 .debug_frame   0x0000000000000000       0x34 ./Src/sysmem.o
 .ARM.attributes
                0x0000000000000000       0x2d ./Src/sysmem.o
 .text          0x0000000000000000       0x14 ./Startup/startup_stm32f103c6tx.o
 .data          0x0000000000000000        0x0 ./Startup/startup_stm32f103c6tx.o
 .bss           0x0000000000000000        0x0 ./Startup/startup_stm32f103c6tx.o
 .text          0x0000000000000000        0x0 c:/st/stm32cubeide_1.8.0/stm32cubeide/plugins/com.st.stm32cube.ide.mcu.externaltools.gnu-tools-for-stm32.9-2020-q2-update.win32_2.0.0.202105311346/tools/bin/../lib/gcc/arm-none-eabi/9.3.1/../../../../arm-none-eabi/lib/thumb/v7-m/nofp\libc_nano.a(lib_a-errno.o)
 .data          0x0000000000000000        0x0 c:/st/stm32cubeide_1.8.0/stm32cubeide/plugins/com.st.stm32cube.ide.mcu.externaltools.gnu-tools-for-stm32.9-2020-q2-update.win32_2.0.0.202105311346/tools/bin/../lib/gcc/arm-none-eabi/9.3.1/../../../../arm-none-eabi/lib/thumb/v7-m/nofp\libc_nano.a(lib_a-errno.o)
 .bss           0x0000000000000000        0x0 c:/st/stm32cubeide_1.8.0/stm32cubeide/plugins/com.st.stm32cube.ide.mcu.externaltools.gnu-tools-for-stm32.9-2020-q2-update.win32_2.0.0.202105311346/tools/bin/../lib/gcc/arm-none-eabi/9.3.1/../../../../arm-none-eabi/lib/thumb/v7-m/nofp\libc_nano.a(lib_a-errno.o)
 .text.__errno  0x0000000000000000        0xc c:/st/stm32cubeide_1.8.0/stm32cubeide/plugins/com.st.stm32cube.ide.mcu.externaltools.gnu-tools-for-stm32.9-2020-q2-update.win32_2.0.0.202105311346/tools/bin/../lib/gcc/arm-none-eabi/9.3.1/../../../../arm-none-eabi/lib/thumb/v7-m/nofp\libc_nano.a(lib_a-errno.o)
 .debug_frame   0x0000000000000000       0x20 c:/st/stm32cubeide_1.8.0/stm32cubeide/plugins/com.st.stm32cube.ide.mcu.externaltools.gnu-tools-for-stm32.9-2020-q2-update.win32_2.0.0.202105311346/tools/bin/../lib/gcc/arm-none-eabi/9.3.1/../../../../arm-none-eabi/lib/thumb/v7-m/nofp\libc_nano.a(lib_a-errno.o)
 .ARM.attributes
                0x0000000000000000       0x2d c:/st/stm32cubeide_1.8.0/stm32cubeide/plugins/com.st.stm32cube.ide.mcu.externaltools.gnu-tools-for-stm32.9-2020-q2-update.win32_2.0.0.202105311346/tools/bin/../lib/gcc/arm-none-eabi/9.3.1/../../../../arm-none-eabi/lib/thumb/v7-m/nofp\libc_nano.a(lib_a-errno.o)
 .text          0x0000000000000000        0x0 c:/st/stm32cubeide_1.8.0/stm32cubeide/plugins/com.st.stm32cube.ide.mcu.externaltools.gnu-tools-for-stm32.9-2020-q2-update.win32_2.0.0.202105311346/tools/bin/../lib/gcc/arm-none-eabi/9.3.1/../../../../arm-none-eabi/lib/thumb/v7-m/nofp\libc_nano.a(lib_a-exit.o)
 .data          0x0000000000000000        0x0 c:/st/stm32cubeide_1.8.0/stm32cubeide/plugins/com.st.stm32cube.ide.mcu.externaltools.gnu-tools-for-stm32.9-2020-q2-update.win32_2.0.0.202105311346/tools/bin/../lib/gcc/arm-none-eabi/9.3.1/../../../../arm-none-eabi/lib/thumb/v7-m/nofp\libc_nano.a(lib_a-exit.o)
 .bss           0x0000000000000000        0x0 c:/st/stm32cubeide_1.8.0/stm32cubeide/plugins/com.st.stm32cube.ide.mcu.externaltools.gnu-tools-for-stm32.9-2020-q2-update.win32_2.0.0.202105311346/tools/bin/../lib/gcc/arm-none-eabi/9.3.1/../../../../arm-none-eabi/lib/thumb/v7-m/nofp\libc_nano.a(lib_a-exit.o)
 .text.exit     0x0000000000000000       0x28 c:/st/stm32cubeide_1.8.0/stm32cubeide/plugins/com.st.stm32cube.ide.mcu.externaltools.gnu-tools-for-stm32.9-2020-q2-update.win32_2.0.0.202105311346/tools/bin/../lib/gcc/arm-none-eabi/9.3.1/../../../../arm-none-eabi/lib/thumb/v7-m/nofp\libc_nano.a(lib_a-exit.o)
 .debug_frame   0x0000000000000000       0x28 c:/st/stm32cubeide_1.8.0/stm32cubeide/plugins/com.st.stm32cube.ide.mcu.externaltools.gnu-tools-for-stm32.9-2020-q2-update.win32_2.0.0.202105311346/tools/bin/../lib/gcc/arm-none-eabi/9.3.1/../../../../arm-none-eabi/lib/thumb/v7-m/nofp\libc_nano.a(lib_a-exit.o)
 .ARM.attributes
                0x0000000000000000       0x2d c:/st/stm32cubeide_1.8.0/stm32cubeide/plugins/com.st.stm32cube.ide.mcu.externaltools.gnu-tools-for-stm32.9-2020-q2-update.win32_2.0.0.202105311346/tools/bin/../lib/gcc/arm-none-eabi/9.3.1/../../../../arm-none-eabi/lib/thumb/v7-m/nofp\libc_nano.a(lib_a-exit.o)
 .text          0x0000000000000000        0x0 c:/st/stm32cubeide_1.8.0/stm32cubeide/plugins/com.st.stm32cube.ide.mcu.externaltools.gnu-tools-for-stm32.9-2020-q2-update.win32_2.0.0.202105311346/tools/bin/../lib/gcc/arm-none-eabi/9.3.1/../../../../arm-none-eabi/lib/thumb/v7-m/nofp\libc_nano.a(lib_a-impure.o)
 .data          0x0000000000000000        0x0 c:/st/stm32cubeide_1.8.0/stm32cubeide/plugins/com.st.stm32cube.ide.mcu.externaltools.gnu-tools-for-stm32.9-2020-q2-update.win32_2.0.0.202105311346/tools/bin/../lib/gcc/arm-none-eabi/9.3.1/../../../../arm-none-eabi/lib/thumb/v7-m/nofp\libc_nano.a(lib_a-impure.o)
 .bss           0x0000000000000000        0x0 c:/st/stm32cubeide_1.8.0/stm32cubeide/plugins/com.st.stm32cube.ide.mcu.externaltools.gnu-tools-for-stm32.9-2020-q2-update.win32_2.0.0.202105311346/tools/bin/../lib/gcc/arm-none-eabi/9.3.1/../../../../arm-none-eabi/lib/thumb/v7-m/nofp\libc_nano.a(lib_a-impure.o)
 .data._impure_ptr
                0x0000000000000000        0x4 c:/st/stm32cubeide_1.8.0/stm32cubeide/plugins/com.st.stm32cube.ide.mcu.externaltools.gnu-tools-for-stm32.9-2020-q2-update.win32_2.0.0.202105311346/tools/bin/../lib/gcc/arm-none-eabi/9.3.1/../../../../arm-none-eabi/lib/thumb/v7-m/nofp\libc_nano.a(lib_a-impure.o)
 .data.impure_data
                0x0000000000000000       0x60 c:/st/stm32cubeide_1.8.0/stm32cubeide/plugins/com.st.stm32cube.ide.mcu.externaltools.gnu-tools-for-stm32.9-2020-q2-update.win32_2.0.0.202105311346/tools/bin/../lib/gcc/arm-none-eabi/9.3.1/../../../../arm-none-eabi/lib/thumb/v7-m/nofp\libc_nano.a(lib_a-impure.o)
 .rodata._global_impure_ptr
                0x0000000000000000        0x4 c:/st/stm32cubeide_1.8.0/stm32cubeide/plugins/com.st.stm32cube.ide.mcu.externaltools.gnu-tools-for-stm32.9-2020-q2-update.win32_2.0.0.202105311346/tools/bin/../lib/gcc/arm-none-eabi/9.3.1/../../../../arm-none-eabi/lib/thumb/v7-m/nofp\libc_nano.a(lib_a-impure.o)
 .ARM.attributes
                0x0000000000000000       0x2d c:/st/stm32cubeide_1.8.0/stm32cubeide/plugins/com.st.stm32cube.ide.mcu.externaltools.gnu-tools-for-stm32.9-2020-q2-update.win32_2.0.0.202105311346/tools/bin/../lib/gcc/arm-none-eabi/9.3.1/../../../../arm-none-eabi/lib/thumb/v7-m/nofp\libc_nano.a(lib_a-impure.o)
 .text          0x0000000000000000        0x0 c:/st/stm32cubeide_1.8.0/stm32cubeide/plugins/com.st.stm32cube.ide.mcu.externaltools.gnu-tools-for-stm32.9-2020-q2-update.win32_2.0.0.202105311346/tools/bin/../lib/gcc/arm-none-eabi/9.3.1/../../../../arm-none-eabi/lib/thumb/v7-m/nofp\libc_nano.a(lib_a-init.o)
 .data          0x0000000000000000        0x0 c:/st/stm32cubeide_1.8.0/stm32cubeide/plugins/com.st.stm32cube.ide.mcu.externaltools.gnu-tools-for-stm32.9-2020-q2-update.win32_2.0.0.202105311346/tools/bin/../lib/gcc/arm-none-eabi/9.3.1/../../../../arm-none-eabi/lib/thumb/v7-m/nofp\libc_nano.a(lib_a-init.o)
 .bss           0x0000000000000000        0x0 c:/st/stm32cubeide_1.8.0/stm32cubeide/plugins/com.st.stm32cube.ide.mcu.externaltools.gnu-tools-for-stm32.9-2020-q2-update.win32_2.0.0.202105311346/tools/bin/../lib/gcc/arm-none-eabi/9.3.1/../../../../arm-none-eabi/lib/thumb/v7-m/nofp\libc_nano.a(lib_a-init.o)
 .text          0x0000000000000000        0x0 c:/st/stm32cubeide_1.8.0/stm32cubeide/plugins/com.st.stm32cube.ide.mcu.externaltools.gnu-tools-for-stm32.9-2020-q2-update.win32_2.0.0.202105311346/tools/bin/../lib/gcc/arm-none-eabi/9.3.1/../../../../arm-none-eabi/lib/thumb/v7-m/nofp\libc_nano.a(lib_a-memset.o)
 .data          0x0000000000000000        0x0 c:/st/stm32cubeide_1.8.0/stm32cubeide/plugins/com.st.stm32cube.ide.mcu.externaltools.gnu-tools-for-stm32.9-2020-q2-update.win32_2.0.0.202105311346/tools/bin/../lib/gcc/arm-none-eabi/9.3.1/../../../../arm-none-eabi/lib/thumb/v7-m/nofp\libc_nano.a(lib_a-memset.o)
 .bss           0x0000000000000000        0x0 c:/st/stm32cubeide_1.8.0/stm32cubeide/plugins/com.st.stm32cube.ide.mcu.externaltools.gnu-tools-for-stm32.9-2020-q2-update.win32_2.0.0.202105311346/tools/bin/../lib/gcc/arm-none-eabi/9.3.1/../../../../arm-none-eabi/lib/thumb/v7-m/nofp\libc_nano.a(lib_a-memset.o)
 .text.memset   0x0000000000000000       0x10 c:/st/stm32cubeide_1.8.0/stm32cubeide/plugins/com.st.stm32cube.ide.mcu.externaltools.gnu-tools-for-stm32.9-2020-q2-update.win32_2.0.0.202105311346/tools/bin/../lib/gcc/arm-none-eabi/9.3.1/../../../../arm-none-eabi/lib/thumb/v7-m/nofp\libc_nano.a(lib_a-memset.o)
 .debug_frame   0x0000000000000000       0x20 c:/st/stm32cubeide_1.8.0/stm32cubeide/plugins/com.st.stm32cube.ide.mcu.externaltools.gnu-tools-for-stm32.9-2020-q2-update.win32_2.0.0.202105311346/tools/bin/../lib/gcc/arm-none-eabi/9.3.1/../../../../arm-none-eabi/lib/thumb/v7-m/nofp\libc_nano.a(lib_a-memset.o)
 .ARM.attributes
                0x0000000000000000       0x2d c:/st/stm32cubeide_1.8.0/stm32cubeide/plugins/com.st.stm32cube.ide.mcu.externaltools.gnu-tools-for-stm32.9-2020-q2-update.win32_2.0.0.202105311346/tools/bin/../lib/gcc/arm-none-eabi/9.3.1/../../../../arm-none-eabi/lib/thumb/v7-m/nofp\libc_nano.a(lib_a-memset.o)
 .text          0x0000000000000000      0x21c c:/st/stm32cubeide_1.8.0/stm32cubeide/plugins/com.st.stm32cube.ide.mcu.externaltools.gnu-tools-for-stm32.9-2020-q2-update.win32_2.0.0.202105311346/tools/bin/../lib/gcc/arm-none-eabi/9.3.1/thumb/v7-m/nofp\libgcc.a(_arm_addsubsf3.o)
 .data          0x0000000000000000        0x0 c:/st/stm32cubeide_1.8.0/stm32cubeide/plugins/com.st.stm32cube.ide.mcu.externaltools.gnu-tools-for-stm32.9-2020-q2-update.win32_2.0.0.202105311346/tools/bin/../lib/gcc/arm-none-eabi/9.3.1/thumb/v7-m/nofp\libgcc.a(_arm_addsubsf3.o)
 .bss           0x0000000000000000        0x0 c:/st/stm32cubeide_1.8.0/stm32cubeide/plugins/com.st.stm32cube.ide.mcu.externaltools.gnu-tools-for-stm32.9-2020-q2-update.win32_2.0.0.202105311346/tools/bin/../lib/gcc/arm-none-eabi/9.3.1/thumb/v7-m/nofp\libgcc.a(_arm_addsubsf3.o)
 .debug_frame   0x0000000000000000       0x4c c:/st/stm32cubeide_1.8.0/stm32cubeide/plugins/com.st.stm32cube.ide.mcu.externaltools.gnu-tools-for-stm32.9-2020-q2-update.win32_2.0.0.202105311346/tools/bin/../lib/gcc/arm-none-eabi/9.3.1/thumb/v7-m/nofp\libgcc.a(_arm_addsubsf3.o)
 .ARM.attributes
                0x0000000000000000       0x1d c:/st/stm32cubeide_1.8.0/stm32cubeide/plugins/com.st.stm32cube.ide.mcu.externaltools.gnu-tools-for-stm32.9-2020-q2-update.win32_2.0.0.202105311346/tools/bin/../lib/gcc/arm-none-eabi/9.3.1/thumb/v7-m/nofp\libgcc.a(_arm_addsubsf3.o)
 .text          0x0000000000000000       0xec c:/st/stm32cubeide_1.8.0/stm32cubeide/plugins/com.st.stm32cube.ide.mcu.externaltools.gnu-tools-for-stm32.9-2020-q2-update.win32_2.0.0.202105311346/tools/bin/../lib/gcc/arm-none-eabi/9.3.1/thumb/v7-m/nofp\libgcc.a(_arm_cmpsf2.o)
 .data          0x0000000000000000        0x0 c:/st/stm32cubeide_1.8.0/stm32cubeide/plugins/com.st.stm32cube.ide.mcu.externaltools.gnu-tools-for-stm32.9-2020-q2-update.win32_2.0.0.202105311346/tools/bin/../lib/gcc/arm-none-eabi/9.3.1/thumb/v7-m/nofp\libgcc.a(_arm_cmpsf2.o)
 .bss           0x0000000000000000        0x0 c:/st/stm32cubeide_1.8.0/stm32cubeide/plugins/com.st.stm32cube.ide.mcu.externaltools.gnu-tools-for-stm32.9-2020-q2-update.win32_2.0.0.202105311346/tools/bin/../lib/gcc/arm-none-eabi/9.3.1/thumb/v7-m/nofp\libgcc.a(_arm_cmpsf2.o)
 .debug_frame   0x0000000000000000       0xc8 c:/st/stm32cubeide_1.8.0/stm32cubeide/plugins/com.st.stm32cube.ide.mcu.externaltools.gnu-tools-for-stm32.9-2020-q2-update.win32_2.0.0.202105311346/tools/bin/../lib/gcc/arm-none-eabi/9.3.1/thumb/v7-m/nofp\libgcc.a(_arm_cmpsf2.o)
 .ARM.attributes
                0x0000000000000000       0x1d c:/st/stm32cubeide_1.8.0/stm32cubeide/plugins/com.st.stm32cube.ide.mcu.externaltools.gnu-tools-for-stm32.9-2020-q2-update.win32_2.0.0.202105311346/tools/bin/../lib/gcc/arm-none-eabi/9.3.1/thumb/v7-m/nofp\libgcc.a(_arm_cmpsf2.o)
 .text          0x0000000000000000        0x0 c:/st/stm32cubeide_1.8.0/stm32cubeide/plugins/com.st.stm32cube.ide.mcu.externaltools.gnu-tools-for-stm32.9-2020-q2-update.win32_2.0.0.202105311346/tools/bin/../lib/gcc/arm-none-eabi/9.3.1/thumb/v7-m/nofp/crtend.o
 .data          0x0000000000000000        0x0 c:/st/stm32cubeide_1.8.0/stm32cubeide/plugins/com.st.stm32cube.ide.mcu.externaltools.gnu-tools-for-stm32.9-2020-q2-update.win32_2.0.0.202105311346/tools/bin/../lib/gcc/arm-none-eabi/9.3.1/thumb/v7-m/nofp/crtend.o
 .bss           0x0000000000000000        0x0 c:/st/stm32cubeide_1.8.0/stm32cubeide/plugins/com.st.stm32cube.ide.mcu.externaltools.gnu-tools-for-stm32.9-2020-q2-update.win32_2.0.0.202105311346/tools/bin/../lib/gcc/arm-none-eabi/9.3.1/thumb/v7-m/nofp/crtend.o
 .eh_frame      0x0000000000000000        0x4 c:/st/stm32cubeide_1.8.0/stm32cubeide/plugins/com.st.stm32cube.ide.mcu.externaltools.gnu-tools-for-stm32.9-2020-q2-update.win32_2.0.0.202105311346/tools/bin/../lib/gcc/arm-none-eabi/9.3.1/thumb/v7-m/nofp/crtend.o
 .ARM.attributes
                0x0000000000000000       0x2d c:/st/stm32cubeide_1.8.0/stm32cubeide/plugins/com.st.stm32cube.ide.mcu.externaltools.gnu-tools-for-stm32.9-2020-q2-update.win32_2.0.0.202105311346/tools/bin/../lib/gcc/arm-none-eabi/9.3.1/thumb/v7-m/nofp/crtend.o
 .text          0x0000000000000000        0x0 c:/st/stm32cubeide_1.8.0/stm32cubeide/plugins/com.st.stm32cube.ide.mcu.externaltools.gnu-tools-for-stm32.9-2020-q2-update.win32_2.0.0.202105311346/tools/bin/../lib/gcc/arm-none-eabi/9.3.1/thumb/v7-m/nofp/crtn.o
 .data          0x0000000000000000        0x0 c:/st/stm32cubeide_1.8.0/stm32cubeide/plugins/com.st.stm32cube.ide.mcu.externaltools.gnu-tools-for-stm32.9-2020-q2-update.win32_2.0.0.202105311346/tools/bin/../lib/gcc/arm-none-eabi/9.3.1/thumb/v7-m/nofp/crtn.o
 .bss           0x0000000000000000        0x0 c:/st/stm32cubeide_1.8.0/stm32cubeide/plugins/com.st.stm32cube.ide.mcu.externaltools.gnu-tools-for-stm32.9-2020-q2-update.win32_2.0.0.202105311346/tools/bin/../lib/gcc/arm-none-eabi/9.3.1/thumb/v7-m/nofp/crtn.o

Memory Configuration

Name             Origin             Length             Attributes
RAM              0x0000000020000000 0x0000000000002800 xrw
FLASH            0x0000000008000000 0x0000000000008000 xr
*default*        0x0000000000000000 0xffffffffffffffff

Linker script and memory map

LOAD c:/st/stm32cubeide_1.8.0/stm32cubeide/plugins/com.st.stm32cube.ide.mcu.externaltools.gnu-tools-for-stm32.9-2020-q2-update.win32_2.0.0.202105311346/tools/bin/../lib/gcc/arm-none-eabi/9.3.1/thumb/v7-m/nofp/crti.o
LOAD c:/st/stm32cubeide_1.8.0/stm32cubeide/plugins/com.st.stm32cube.ide.mcu.externaltools.gnu-tools-for-stm32.9-2020-q2-update.win32_2.0.0.202105311346/tools/bin/../lib/gcc/arm-none-eabi/9.3.1/thumb/v7-m/nofp/crtbegin.o
LOAD c:/st/stm32cubeide_1.8.0/stm32cubeide/plugins/com.st.stm32cube.ide.mcu.externaltools.gnu-tools-for-stm32.9-2020-q2-update.win32_2.0.0.202105311346/tools/bin/../lib/gcc/arm-none-eabi/9.3.1/../../../../arm-none-eabi/lib/thumb/v7-m/nofp/crt0.o
LOAD ./Src/CortexM3/Cortex_M3_Core.o
LOAD ./Src/CortexM3/SYSTICK_M3.o
LOAD ./Src/Drivers/DMA/DMA.o
LOAD ./Src/Drivers/ECU/ILI9341_GFX.o
LOAD ./Src/Drivers/ECU/ILI9341_STM32_Driver.o
LOAD ./Src/Drivers/GPIO/GPIO.o
LOAD ./Src/Drivers/RCC/RCC.o
LOAD ./Src/Drivers/SPI/SPI.o
LOAD ./Src/Drivers/TIM/TIM.o
LOAD ./Src/main.o
LOAD ./Src/syscalls.o
LOAD ./Src/sysmem.o
LOAD ./Startup/startup_stm32f103c6tx.o
START GROUP
LOAD c:/st/stm32cubeide_1.8.0/stm32cubeide/plugins/com.st.stm32cube.ide.mcu.externaltools.gnu-tools-for-stm32.9-2020-q2-update.win32_2.0.0.202105311346/tools/bin/../lib/gcc/arm-none-eabi/9.3.1/../../../../arm-none-eabi/lib/thumb/v7-m/nofp\libc_nano.a
LOAD c:/st/stm32cubeide_1.8.0/stm32cubeide/plugins/com.st.stm32cube.ide.mcu.externaltools.gnu-tools-for-stm32.9-2020-q2-update.win32_2.0.0.202105311346/tools/bin/../lib/gcc/arm-none-eabi/9.3.1/../../../../arm-none-eabi/lib/thumb/v7-m/nofp\libm.a
END GROUP
START GROUP
LOAD c:/st/stm32cubeide_1.8.0/stm32cubeide/plugins/com.st.stm32cube.ide.mcu.externaltools.gnu-tools-for-stm32.9-2020-q2-update.win32_2.0.0.202105311346/tools/bin/../lib/gcc/arm-none-eabi/9.3.1/thumb/v7-m/nofp\libgcc.a
LOAD c:/st/stm32cubeide_1.8.0/stm32cubeide/plugins/com.st.stm32cube.ide.mcu.externaltools.gnu-tools-for-stm32.9-2020-q2-update.win32_2.0.0.202105311346/tools/bin/../lib/gcc/arm-none-eabi/9.3.1/../../../../arm-none-eabi/lib/thumb/v7-m/nofp\libc_nano.a
END GROUP
START GROUP
LOAD c:/st/stm32cubeide_1.8.0/stm32cubeide/plugins/com.st.stm32cube.ide.mcu.externaltools.gnu-tools-for-stm32.9-2020-q2-update.win32_2.0.0.202105311346/tools/bin/../lib/gcc/arm-none-eabi/9.3.1/thumb/v7-m/nofp\libgcc.a
LOAD c:/st/stm32cubeide_1.8.0/stm32cubeide/plugins/com.st.stm32cube.ide.mcu.externaltools.gnu-tools-for-stm32.9-2020-q2-update.win32_2.0.0.202105311346/tools/bin/../lib/gcc/arm-none-eabi/9.3.1/../../../../arm-none-eabi/lib/thumb/v7-m/nofp\libc_nano.a
LOAD c:/st/stm32cubeide_1.8.0/stm32cubeide/plugins/com.st.stm32cube.ide.mcu.externaltools.gnu-tools-for-stm32.9-2020-q2-update.win32_2.0.0.202105311346/tools/bin/../lib/gcc/arm-none-eabi/9.3.1/../../../../arm-none-eabi/lib/thumb/v7-m/nofp\libnosys.a
END GROUP
START GROUP
LOAD c:/st/stm32cubeide_1.8.0/stm32cubeide/plugins/com.st.stm32cube.ide.mcu.externaltools.gnu-tools-for-stm32.9-2020-q2-update.win32_2.0.0.202105311346/tools/bin/../lib/gcc/arm-none-eabi/9.3.1/thumb/v7-m/nofp\libgcc.a
LOAD c:/st/stm32cubeide_1.8.0/stm32cubeide/plugins/com.st.stm32cube.ide.mcu.externaltools.gnu-tools-for-stm32.9-2020-q2-update.win32_2.0.0.202105311346/tools/bin/../lib/gcc/arm-none-eabi/9.3.1/../../../../arm-none-eabi/lib/thumb/v7-m/nofp\libc_nano.a
LOAD c:/st/stm32cubeide_1.8.0/stm32cubeide/plugins/com.st.stm32cube.ide.mcu.externaltools.gnu-tools-for-stm32.9-2020-q2-update.win32_2.0.0.202105311346/tools/bin/../lib/gcc/arm-none-eabi/9.3.1/../../../../arm-none-eabi/lib/thumb/v7-m/nofp\libnosys.a
END GROUP
LOAD c:/st/stm32cubeide_1.8.0/stm32cubeide/plugins/com.st.stm32cube.ide.mcu.externaltools.gnu-tools-for-stm32.9-2020-q2-update.win32_2.0.0.202105311346/tools/bin/../lib/gcc/arm-none-eabi/9.3.1/thumb/v7-m/nofp/crtend.o
LOAD c:/st/stm32cubeide_1.8.0/stm32cubeide/plugins/com.st.stm32cube.ide.mcu.externaltools.gnu-tools-for-stm32.9-2020-q2-update.win32_2.0.0.202105311346/tools/bin/../lib/gcc/arm-none-eabi/9.3.1/thumb/v7-m/nofp/crtn.o
                0x0000000020002800                _estack = (ORIGIN (RAM) + LENGTH (RAM))
                0x0000000000000200                _Min_Heap_Size = 0x200
                0x0000000000000400                _Min_Stack_Size = 0x400

.isr_vector     0x0000000008000000      0x130
                0x0000000008000000                . = ALIGN (0x4)
 *(.isr_vector)
 .isr_vector    0x0000000008000000      0x130 ./Startup/startup_stm32f103c6tx.o
                0x0000000008000000                g_pfnVectors
                0x0000000008000130                . = ALIGN (0x4)

.text           0x0000000008000130     0x1e48
                0x0000000008000130                . = ALIGN (0x4)
 *(.text)
 .text          0x0000000008000130       0x40 c:/st/stm32cubeide_1.8.0/stm32cubeide/plugins/com.st.stm32cube.ide.mcu.externaltools.gnu-tools-for-stm32.9-2020-q2-update.win32_2.0.0.202105311346/tools/bin/../lib/gcc/arm-none-eabi/9.3.1/thumb/v7-m/nofp/crtbegin.o
 *(.text*)
 .text.NVIC_SetEnableInterrupt
                0x0000000008000170       0x44 ./Src/CortexM3/Cortex_M3_Core.o
                0x0000000008000170                NVIC_SetEnableInterrupt
 .text.SYSTICK_Init
                0x00000000080001b4       0x34 ./Src/CortexM3/SYSTICK_M3.o
                0x00000000080001b4                SYSTICK_Init
 .text.SYSTICK_DelayMs
                0x00000000080001e8       0x78 ./Src/CortexM3/SYSTICK_M3.o
                0x00000000080001e8                SYSTICK_DelayMs
 .text.SYSTICK_SetNumOfTicks
                0x0000000008000260       0x30 ./Src/CortexM3/SYSTICK_M3.o
 .text.SysTick_Handler
                0x0000000008000290       0x38 ./Src/CortexM3/SYSTICK_M3.o
                0x0000000008000290                SysTick_Handler
 .text.DMA_Init
                0x00000000080002c8      0x160 ./Src/Drivers/DMA/DMA.o
                0x00000000080002c8                DMA_Init
 .text.DMA_SetPeriphAddress
                0x0000000008000428       0x34 ./Src/Drivers/DMA/DMA.o
                0x0000000008000428                DMA_SetPeriphAddress
 .text.DMA_SetMemoryAddress
                0x000000000800045c       0x34 ./Src/Drivers/DMA/DMA.o
                0x000000000800045c                DMA_SetMemoryAddress
 .text.DMA_Start
                0x0000000008000490       0x34 ./Src/Drivers/DMA/DMA.o
                0x0000000008000490                DMA_Start
 .text.DMA_Stop
                0x00000000080004c4       0x34 ./Src/Drivers/DMA/DMA.o
                0x00000000080004c4                DMA_Stop
 .text.DMA_SetDataCounter
                0x00000000080004f8       0x2e ./Src/Drivers/DMA/DMA.o
                0x00000000080004f8                DMA_SetDataCounter
 *fill*         0x0000000008000526        0x2 
 .text.DMA_SetCallBackFn
                0x0000000008000528       0x78 ./Src/Drivers/DMA/DMA.o
                0x0000000008000528                DMA_SetCallBackFn
 .text.DMA_ClearInterruptFlag
                0x00000000080005a0       0x88 ./Src/Drivers/DMA/DMA.o
                0x00000000080005a0                DMA_ClearInterruptFlag
 .text.DMA1_Channel1_IRQHandler
                0x0000000008000628       0x14 ./Src/Drivers/DMA/DMA.o
                0x0000000008000628                DMA1_Channel1_IRQHandler
 .text.DMA1_Channel2_IRQHandler
                0x000000000800063c       0x14 ./Src/Drivers/DMA/DMA.o
                0x000000000800063c                DMA1_Channel2_IRQHandler
 .text.DMA1_Channel3_IRQHandler
                0x0000000008000650       0x14 ./Src/Drivers/DMA/DMA.o
                0x0000000008000650                DMA1_Channel3_IRQHandler
 .text.DMA1_Channel4_IRQHandler
                0x0000000008000664       0x14 ./Src/Drivers/DMA/DMA.o
                0x0000000008000664                DMA1_Channel4_IRQHandler
 .text.DMA1_Channel5_IRQHandler
                0x0000000008000678        0xc ./Src/Drivers/DMA/DMA.o
                0x0000000008000678                DMA1_Channel5_IRQHandler
 .text.DMA1_Channel6_IRQHandler
                0x0000000008000684        0xc ./Src/Drivers/DMA/DMA.o
                0x0000000008000684                DMA1_Channel6_IRQHandler
 .text.DMA1_Channel7_IRQHandler
                0x0000000008000690        0xc ./Src/Drivers/DMA/DMA.o
                0x0000000008000690                DMA1_Channel7_IRQHandler
 .text.DMA2_Channel1_IRQHandler
                0x000000000800069c        0xc ./Src/Drivers/DMA/DMA.o
                0x000000000800069c                DMA2_Channel1_IRQHandler
 .text.DMA2_Channel2_IRQHandler
                0x00000000080006a8        0xc ./Src/Drivers/DMA/DMA.o
                0x00000000080006a8                DMA2_Channel2_IRQHandler
 .text.DMA2_Channel3_IRQHandler
                0x00000000080006b4        0xc ./Src/Drivers/DMA/DMA.o
                0x00000000080006b4                DMA2_Channel3_IRQHandler
 .text.ILI9341_Draw_Char
                0x00000000080006c0      0x13c ./Src/Drivers/ECU/ILI9341_GFX.o
                0x00000000080006c0                ILI9341_Draw_Char
 .text.ILI9341_Draw_Text
                0x00000000080007fc       0x5e ./Src/Drivers/ECU/ILI9341_GFX.o
                0x00000000080007fc                ILI9341_Draw_Text
 *fill*         0x000000000800085a        0x2 
 .text.ILI9341_SPI_Init
                0x000000000800085c      0x188 ./Src/Drivers/ECU/ILI9341_STM32_Driver.o
                0x000000000800085c                ILI9341_SPI_Init
 .text.ILI9341_SPI_DMACallbackFn
                0x00000000080009e4       0x68 ./Src/Drivers/ECU/ILI9341_STM32_Driver.o
                0x00000000080009e4                ILI9341_SPI_DMACallbackFn
 .text.ILI9341_SPI_Send
                0x0000000008000a4c       0x24 ./Src/Drivers/ECU/ILI9341_STM32_Driver.o
                0x0000000008000a4c                ILI9341_SPI_Send
 .text.ILI9341_Write_Command
                0x0000000008000a70       0x3c ./Src/Drivers/ECU/ILI9341_STM32_Driver.o
                0x0000000008000a70                ILI9341_Write_Command
 .text.ILI9341_Write_Data
                0x0000000008000aac       0x3c ./Src/Drivers/ECU/ILI9341_STM32_Driver.o
                0x0000000008000aac                ILI9341_Write_Data
 .text.ILI9341_Set_Address
                0x0000000008000ae8       0x98 ./Src/Drivers/ECU/ILI9341_STM32_Driver.o
                0x0000000008000ae8                ILI9341_Set_Address
 .text.ILI9341_Reset
                0x0000000008000b80       0x34 ./Src/Drivers/ECU/ILI9341_STM32_Driver.o
                0x0000000008000b80                ILI9341_Reset
 .text.ILI9341_Set_Rotation
                0x0000000008000bb4       0xa4 ./Src/Drivers/ECU/ILI9341_STM32_Driver.o
                0x0000000008000bb4                ILI9341_Set_Rotation
 .text.ILI9341_Enable
                0x0000000008000c58       0x14 ./Src/Drivers/ECU/ILI9341_STM32_Driver.o
                0x0000000008000c58                ILI9341_Enable
 .text.ILI9341_Init
                0x0000000008000c6c      0x21a ./Src/Drivers/ECU/ILI9341_STM32_Driver.o
                0x0000000008000c6c                ILI9341_Init
 *fill*         0x0000000008000e86        0x2 
 .text.ILI9341_Draw_Colour_Burst
                0x0000000008000e88       0xe4 ./Src/Drivers/ECU/ILI9341_STM32_Driver.o
                0x0000000008000e88                ILI9341_Draw_Colour_Burst
 .text.ILI9341_Draw_Pixel
                0x0000000008000f6c      0x170 ./Src/Drivers/ECU/ILI9341_STM32_Driver.o
                0x0000000008000f6c                ILI9341_Draw_Pixel
 .text.ILI9341_Draw_Rectangle
                0x00000000080010dc       0xb8 ./Src/Drivers/ECU/ILI9341_STM32_Driver.o
                0x00000000080010dc                ILI9341_Draw_Rectangle
 .text.GPIO_Init
                0x0000000008001194      0x444 ./Src/Drivers/GPIO/GPIO.o
                0x0000000008001194                GPIO_Init
 .text.GPIO_WritePin
                0x00000000080015d8       0x70 ./Src/Drivers/GPIO/GPIO.o
                0x00000000080015d8                GPIO_WritePin
 .text.GPIO_TogglePin
                0x0000000008001648       0x6e ./Src/Drivers/GPIO/GPIO.o
                0x0000000008001648                GPIO_TogglePin
 *fill*         0x00000000080016b6        0x2 
 .text.SPI_Init
                0x00000000080016b8      0x2e0 ./Src/Drivers/SPI/SPI.o
                0x00000000080016b8                SPI_Init
 .text.SPI_Transmit
                0x0000000008001998       0x9a ./Src/Drivers/SPI/SPI.o
                0x0000000008001998                SPI_Transmit
 .text.SPI_TransmitDMA
                0x0000000008001a32       0x5a ./Src/Drivers/SPI/SPI.o
                0x0000000008001a32                SPI_TransmitDMA
 .text.TIM_Init
                0x0000000008001a8c       0xc0 ./Src/Drivers/TIM/TIM.o
                0x0000000008001a8c                TIM_Init
 .text.TIM_Start
                0x0000000008001b4c       0x34 ./Src/Drivers/TIM/TIM.o
                0x0000000008001b4c                TIM_Start
 .text.TIM_SetPeriodicity
                0x0000000008001b80       0x54 ./Src/Drivers/TIM/TIM.o
                0x0000000008001b80                TIM_SetPeriodicity
 .text.TIM_SetCallBackFn
                0x0000000008001bd4       0x30 ./Src/Drivers/TIM/TIM.o
                0x0000000008001bd4                TIM_SetCallBackFn
 .text.TIM2_IRQHandler
                0x0000000008001c04       0x38 ./Src/Drivers/TIM/TIM.o
                0x0000000008001c04                TIM2_IRQHandler
 .text.main     0x0000000008001c3c       0x80 ./Src/main.o
                0x0000000008001c3c                main
 .text.HAL_Init
                0x0000000008001cbc      0x1d8 ./Src/main.o
                0x0000000008001cbc                HAL_Init
 .text.WWDG_IRQHandler
                0x0000000008001e94       0x1c ./Src/main.o
                0x0000000008001e94                WWDG_IRQHandler
 .text.tim_callback
                0x0000000008001eb0       0x14 ./Src/main.o
                0x0000000008001eb0                tim_callback
 .text.Reset_Handler
                0x0000000008001ec4       0x50 ./Startup/startup_stm32f103c6tx.o
                0x0000000008001ec4                Reset_Handler
 .text.Default_Handler
                0x0000000008001f14        0x2 ./Startup/startup_stm32f103c6tx.o
                0x0000000008001f14                EXTI2_IRQHandler
                0x0000000008001f14                TIM8_TRG_COM_IRQHandler
                0x0000000008001f14                TIM8_CC_IRQHandler
                0x0000000008001f14                DebugMon_Handler
                0x0000000008001f14                TIM1_CC_IRQHandler
                0x0000000008001f14                HardFault_Handler
                0x0000000008001f14                TIM6_IRQHandler
                0x0000000008001f14                PVD_IRQHandler
                0x0000000008001f14                SDIO_IRQHandler
                0x0000000008001f14                PendSV_Handler
                0x0000000008001f14                NMI_Handler
                0x0000000008001f14                EXTI3_IRQHandler
                0x0000000008001f14                USB_HP_CAN_TX_IRQHandler
                0x0000000008001f14                EXTI0_IRQHandler
                0x0000000008001f14                I2C2_EV_IRQHandler
                0x0000000008001f14                UsageFault_Handler
                0x0000000008001f14                ADC1_2_IRQHandler
                0x0000000008001f14                SPI1_IRQHandler
                0x0000000008001f14                CAN_SCE_IRQHandler
                0x0000000008001f14                TAMPER_IRQHandler
                0x0000000008001f14                TIM8_UP_IRQHandler
                0x0000000008001f14                USART3_IRQHandler
                0x0000000008001f14                RTC_IRQHandler
                0x0000000008001f14                UART5_IRQHandler
                0x0000000008001f14                ADC3_IRQHandler
                0x0000000008001f14                TIM4_IRQHandler
                0x0000000008001f14                CAN_RX1_IRQHandler
                0x0000000008001f14                I2C1_EV_IRQHandler
                0x0000000008001f14                UART4_IRQHandler
                0x0000000008001f14                TIM3_IRQHandler
                0x0000000008001f14                RCC_IRQHandler
                0x0000000008001f14                TIM1_TRG_COM_IRQHandler
                0x0000000008001f14                Default_Handler
                0x0000000008001f14                EXTI15_10_IRQHandler
                0x0000000008001f14                TIM7_IRQHandler
                0x0000000008001f14                TIM5_IRQHandler
                0x0000000008001f14                EXTI9_5_IRQHandler
                0x0000000008001f14                SPI2_IRQHandler
                0x0000000008001f14                USB_LP_CAN_RX0_IRQHandler
                0x0000000008001f14                MemManage_Handler
                0x0000000008001f14                SVC_Handler
                0x0000000008001f14                EXTI4_IRQHandler
                0x0000000008001f14                FSMC_IRQHandler
                0x0000000008001f14                TIM1_UP_IRQHandler
                0x0000000008001f14                TIM1_BRK_IRQHandler
                0x0000000008001f14                EXTI1_IRQHandler
                0x0000000008001f14                RTCAlarm_IRQHandler
                0x0000000008001f14                DMA2_Channel4_5_IRQHandler
                0x0000000008001f14                USART2_IRQHandler
                0x0000000008001f14                I2C2_ER_IRQHandler
                0x0000000008001f14                TIM8_BRK_IRQHandler
                0x0000000008001f14                FLASH_IRQHandler
                0x0000000008001f14                BusFault_Handler
                0x0000000008001f14                USART1_IRQHandler
                0x0000000008001f14                SPI3_IRQHandler
                0x0000000008001f14                I2C1_ER_IRQHandler
 *fill*         0x0000000008001f16        0x2 
 .text.__libc_init_array
                0x0000000008001f18       0x48 c:/st/stm32cubeide_1.8.0/stm32cubeide/plugins/com.st.stm32cube.ide.mcu.externaltools.gnu-tools-for-stm32.9-2020-q2-update.win32_2.0.0.202105311346/tools/bin/../lib/gcc/arm-none-eabi/9.3.1/../../../../arm-none-eabi/lib/thumb/v7-m/nofp\libc_nano.a(lib_a-init.o)
                0x0000000008001f18                __libc_init_array
 *(.glue_7)
 .glue_7        0x0000000008001f60        0x0 linker stubs
 *(.glue_7t)
 .glue_7t       0x0000000008001f60        0x0 linker stubs
 *(.eh_frame)
 .eh_frame      0x0000000008001f60        0x0 c:/st/stm32cubeide_1.8.0/stm32cubeide/plugins/com.st.stm32cube.ide.mcu.externaltools.gnu-tools-for-stm32.9-2020-q2-update.win32_2.0.0.202105311346/tools/bin/../lib/gcc/arm-none-eabi/9.3.1/thumb/v7-m/nofp/crtbegin.o
 *(.init)
 .init          0x0000000008001f60        0x4 c:/st/stm32cubeide_1.8.0/stm32cubeide/plugins/com.st.stm32cube.ide.mcu.externaltools.gnu-tools-for-stm32.9-2020-q2-update.win32_2.0.0.202105311346/tools/bin/../lib/gcc/arm-none-eabi/9.3.1/thumb/v7-m/nofp/crti.o
                0x0000000008001f60                _init
 .init          0x0000000008001f64        0x8 c:/st/stm32cubeide_1.8.0/stm32cubeide/plugins/com.st.stm32cube.ide.mcu.externaltools.gnu-tools-for-stm32.9-2020-q2-update.win32_2.0.0.202105311346/tools/bin/../lib/gcc/arm-none-eabi/9.3.1/thumb/v7-m/nofp/crtn.o
 *(.fini)
 .fini          0x0000000008001f6c        0x4 c:/st/stm32cubeide_1.8.0/stm32cubeide/plugins/com.st.stm32cube.ide.mcu.externaltools.gnu-tools-for-stm32.9-2020-q2-update.win32_2.0.0.202105311346/tools/bin/../lib/gcc/arm-none-eabi/9.3.1/thumb/v7-m/nofp/crti.o
                0x0000000008001f6c                _fini
 .fini          0x0000000008001f70        0x8 c:/st/stm32cubeide_1.8.0/stm32cubeide/plugins/com.st.stm32cube.ide.mcu.externaltools.gnu-tools-for-stm32.9-2020-q2-update.win32_2.0.0.202105311346/tools/bin/../lib/gcc/arm-none-eabi/9.3.1/thumb/v7-m/nofp/crtn.o
                0x0000000008001f78                . = ALIGN (0x4)
                0x0000000008001f78                _etext = .

.vfp11_veneer   0x0000000008001f78        0x0
 .vfp11_veneer  0x0000000008001f78        0x0 linker stubs

.v4_bx          0x0000000008001f78        0x0
 .v4_bx         0x0000000008001f78        0x0 linker stubs

.iplt           0x0000000008001f78        0x0
 .iplt          0x0000000008001f78        0x0 c:/st/stm32cubeide_1.8.0/stm32cubeide/plugins/com.st.stm32cube.ide.mcu.externaltools.gnu-tools-for-stm32.9-2020-q2-update.win32_2.0.0.202105311346/tools/bin/../lib/gcc/arm-none-eabi/9.3.1/thumb/v7-m/nofp/crtbegin.o

.rodata         0x0000000008001f78      0x24c
                0x0000000008001f78                . = ALIGN (0x4)
 *(.rodata)
 .rodata        0x0000000008001f78        0xc ./Src/main.o
 *(.rodata*)
 .rodata.font   0x0000000008001f84      0x240 ./Src/Drivers/ECU/ILI9341_GFX.o
                0x00000000080021c4                . = ALIGN (0x4)

.rel.dyn        0x00000000080021c4        0x0
 .rel.iplt      0x00000000080021c4        0x0 c:/st/stm32cubeide_1.8.0/stm32cubeide/plugins/com.st.stm32cube.ide.mcu.externaltools.gnu-tools-for-stm32.9-2020-q2-update.win32_2.0.0.202105311346/tools/bin/../lib/gcc/arm-none-eabi/9.3.1/thumb/v7-m/nofp/crtbegin.o

.ARM.extab      0x00000000080021c4        0x0
                0x00000000080021c4                . = ALIGN (0x4)
 *(.ARM.extab* .gnu.linkonce.armextab.*)
                0x00000000080021c4                . = ALIGN (0x4)

.ARM            0x00000000080021c4        0x0
                0x00000000080021c4                . = ALIGN (0x4)
                0x00000000080021c4                __exidx_start = .
 *(.ARM.exidx*)
                0x00000000080021c4                __exidx_end = .
                0x00000000080021c4                . = ALIGN (0x4)

.preinit_array  0x00000000080021c4        0x0
                0x00000000080021c4                . = ALIGN (0x4)
                0x00000000080021c4                PROVIDE (__preinit_array_start = .)
 *(.preinit_array*)
                0x00000000080021c4                PROVIDE (__preinit_array_end = .)
                0x00000000080021c4                . = ALIGN (0x4)

.init_array     0x00000000080021c4        0x4
                0x00000000080021c4                . = ALIGN (0x4)
                0x00000000080021c4                PROVIDE (__init_array_start = .)
 *(SORT_BY_NAME(.init_array.*))
 *(.init_array*)
 .init_array    0x00000000080021c4        0x4 c:/st/stm32cubeide_1.8.0/stm32cubeide/plugins/com.st.stm32cube.ide.mcu.externaltools.gnu-tools-for-stm32.9-2020-q2-update.win32_2.0.0.202105311346/tools/bin/../lib/gcc/arm-none-eabi/9.3.1/thumb/v7-m/nofp/crtbegin.o
                0x00000000080021c8                PROVIDE (__init_array_end = .)
                0x00000000080021c8                . = ALIGN (0x4)

.fini_array     0x00000000080021c8        0x4
                0x00000000080021c8                . = ALIGN (0x4)
                [!provide]                        PROVIDE (__fini_array_start = .)
 *(SORT_BY_NAME(.fini_array.*))
 *(.fini_array*)
 .fini_array    0x00000000080021c8        0x4 c:/st/stm32cubeide_1.8.0/stm32cubeide/plugins/com.st.stm32cube.ide.mcu.externaltools.gnu-tools-for-stm32.9-2020-q2-update.win32_2.0.0.202105311346/tools/bin/../lib/gcc/arm-none-eabi/9.3.1/thumb/v7-m/nofp/crtbegin.o
                [!provide]                        PROVIDE (__fini_array_end = .)
                0x00000000080021cc                . = ALIGN (0x4)
                0x00000000080021cc                _sidata = LOADADDR (.data)

.data           0x0000000020000000        0x4 load address 0x00000000080021cc
                0x0000000020000000                . = ALIGN (0x4)
                0x0000000020000000                _sdata = .
 *(.data)
 *(.data*)
 .data.LCD_HEIGHT
                0x0000000020000000        0x2 ./Src/Drivers/ECU/ILI9341_STM32_Driver.o
                0x0000000020000000                LCD_HEIGHT
 .data.LCD_WIDTH
                0x0000000020000002        0x2 ./Src/Drivers/ECU/ILI9341_STM32_Driver.o
                0x0000000020000002                LCD_WIDTH
 *(.RamFunc)
 *(.RamFunc*)
                0x0000000020000004                . = ALIGN (0x4)
                0x0000000020000004                _edata = .

.igot.plt       0x0000000020000004        0x0 load address 0x00000000080021d0
 .igot.plt      0x0000000020000004        0x0 c:/st/stm32cubeide_1.8.0/stm32cubeide/plugins/com.st.stm32cube.ide.mcu.externaltools.gnu-tools-for-stm32.9-2020-q2-update.win32_2.0.0.202105311346/tools/bin/../lib/gcc/arm-none-eabi/9.3.1/thumb/v7-m/nofp/crtbegin.o
                0x0000000020000004                . = ALIGN (0x4)

.bss            0x0000000020000004      0x364 load address 0x00000000080021d0
                0x0000000020000004                _sbss = .
                0x0000000020000004                __bss_start__ = _sbss
 *(.bss)
 .bss           0x0000000020000004       0x1c c:/st/stm32cubeide_1.8.0/stm32cubeide/plugins/com.st.stm32cube.ide.mcu.externaltools.gnu-tools-for-stm32.9-2020-q2-update.win32_2.0.0.202105311346/tools/bin/../lib/gcc/arm-none-eabi/9.3.1/thumb/v7-m/nofp/crtbegin.o
 *(.bss*)
 .bss.Color_bufferSize
                0x0000000020000020        0x4 ./Src/Drivers/ECU/ILI9341_STM32_Driver.o
                0x0000000020000020                Color_bufferSize
 .bss.Color_burstCounter
                0x0000000020000024        0x4 ./Src/Drivers/ECU/ILI9341_STM32_Driver.o
                0x0000000020000024                Color_burstCounter
 .bss.Color_burstSize
                0x0000000020000028        0x4 ./Src/Drivers/ECU/ILI9341_STM32_Driver.o
                0x0000000020000028                Color_burstSize
 .bss.TIM2_OverFlowCounter
                0x000000002000002c        0x4 ./Src/Drivers/TIM/TIM.o
                0x000000002000002c                TIM2_OverFlowCounter
 *(COMMON)
 COMMON         0x0000000020000030        0xc ./Src/CortexM3/SYSTICK_M3.o
                0x0000000020000030                SYSTICK_OverflowCounter
                0x0000000020000034                SYSTICK_CallBackFunction
                0x0000000020000038                SYSTICK_NumOfOverflows
 COMMON         0x000000002000003c       0x1c ./Src/Drivers/DMA/DMA.o
                0x000000002000003c                DMA1_1_CallbackFnPtr
                0x0000000020000040                DMA1_3_CallbackFnPtr
                0x0000000020000044                DMA1_5_CallbackFnPtr
                0x0000000020000048                DMA1_2_CallbackFnPtr
                0x000000002000004c                DMA1_7_CallbackFnPtr
                0x0000000020000050                DMA1_4_CallbackFnPtr
                0x0000000020000054                DMA1_6_CallbackFnPtr
 COMMON         0x0000000020000058       0x54 ./Src/Drivers/ECU/ILI9341_GFX.o
                0x0000000020000058                spiTxdma
                0x0000000020000068                RST
                0x0000000020000070                DC
                0x0000000020000078                SDA
                0x0000000020000080                SCK
                0x0000000020000088                hspi1
                0x00000000200000a4                CS
 COMMON         0x00000000200000ac      0x1f4 ./Src/Drivers/ECU/ILI9341_STM32_Driver.o
                0x00000000200000ac                Color_buffer
 COMMON         0x00000000200002a0       0x10 ./Src/Drivers/TIM/TIM.o
                0x00000000200002a0                TIM2_CallbackFn
                0x00000000200002a4                TIM3_NumOfOverFlows
                0x00000000200002a8                TIM3_CallbackFn
                0x00000000200002ac                TIM2_NumOfOverFlows
 COMMON         0x00000000200002b0       0xb8 ./Src/main.o
                0x00000000200002b0                dma
                0x00000000200002c0                mosi2
                0x00000000200002c8                nss1
                0x00000000200002d0                spi2
                0x00000000200002ec                miso2
                0x00000000200002f4                sck1
                0x00000000200002fc                receiveArray
                0x0000000020000304                tim2
                0x0000000020000314                mosi1
                0x000000002000031c                led
                0x0000000020000324                miso1
                0x000000002000032c                sck2
                0x0000000020000334                spiRxdma
                0x0000000020000344                nss2
                0x000000002000034c                spi1
                0x0000000020000368                . = ALIGN (0x4)
                0x0000000020000368                _ebss = .
                0x0000000020000368                __bss_end__ = _ebss

._user_heap_stack
                0x0000000020000368      0x600 load address 0x00000000080021d0
                0x0000000020000368                . = ALIGN (0x8)
                [!provide]                        PROVIDE (end = .)
                0x0000000020000368                PROVIDE (_end = .)
                0x0000000020000568                . = (. + _Min_Heap_Size)
 *fill*         0x0000000020000368      0x200 
                0x0000000020000968                . = (. + _Min_Stack_Size)
 *fill*         0x0000000020000568      0x400 
                0x0000000020000968                . = ALIGN (0x8)

/DISCARD/
 libc.a(*)
 libm.a(*)
 libgcc.a(*)

.ARM.attributes
                0x0000000000000000       0x29
 *(.ARM.attributes)
 .ARM.attributes
                0x0000000000000000       0x1d c:/st/stm32cubeide_1.8.0/stm32cubeide/plugins/com.st.stm32cube.ide.mcu.externaltools.gnu-tools-for-stm32.9-2020-q2-update.win32_2.0.0.202105311346/tools/bin/../lib/gcc/arm-none-eabi/9.3.1/thumb/v7-m/nofp/crti.o
 .ARM.attributes
                0x000000000000001d       0x2d c:/st/stm32cubeide_1.8.0/stm32cubeide/plugins/com.st.stm32cube.ide.mcu.externaltools.gnu-tools-for-stm32.9-2020-q2-update.win32_2.0.0.202105311346/tools/bin/../lib/gcc/arm-none-eabi/9.3.1/thumb/v7-m/nofp/crtbegin.o
 .ARM.attributes
                0x000000000000004a       0x2d ./Src/CortexM3/Cortex_M3_Core.o
 .ARM.attributes
                0x0000000000000077       0x2d ./Src/CortexM3/SYSTICK_M3.o
 .ARM.attributes
                0x00000000000000a4       0x2d ./Src/Drivers/DMA/DMA.o
 .ARM.attributes
                0x00000000000000d1       0x2d ./Src/Drivers/ECU/ILI9341_GFX.o
 .ARM.attributes
                0x00000000000000fe       0x2d ./Src/Drivers/ECU/ILI9341_STM32_Driver.o
 .ARM.attributes
                0x000000000000012b       0x2d ./Src/Drivers/GPIO/GPIO.o
 .ARM.attributes
                0x0000000000000158       0x2d ./Src/Drivers/SPI/SPI.o
 .ARM.attributes
                0x0000000000000185       0x2d ./Src/Drivers/TIM/TIM.o
 .ARM.attributes
                0x00000000000001b2       0x2d ./Src/main.o
 .ARM.attributes
                0x00000000000001df       0x21 ./Startup/startup_stm32f103c6tx.o
 .ARM.attributes
                0x0000000000000200       0x2d c:/st/stm32cubeide_1.8.0/stm32cubeide/plugins/com.st.stm32cube.ide.mcu.externaltools.gnu-tools-for-stm32.9-2020-q2-update.win32_2.0.0.202105311346/tools/bin/../lib/gcc/arm-none-eabi/9.3.1/../../../../arm-none-eabi/lib/thumb/v7-m/nofp\libc_nano.a(lib_a-init.o)
 .ARM.attributes
                0x000000000000022d       0x1d c:/st/stm32cubeide_1.8.0/stm32cubeide/plugins/com.st.stm32cube.ide.mcu.externaltools.gnu-tools-for-stm32.9-2020-q2-update.win32_2.0.0.202105311346/tools/bin/../lib/gcc/arm-none-eabi/9.3.1/thumb/v7-m/nofp/crtn.o
OUTPUT(NVIC.elf elf32-littlearm)
LOAD linker stubs
LOAD c:/st/stm32cubeide_1.8.0/stm32cubeide/plugins/com.st.stm32cube.ide.mcu.externaltools.gnu-tools-for-stm32.9-2020-q2-update.win32_2.0.0.202105311346/tools/bin/../lib/gcc/arm-none-eabi/9.3.1/../../../../arm-none-eabi/lib/thumb/v7-m/nofp\libc.a
LOAD c:/st/stm32cubeide_1.8.0/stm32cubeide/plugins/com.st.stm32cube.ide.mcu.externaltools.gnu-tools-for-stm32.9-2020-q2-update.win32_2.0.0.202105311346/tools/bin/../lib/gcc/arm-none-eabi/9.3.1/../../../../arm-none-eabi/lib/thumb/v7-m/nofp\libm.a
LOAD c:/st/stm32cubeide_1.8.0/stm32cubeide/plugins/com.st.stm32cube.ide.mcu.externaltools.gnu-tools-for-stm32.9-2020-q2-update.win32_2.0.0.202105311346/tools/bin/../lib/gcc/arm-none-eabi/9.3.1/thumb/v7-m/nofp\libgcc.a

.debug_info     0x0000000000000000     0x4a50
 .debug_info    0x0000000000000000      0x3f2 ./Src/CortexM3/Cortex_M3_Core.o
 .debug_info    0x00000000000003f2      0x208 ./Src/CortexM3/SYSTICK_M3.o
 .debug_info    0x00000000000005fa      0x759 ./Src/Drivers/DMA/DMA.o
 .debug_info    0x0000000000000d53      0xdc7 ./Src/Drivers/ECU/ILI9341_GFX.o
 .debug_info    0x0000000000001b1a      0xe23 ./Src/Drivers/ECU/ILI9341_STM32_Driver.o
 .debug_info    0x000000000000293d      0x35f ./Src/Drivers/GPIO/GPIO.o
 .debug_info    0x0000000000002c9c      0x906 ./Src/Drivers/SPI/SPI.o
 .debug_info    0x00000000000035a2      0x46c ./Src/Drivers/TIM/TIM.o
 .debug_info    0x0000000000003a0e     0x1020 ./Src/main.o
 .debug_info    0x0000000000004a2e       0x22 ./Startup/startup_stm32f103c6tx.o

.debug_abbrev   0x0000000000000000      0xc9a
 .debug_abbrev  0x0000000000000000      0x10f ./Src/CortexM3/Cortex_M3_Core.o
 .debug_abbrev  0x000000000000010f      0x108 ./Src/CortexM3/SYSTICK_M3.o
 .debug_abbrev  0x0000000000000217      0x1a0 ./Src/Drivers/DMA/DMA.o
 .debug_abbrev  0x00000000000003b7      0x1a4 ./Src/Drivers/ECU/ILI9341_GFX.o
 .debug_abbrev  0x000000000000055b      0x1e0 ./Src/Drivers/ECU/ILI9341_STM32_Driver.o
 .debug_abbrev  0x000000000000073b       0xf8 ./Src/Drivers/GPIO/GPIO.o
 .debug_abbrev  0x0000000000000833      0x15b ./Src/Drivers/SPI/SPI.o
 .debug_abbrev  0x000000000000098e      0x13c ./Src/Drivers/TIM/TIM.o
 .debug_abbrev  0x0000000000000aca      0x1be ./Src/main.o
 .debug_abbrev  0x0000000000000c88       0x12 ./Startup/startup_stm32f103c6tx.o

.debug_aranges  0x0000000000000000      0x3c8
 .debug_aranges
                0x0000000000000000       0x48 ./Src/CortexM3/Cortex_M3_Core.o
 .debug_aranges
                0x0000000000000048       0x60 ./Src/CortexM3/SYSTICK_M3.o
 .debug_aranges
                0x00000000000000a8       0xd8 ./Src/Drivers/DMA/DMA.o
 .debug_aranges
                0x0000000000000180       0x48 ./Src/Drivers/ECU/ILI9341_GFX.o
 .debug_aranges
                0x00000000000001c8       0xa0 ./Src/Drivers/ECU/ILI9341_STM32_Driver.o
 .debug_aranges
                0x0000000000000268       0x38 ./Src/Drivers/GPIO/GPIO.o
 .debug_aranges
                0x00000000000002a0       0x40 ./Src/Drivers/SPI/SPI.o
 .debug_aranges
                0x00000000000002e0       0x68 ./Src/Drivers/TIM/TIM.o
 .debug_aranges
                0x0000000000000348       0x58 ./Src/main.o
 .debug_aranges
                0x00000000000003a0       0x28 ./Startup/startup_stm32f103c6tx.o

.debug_ranges   0x0000000000000000      0x330
 .debug_ranges  0x0000000000000000       0x38 ./Src/CortexM3/Cortex_M3_Core.o
 .debug_ranges  0x0000000000000038       0x50 ./Src/CortexM3/SYSTICK_M3.o
 .debug_ranges  0x0000000000000088       0xc8 ./Src/Drivers/DMA/DMA.o
 .debug_ranges  0x0000000000000150       0x38 ./Src/Drivers/ECU/ILI9341_GFX.o
 .debug_ranges  0x0000000000000188       0x90 ./Src/Drivers/ECU/ILI9341_STM32_Driver.o
 .debug_ranges  0x0000000000000218       0x28 ./Src/Drivers/GPIO/GPIO.o
 .debug_ranges  0x0000000000000240       0x30 ./Src/Drivers/SPI/SPI.o
 .debug_ranges  0x0000000000000270       0x58 ./Src/Drivers/TIM/TIM.o
 .debug_ranges  0x00000000000002c8       0x48 ./Src/main.o
 .debug_ranges  0x0000000000000310       0x20 ./Startup/startup_stm32f103c6tx.o

.debug_macro    0x0000000000000000     0x1912
 .debug_macro   0x0000000000000000       0x29 ./Src/CortexM3/Cortex_M3_Core.o
 .debug_macro   0x0000000000000029      0xaa2 ./Src/CortexM3/Cortex_M3_Core.o
 .debug_macro   0x0000000000000acb       0x3a ./Src/CortexM3/Cortex_M3_Core.o
 .debug_macro   0x0000000000000b05       0x16 ./Src/CortexM3/Cortex_M3_Core.o
 .debug_macro   0x0000000000000b1b       0x29 ./Src/CortexM3/SYSTICK_M3.o
 .debug_macro   0x0000000000000b44       0x40 ./Src/CortexM3/SYSTICK_M3.o
 .debug_macro   0x0000000000000b84       0x32 ./Src/Drivers/DMA/DMA.o
 .debug_macro   0x0000000000000bb6       0x22 ./Src/Drivers/DMA/DMA.o
 .debug_macro   0x0000000000000bd8       0x82 ./Src/Drivers/DMA/DMA.o
 .debug_macro   0x0000000000000c5a       0x65 ./Src/Drivers/ECU/ILI9341_GFX.o
 .debug_macro   0x0000000000000cbf       0xe8 ./Src/Drivers/ECU/ILI9341_GFX.o
 .debug_macro   0x0000000000000da7       0x46 ./Src/Drivers/ECU/ILI9341_GFX.o
 .debug_macro   0x0000000000000ded       0xc5 ./Src/Drivers/ECU/ILI9341_GFX.o
 .debug_macro   0x0000000000000eb2       0x16 ./Src/Drivers/ECU/ILI9341_GFX.o
 .debug_macro   0x0000000000000ec8       0x16 ./Src/Drivers/ECU/ILI9341_GFX.o
 .debug_macro   0x0000000000000ede       0x5c ./Src/Drivers/ECU/ILI9341_STM32_Driver.o
 .debug_macro   0x0000000000000f3a       0x46 ./Src/Drivers/ECU/ILI9341_STM32_Driver.o
 .debug_macro   0x0000000000000f80       0x32 ./Src/Drivers/GPIO/GPIO.o
 .debug_macro   0x0000000000000fb2       0x40 ./Src/Drivers/GPIO/GPIO.o
 .debug_macro   0x0000000000000ff2       0x41 ./Src/Drivers/SPI/SPI.o
 .debug_macro   0x0000000000001033       0x2c ./Src/Drivers/TIM/TIM.o
 .debug_macro   0x000000000000105f       0x70 ./Src/Drivers/TIM/TIM.o
 .debug_macro   0x00000000000010cf       0xd2 ./Src/main.o
 .debug_macro   0x00000000000011a1       0x22 ./Src/main.o
 .debug_macro   0x00000000000011c3       0x8e ./Src/main.o
 .debug_macro   0x0000000000001251       0x51 ./Src/main.o
 .debug_macro   0x00000000000012a2      0x103 ./Src/main.o
 .debug_macro   0x00000000000013a5       0x6a ./Src/main.o
 .debug_macro   0x000000000000140f      0x1df ./Src/main.o
 .debug_macro   0x00000000000015ee      0x1ae ./Src/main.o
 .debug_macro   0x000000000000179c       0x88 ./Src/main.o
 .debug_macro   0x0000000000001824       0xee ./Src/main.o

.debug_line     0x0000000000000000     0x2066
 .debug_line    0x0000000000000000      0x13f ./Src/CortexM3/Cortex_M3_Core.o
 .debug_line    0x000000000000013f      0x1aa ./Src/CortexM3/SYSTICK_M3.o
 .debug_line    0x00000000000002e9      0x3b8 ./Src/Drivers/DMA/DMA.o
 .debug_line    0x00000000000006a1      0x39a ./Src/Drivers/ECU/ILI9341_GFX.o
 .debug_line    0x0000000000000a3b      0x562 ./Src/Drivers/ECU/ILI9341_STM32_Driver.o
 .debug_line    0x0000000000000f9d      0x4dd ./Src/Drivers/GPIO/GPIO.o
 .debug_line    0x000000000000147a      0x2d9 ./Src/Drivers/SPI/SPI.o
 .debug_line    0x0000000000001753      0x23a ./Src/Drivers/TIM/TIM.o
 .debug_line    0x000000000000198d      0x655 ./Src/main.o
 .debug_line    0x0000000000001fe2       0x84 ./Startup/startup_stm32f103c6tx.o

.debug_str      0x0000000000000000     0x7088
 .debug_str     0x0000000000000000     0x3775 ./Src/CortexM3/Cortex_M3_Core.o
                                       0x37d2 (size before relaxing)
 .debug_str     0x0000000000003775      0x366 ./Src/CortexM3/SYSTICK_M3.o
                                       0x3247 (size before relaxing)
 .debug_str     0x0000000000003adb      0x819 ./Src/Drivers/DMA/DMA.o
                                       0x37ec (size before relaxing)
 .debug_str     0x00000000000042f4      0xda0 ./Src/Drivers/ECU/ILI9341_GFX.o
                                       0x4385 (size before relaxing)
 .debug_str     0x0000000000005094      0x25d ./Src/Drivers/ECU/ILI9341_STM32_Driver.o
                                       0x4639 (size before relaxing)
 .debug_str     0x00000000000052f1       0x6c ./Src/Drivers/GPIO/GPIO.o
                                       0x3393 (size before relaxing)
 .debug_str     0x000000000000535d       0x64 ./Src/Drivers/SPI/SPI.o
                                       0x3cab (size before relaxing)
 .debug_str     0x00000000000053c1      0x384 ./Src/Drivers/TIM/TIM.o
                                       0x3369 (size before relaxing)
 .debug_str     0x0000000000005745     0x1912 ./Src/main.o
                                       0x686b (size before relaxing)
 .debug_str     0x0000000000007057       0x31 ./Startup/startup_stm32f103c6tx.o
                                         0x56 (size before relaxing)

.comment        0x0000000000000000       0x53
 .comment       0x0000000000000000       0x53 ./Src/CortexM3/Cortex_M3_Core.o
                                         0x54 (size before relaxing)
 .comment       0x0000000000000053       0x54 ./Src/CortexM3/SYSTICK_M3.o
 .comment       0x0000000000000053       0x54 ./Src/Drivers/DMA/DMA.o
 .comment       0x0000000000000053       0x54 ./Src/Drivers/ECU/ILI9341_GFX.o
 .comment       0x0000000000000053       0x54 ./Src/Drivers/ECU/ILI9341_STM32_Driver.o
 .comment       0x0000000000000053       0x54 ./Src/Drivers/GPIO/GPIO.o
 .comment       0x0000000000000053       0x54 ./Src/Drivers/SPI/SPI.o
 .comment       0x0000000000000053       0x54 ./Src/Drivers/TIM/TIM.o
 .comment       0x0000000000000053       0x54 ./Src/main.o

.debug_frame    0x0000000000000000      0xd40
 .debug_frame   0x0000000000000000      0x100 ./Src/CortexM3/Cortex_M3_Core.o
 .debug_frame   0x0000000000000100      0x140 ./Src/CortexM3/SYSTICK_M3.o
 .debug_frame   0x0000000000000240      0x354 ./Src/Drivers/DMA/DMA.o
 .debug_frame   0x0000000000000594      0x100 ./Src/Drivers/ECU/ILI9341_GFX.o
 .debug_frame   0x0000000000000694      0x25c ./Src/Drivers/ECU/ILI9341_STM32_Driver.o
 .debug_frame   0x00000000000008f0       0xb0 ./Src/Drivers/GPIO/GPIO.o
 .debug_frame   0x00000000000009a0       0xd0 ./Src/Drivers/SPI/SPI.o
 .debug_frame   0x0000000000000a70      0x194 ./Src/Drivers/TIM/TIM.o
 .debug_frame   0x0000000000000c04      0x110 ./Src/main.o
 .debug_frame   0x0000000000000d14       0x2c c:/st/stm32cubeide_1.8.0/stm32cubeide/plugins/com.st.stm32cube.ide.mcu.externaltools.gnu-tools-for-stm32.9-2020-q2-update.win32_2.0.0.202105311346/tools/bin/../lib/gcc/arm-none-eabi/9.3.1/../../../../arm-none-eabi/lib/thumb/v7-m/nofp\libc_nano.a(lib_a-init.o)
