ILI9341_STM32_Driver.c:97:6:ILI9341_SPI_Init	8	static
ILI9341_STM32_Driver.c:176:6:ILI9341_SPI_Send	16	static
ILI9341_STM32_Driver.c:183:6:ILI9341_Write_Command	16	static
ILI9341_STM32_Driver.c:195:6:ILI9341_Write_Data	16	static
ILI9341_STM32_Driver.c:209:6:ILI9341_Set_Address	24	static
ILI9341_STM32_Driver.c:227:6:ILI9341_Reset	8	static
ILI9341_STM32_Driver.c:243:6:ILI9341_Set_Rotation	24	static
ILI9341_STM32_Driver.c:280:6:ILI9341_Enable	8	static
ILI9341_STM32_Driver.c:288:6:ILI9341_Init	8	static
ILI9341_STM32_Driver.c:429:6:ILI9341_Draw_Colour	24	static
ILI9341_STM32_Driver.c:446:6:ILI9341_Draw_Colour_Burst	64	dynamic
ILI9341_STM32_Driver.c:499:6:ILI9341_Fill_Screen	16	static
ILI9341_STM32_Driver.c:511:6:ILI9341_Draw_Pixel	32	static
ILI9341_STM32_Driver.c:595:6:ILI9341_Draw_Rectangle	24	static
ILI9341_STM32_Driver.c:611:6:ILI9341_Draw_Horizontal_Line	24	static
ILI9341_STM32_Driver.c:623:6:ILI9341_Draw_Vertical_Line	24	static
