ILI9341_STM32_Driver.c:97:6:ILI9341_SPI_Init	8	static
ILI9341_STM32_Driver.c:162:6:ILI9341_SPI_Send	16	static
ILI9341_STM32_Driver.c:169:6:ILI9341_Write_Command	16	static
ILI9341_STM32_Driver.c:181:6:ILI9341_Write_Data	16	static
ILI9341_STM32_Driver.c:195:6:ILI9341_Set_Address	24	static
ILI9341_STM32_Driver.c:213:6:ILI9341_Reset	8	static
ILI9341_STM32_Driver.c:229:6:ILI9341_Set_Rotation	24	static
ILI9341_STM32_Driver.c:266:6:ILI9341_Enable	8	static
ILI9341_STM32_Driver.c:274:6:ILI9341_Init	8	static
ILI9341_STM32_Driver.c:415:6:ILI9341_Draw_Colour	24	static
ILI9341_STM32_Driver.c:432:6:ILI9341_Draw_Colour_Burst	64	dynamic
ILI9341_STM32_Driver.c:481:6:ILI9341_Fill_Screen	16	static
ILI9341_STM32_Driver.c:493:6:ILI9341_Draw_Pixel	32	static
ILI9341_STM32_Driver.c:577:6:ILI9341_Draw_Rectangle	24	static
ILI9341_STM32_Driver.c:593:6:ILI9341_Draw_Horizontal_Line	24	static
ILI9341_STM32_Driver.c:605:6:ILI9341_Draw_Vertical_Line	24	static
