ILI9341_STM32_Driver.c:105:6:ILI9341_SPI_Init	8	static
ILI9341_STM32_Driver.c:198:6:ILI9341_StartBenchmark	8	static
ILI9341_STM32_Driver.c:208:6:ILI9341_StopBenchmark	16	static
ILI9341_STM32_Driver.c:216:6:ILI9341_TimerCallbackFn	4	static
ILI9341_STM32_Driver.c:222:6:ILI9341_SPI_DMACallbackFn	8	static
ILI9341_STM32_Driver.c:244:7:ILI9341_Return_TimeElapsed	16	static
ILI9341_STM32_Driver.c:253:6:ILI9341_SPI_Send	16	static
ILI9341_STM32_Driver.c:260:6:ILI9341_Write_Command	16	static
ILI9341_STM32_Driver.c:272:6:ILI9341_Write_Data	16	static
ILI9341_STM32_Driver.c:286:6:ILI9341_Set_Address	24	static
ILI9341_STM32_Driver.c:304:6:ILI9341_Reset	8	static
ILI9341_STM32_Driver.c:320:6:ILI9341_Set_Rotation	24	static
ILI9341_STM32_Driver.c:357:6:ILI9341_Enable	8	static
ILI9341_STM32_Driver.c:365:6:ILI9341_Init	8	static
ILI9341_STM32_Driver.c:506:6:ILI9341_Draw_Colour	24	static
ILI9341_STM32_Driver.c:523:6:ILI9341_Draw_Colour_Burst	40	static
ILI9341_STM32_Driver.c:583:6:ILI9341_Fill_Screen	16	static
ILI9341_STM32_Driver.c:595:6:ILI9341_Draw_Pixel	32	static
ILI9341_STM32_Driver.c:679:6:ILI9341_Draw_Rectangle	24	static
ILI9341_STM32_Driver.c:695:6:ILI9341_Draw_Horizontal_Line	24	static
ILI9341_STM32_Driver.c:707:6:ILI9341_Draw_Vertical_Line	24	static
