ILI9341_STM32_Driver.c:106:6:ILI9341_SPI_Init	8	static
ILI9341_STM32_Driver.c:198:5:ILI9341_Return_BenchmarkSize	16	static
ILI9341_STM32_Driver.c:205:6:ILI9341_StartBenchmark	8	static
ILI9341_STM32_Driver.c:215:6:ILI9341_StopBenchmark	16	static
ILI9341_STM32_Driver.c:223:6:ILI9341_TimerCallbackFn	4	static
ILI9341_STM32_Driver.c:229:6:ILI9341_SPI_DMACallbackFn	8	static
ILI9341_STM32_Driver.c:251:7:ILI9341_Return_TimeElapsed	16	static
ILI9341_STM32_Driver.c:260:6:ILI9341_SPI_Send	16	static
ILI9341_STM32_Driver.c:267:6:ILI9341_Write_Command	16	static
ILI9341_STM32_Driver.c:279:6:ILI9341_Write_Data	16	static
ILI9341_STM32_Driver.c:293:6:ILI9341_Set_Address	24	static
ILI9341_STM32_Driver.c:311:6:ILI9341_Reset	8	static
ILI9341_STM32_Driver.c:327:6:ILI9341_Set_Rotation	24	static
ILI9341_STM32_Driver.c:364:6:ILI9341_Enable	8	static
ILI9341_STM32_Driver.c:372:6:ILI9341_Init	8	static
ILI9341_STM32_Driver.c:513:6:ILI9341_Draw_Colour	24	static
ILI9341_STM32_Driver.c:530:6:ILI9341_Draw_Colour_Burst	32	static
ILI9341_STM32_Driver.c:591:6:ILI9341_Fill_Screen	16	static
ILI9341_STM32_Driver.c:603:6:ILI9341_Draw_Pixel	32	static
ILI9341_STM32_Driver.c:687:6:ILI9341_Draw_Rectangle	24	static
ILI9341_STM32_Driver.c:703:6:ILI9341_Draw_Horizontal_Line	24	static
ILI9341_STM32_Driver.c:715:6:ILI9341_Draw_Vertical_Line	24	static
