ILI9341_STM32_Driver.c:101:6:ILI9341_SPI_Init	8	static
ILI9341_STM32_Driver.c:181:6:ILI9341_SPI_DMACallbackFn	8	static
ILI9341_STM32_Driver.c:201:6:ILI9341_SPI_Send	16	static
ILI9341_STM32_Driver.c:208:6:ILI9341_Write_Command	16	static
ILI9341_STM32_Driver.c:220:6:ILI9341_Write_Data	16	static
ILI9341_STM32_Driver.c:234:6:ILI9341_Set_Address	24	static
ILI9341_STM32_Driver.c:252:6:ILI9341_Reset	8	static
ILI9341_STM32_Driver.c:268:6:ILI9341_Set_Rotation	24	static
ILI9341_STM32_Driver.c:305:6:ILI9341_Enable	8	static
ILI9341_STM32_Driver.c:313:6:ILI9341_Init	8	static
ILI9341_STM32_Driver.c:454:6:ILI9341_Draw_Colour	24	static
ILI9341_STM32_Driver.c:471:6:ILI9341_Draw_Colour_Burst	40	static
ILI9341_STM32_Driver.c:522:6:ILI9341_Fill_Screen	16	static
ILI9341_STM32_Driver.c:534:6:ILI9341_Draw_Pixel	32	static
ILI9341_STM32_Driver.c:618:6:ILI9341_Draw_Rectangle	24	static
ILI9341_STM32_Driver.c:634:6:ILI9341_Draw_Horizontal_Line	24	static
ILI9341_STM32_Driver.c:646:6:ILI9341_Draw_Vertical_Line	24	static
