DMA.c:22:12:DMA_Init	24	static
DMA.c:105:12:DMA_SetPeriphAddress	24	static
DMA.c:130:12:DMA_SetMemoryAddress	24	static
DMA.c:154:12:DMA_Start	24	static
DMA.c:174:12:DMA_Stop	24	static
DMA.c:195:12:DMA_SetDataCounter	24	static
DMA.c:211:12:DMA_Transfer	32	static
DMA.c:230:12:DMA_SetCallBackFn	24	static
DMA.c:262:6:DMA1_Channel1_IRQHandler	8	static
DMA.c:266:6:DMA1_Channel2_IRQHandler	8	static
DMA.c:270:6:DMA1_Channel3_IRQHandler	8	static
DMA.c:274:6:DMA1_Channel4_IRQHandler	4	static
DMA.c:278:6:DMA1_Channel5_IRQHandler	4	static
DMA.c:282:6:DMA1_Channel6_IRQHandler	4	static
DMA.c:286:6:DMA1_Channel7_IRQHandler	4	static
DMA.c:290:6:DMA2_Channel1_IRQHandler	4	static
DMA.c:294:6:DMA2_Channel2_IRQHandler	4	static
DMA.c:298:6:DMA2_Channel3_IRQHandler	4	static
DMA.c:302:6:DMA2_Channel4_IRQHandler	4	static
DMA.c:306:6:DMA2_Channel5_IRQHandler	4	static
DMA.c:310:6:DMA2_Channel6_IRQHandler	4	static
