DMA.c:22:12:DMA_Init	24	static
DMA.c:106:12:DMA_SetPeriphAddress	24	static
DMA.c:131:12:DMA_SetMemoryAddress	24	static
DMA.c:155:12:DMA_Start	24	static
DMA.c:175:12:DMA_Stop	24	static
DMA.c:196:12:DMA_SetDataCounter	24	static
DMA.c:212:12:DMA_Transfer	32	static
DMA.c:231:12:DMA_SetCallBackFn	24	static
DMA.c:263:6:DMA1_Channel1_IRQHandler	8	static
DMA.c:267:6:DMA1_Channel2_IRQHandler	8	static
DMA.c:271:6:DMA1_Channel3_IRQHandler	8	static
DMA.c:275:6:DMA1_Channel4_IRQHandler	4	static
DMA.c:279:6:DMA1_Channel5_IRQHandler	4	static
DMA.c:283:6:DMA1_Channel6_IRQHandler	4	static
DMA.c:287:6:DMA1_Channel7_IRQHandler	4	static
DMA.c:291:6:DMA2_Channel1_IRQHandler	4	static
DMA.c:295:6:DMA2_Channel2_IRQHandler	4	static
DMA.c:299:6:DMA2_Channel3_IRQHandler	4	static
DMA.c:303:6:DMA2_Channel4_IRQHandler	4	static
DMA.c:307:6:DMA2_Channel5_IRQHandler	4	static
DMA.c:311:6:DMA2_Channel6_IRQHandler	4	static
