DMA.c:22:12:DMA_Init	24	static
DMA.c:106:12:DMA_SetPeriphAddress	24	static
DMA.c:131:12:DMA_SetMemoryAddress	24	static
DMA.c:155:12:DMA_Start	24	static
DMA.c:175:12:DMA_Stop	24	static
DMA.c:196:12:DMA_SetDataCounter	24	static
DMA.c:212:12:DMA_Transfer	32	static
DMA.c:231:12:DMA_SetCallBackFn	24	static
DMA.c:262:12:DMA_InterruptEnable	24	static
DMA.c:275:12:DMA_InterruptDisable	24	static
DMA.c:288:12:DMA_ClearInterruptFlag	24	static
DMA.c:320:6:DMA1_Channel1_IRQHandler	8	static
DMA.c:324:6:DMA1_Channel2_IRQHandler	8	static
DMA.c:328:6:DMA1_Channel3_IRQHandler	8	static
DMA.c:333:6:DMA1_Channel4_IRQHandler	8	static
DMA.c:337:6:DMA1_Channel5_IRQHandler	4	static
DMA.c:341:6:DMA1_Channel6_IRQHandler	4	static
DMA.c:345:6:DMA1_Channel7_IRQHandler	4	static
DMA.c:349:6:DMA2_Channel1_IRQHandler	4	static
DMA.c:353:6:DMA2_Channel2_IRQHandler	4	static
DMA.c:357:6:DMA2_Channel3_IRQHandler	4	static
DMA.c:361:6:DMA2_Channel4_IRQHandler	4	static
DMA.c:365:6:DMA2_Channel5_IRQHandler	4	static
DMA.c:369:6:DMA2_Channel6_IRQHandler	4	static
